2026-05-30 20:02:25 | rebalancer           | INFO    | Rebalance on 2012-01-03: 15 buys (₹67,034), 0 sells (₹0), 0 holds, turnover=100.0%
2026-05-30 20:02:26 | rebalancer           | INFO    | Rebalance on 2012-02-01: 14 buys (₹45,673), 6 sells (₹29,869), 1 holds, turnover=85.5%
2026-05-30 20:02:27 | rebalancer           | INFO    | Rebalance on 2012-03-01: 11 buys (₹50,821), 8 sells (₹26,730), 0 holds, turnover=115.9%
2026-05-30 20:02:29 | rebalancer           | INFO    | Rebalance on 2012-04-02: 10 buys (₹31,884), 4 sells (₹9,894), 3 holds, turnover=70.0%
2026-05-30 20:02:30 | rebalancer           | INFO    | Rebalance on 2012-05-02: 11 buys (₹44,588), 3 sells (₹4,266), 2 holds, turnover=153.3%
2026-05-30 20:02:31 | rebalancer           | INFO    | Rebalance on 2012-06-01: 14 buys (₹29,378), 4 sells (₹20,705), 0 holds, turnover=141.9%
2026-05-30 20:02:33 | rebalancer           | INFO    | Rebalance on 2012-07-02: 15 buys (₹53,668), 6 sells (₹11,932), 0 holds, turnover=208.8%
2026-05-30 20:02:34 | rebalancer           | INFO    | Rebalance on 2012-08-01: 9 buys (₹35,405), 4 sells (₹3,264), 2 holds, turnover=104.2%
2026-05-30 20:02:36 | rebalancer           | INFO    | Rebalance on 2012-09-03: 12 buys (₹43,344), 2 sells (₹4,953), 2 holds, turnover=140.0%
2026-05-30 20:02:38 | rebalancer           | INFO    | Rebalance on 2012-10-01: 14 buys (₹88,027), 4 sells (₹18,055), 1 holds, turnover=212.4%
2026-05-30 20:02:40 | rebalancer           | INFO    | Rebalance on 2012-11-01: 10 buys (₹62,264), 5 sells (₹16,607), 1 holds, turnover=113.4%
2026-05-30 20:02:42 | rebalancer           | INFO    | Rebalance on 2012-12-03: 13 buys (₹83,747), 3 sells (₹18,306), 1 holds, turnover=214.9%
2026-05-30 20:02:44 | rebalancer           | INFO    | Rebalance on 2013-01-01: 8 buys (₹36,798), 8 sells (₹24,660), 0 holds, turnover=67.6%
2026-05-30 20:02:46 | rebalancer           | INFO    | Rebalance on 2013-02-01: 15 buys (₹99,857), 0 sells (₹0), 0 holds, turnover=952.7%
2026-05-30 20:02:49 | rebalancer           | INFO    | Rebalance on 2013-03-01: 12 buys (₹79,671), 3 sells (₹11,334), 1 holds, turnover=298.8%
2026-05-30 20:02:51 | rebalancer           | INFO    | Rebalance on 2013-04-01: 12 buys (₹65,936), 3 sells (₹2,863), 0 holds, turnover=217.8%
2026-05-30 20:02:54 | rebalancer           | INFO    | Rebalance on 2013-05-02: 11 buys (₹65,774), 5 sells (₹16,537), 1 holds, turnover=142.4%
2026-05-30 20:02:56 | rebalancer           | INFO    | Rebalance on 2013-06-03: 14 buys (₹79,870), 3 sells (₹13,841), 0 holds, turnover=257.1%
2026-05-30 20:02:59 | rebalancer           | INFO    | Rebalance on 2013-07-01: 12 buys (₹72,052), 2 sells (₹850), 1 holds, turnover=280.6%
2026-05-30 20:03:02 | rebalancer           | INFO    | Rebalance on 2013-08-01: 13 buys (₹25,840), 4 sells (₹24,053), 0 holds, turnover=96.7%
2026-05-30 20:03:05 | rebalancer           | INFO    | Rebalance on 2013-09-02: 13 buys (₹22,841), 2 sells (₹651), 0 holds, turnover=581.1%
2026-05-30 20:03:08 | rebalancer           | INFO    | Rebalance on 2013-10-01: 6 buys (₹6,585), 5 sells (₹4,879), 5 holds, turnover=26.3%
2026-05-30 20:03:11 | rebalancer           | INFO    | Rebalance on 2013-11-01: 15 buys (₹110,776), 3 sells (₹5,571), 0 holds, turnover=1988.5%
2026-05-30 20:03:14 | rebalancer           | INFO    | Rebalance on 2013-12-02: 8 buys (₹34,523), 10 sells (₹42,208), 0 holds, turnover=57.3%
2026-05-30 20:03:18 | rebalancer           | INFO    | Rebalance on 2014-01-01: 12 buys (₹49,271), 5 sells (₹14,458), 1 holds, turnover=158.7%
2026-05-30 20:03:21 | rebalancer           | INFO    | Rebalance on 2014-02-03: 15 buys (₹74,537), 1 sells (₹4,472), 0 holds, turnover=304.6%
2026-05-30 20:03:25 | rebalancer           | INFO    | Rebalance on 2014-03-03: 8 buys (₹37,664), 9 sells (₹23,634), 1 holds, turnover=62.8%
2026-05-30 20:03:29 | rebalancer           | INFO    | Rebalance on 2014-04-01: 15 buys (₹76,280), 2 sells (₹11,021), 0 holds, turnover=262.4%
2026-05-30 20:03:32 | rebalancer           | INFO    | Rebalance on 2014-05-02: 14 buys (₹85,208), 3 sells (₹19,535), 1 holds, turnover=199.7%
2026-05-30 20:03:36 | rebalancer           | INFO    | Rebalance on 2014-06-02: 14 buys (₹97,541), 1 sells (₹3,645), 0 holds, turnover=696.6%
2026-05-30 20:03:41 | rebalancer           | INFO    | Rebalance on 2014-07-01: 11 buys (₹63,850), 4 sells (₹19,104), 2 holds, turnover=96.5%
2026-05-30 20:03:45 | rebalancer           | INFO    | Rebalance on 2014-08-01: 14 buys (₹112,938), 1 sells (₹5,763), 1 holds, turnover=570.3%
2026-05-30 20:03:50 | rebalancer           | INFO    | Rebalance on 2014-09-01: 10 buys (₹77,959), 9 sells (₹41,978), 0 holds, turnover=91.1%
2026-05-30 20:03:54 | rebalancer           | INFO    | Rebalance on 2014-10-01: 13 buys (₹92,375), 0 sells (₹0), 2 holds, turnover=437.8%
2026-05-30 20:03:58 | rebalancer           | INFO    | Rebalance on 2014-11-03: 9 buys (₹57,652), 5 sells (₹10,407), 2 holds, turnover=96.8%
2026-05-30 20:04:03 | rebalancer           | INFO    | Rebalance on 2014-12-01: 14 buys (₹104,590), 2 sells (₹11,805), 1 holds, turnover=218.4%
2026-05-30 20:04:07 | rebalancer           | INFO    | Rebalance on 2015-01-01: 12 buys (₹53,533), 3 sells (₹15,837), 0 holds, turnover=196.4%
2026-05-30 20:04:12 | rebalancer           | INFO    | Rebalance on 2015-02-02: 13 buys (₹69,268), 2 sells (₹5,858), 0 holds, turnover=188.4%
2026-05-30 20:04:17 | rebalancer           | INFO    | Rebalance on 2015-03-02: 14 buys (₹89,881), 0 sells (₹0), 0 holds, turnover=876.5%
2026-05-30 20:04:22 | rebalancer           | INFO    | Rebalance on 2015-04-01: 9 buys (₹36,869), 6 sells (₹17,784), 0 holds, turnover=88.5%
2026-05-30 20:04:27 | rebalancer           | INFO    | Rebalance on 2015-05-04: 13 buys (₹39,017), 1 sells (₹1,431), 0 holds, turnover=1060.6%
2026-05-30 20:04:32 | rebalancer           | INFO    | Rebalance on 2015-06-01: 7 buys (₹15,184), 7 sells (₹7,799), 0 holds, turnover=73.6%
2026-05-30 20:04:38 | rebalancer           | INFO    | Rebalance on 2015-07-01: 7 buys (₹14,766), 4 sells (₹5,903), 3 holds, turnover=94.6%
2026-05-30 20:04:44 | rebalancer           | INFO    | Rebalance on 2015-08-03: 9 buys (₹19,097), 0 sells (₹0), 4 holds, turnover=234.2%
2026-05-30 20:04:49 | rebalancer           | INFO    | Rebalance on 2015-09-01: 10 buys (₹7,531), 1 sells (₹1,589), 0 holds, turnover=315.9%
2026-05-30 20:04:55 | rebalancer           | INFO    | Rebalance on 2015-10-01: 3 buys (₹2,204), 1 sells (₹484), 7 holds, turnover=36.4%
2026-05-30 20:05:01 | rebalancer           | INFO    | Rebalance on 2015-11-02: 11 buys (₹8,695), 0 sells (₹0), 2 holds, turnover=533.6%
2026-05-30 20:05:06 | rebalancer           | INFO    | Rebalance on 2015-12-01: 5 buys (₹3,905), 2 sells (₹2,385), 6 holds, turnover=54.9%
2026-05-30 20:05:12 | rebalancer           | INFO    | Rebalance on 2016-01-01: 11 buys (₹9,532), 1 sells (₹581), 0 holds, turnover=1639.7%
2026-05-30 20:05:18 | rebalancer           | INFO    | Rebalance on 2016-02-01: 11 buys (₹9,634), 0 sells (₹0), 0 holds, turnover=100.0%
2026-05-30 20:05:25 | rebalancer           | INFO    | Rebalance on 2016-03-01: 11 buys (₹8,006), 1 sells (₹274), 0 holds, turnover=731.1%
2026-05-30 20:05:31 | rebalancer           | INFO    | Rebalance on 2016-04-01: 2 buys (₹1,416), 1 sells (₹231), 9 holds, turnover=17.7%
2026-05-30 20:05:37 | rebalancer           | INFO    | Rebalance on 2016-05-02: 11 buys (₹8,577), 0 sells (₹0), 2 holds, turnover=579.7%
2026-05-30 20:05:44 | rebalancer           | INFO    | Rebalance on 2016-06-01: 13 buys (₹34,379), 2 sells (₹1,326), 0 holds, turnover=1114.8%
2026-05-30 20:05:50 | rebalancer           | INFO    | Rebalance on 2016-07-01: 6 buys (₹11,085), 7 sells (₹9,882), 0 holds, turnover=46.2%
2026-05-30 20:05:57 | rebalancer           | INFO    | Rebalance on 2016-08-01: 12 buys (₹30,485), 1 sells (₹218), 0 holds, turnover=250.1%
2026-05-30 20:06:04 | rebalancer           | INFO    | Rebalance on 2016-09-01: 7 buys (₹14,590), 5 sells (₹7,114), 0 holds, turnover=99.7%
2026-05-30 20:06:11 | rebalancer           | INFO    | Rebalance on 2016-10-03: 10 buys (₹17,364), 2 sells (₹3,457), 1 holds, turnover=221.3%
2026-05-30 20:06:18 | rebalancer           | INFO    | Rebalance on 2016-11-01: 10 buys (₹15,189), 2 sells (₹4,557), 2 holds, turnover=128.2%
2026-05-30 20:06:25 | rebalancer           | INFO    | Rebalance on 2016-12-01: 14 buys (₹35,763), 0 sells (₹0), 0 holds, turnover=1353.4%
2026-05-30 20:07:56 | rebalancer           | INFO    | Rebalance on 2012-01-06: 5 buys (₹69,105), 0 sells (₹0), 0 holds, turnover=100.0%
2026-05-30 20:07:57 | rebalancer           | INFO    | Rebalance on 2012-01-13: 5 buys (₹29,567), 4 sells (₹57,344), 0 holds, turnover=100.0%
2026-05-30 20:07:57 | rebalancer           | INFO    | Rebalance on 2012-01-20: 2 buys (₹8,878), 3 sells (₹11,066), 1 holds, turnover=34.4%
2026-05-30 20:07:58 | rebalancer           | INFO    | Rebalance on 2012-01-27: 4 buys (₹8,792), 2 sells (₹8,963), 0 holds, turnover=29.5%
2026-05-30 20:07:59 | rebalancer           | INFO    | Rebalance on 2012-02-03: 5 buys (₹69,901), 4 sells (₹24,420), 0 holds, turnover=286.2%
2026-05-30 20:08:00 | rebalancer           | INFO    | Rebalance on 2012-02-10: 5 buys (₹71,821), 5 sells (₹71,963), 0 holds, turnover=100.0%
2026-05-30 20:08:01 | rebalancer           | INFO    | Rebalance on 2012-02-17: 5 buys (₹68,169), 4 sells (₹55,411), 0 holds, turnover=123.0%
2026-05-30 20:08:02 | rebalancer           | INFO    | Rebalance on 2012-02-24: 5 buys (₹39,415), 3 sells (₹37,568), 0 holds, turnover=58.3%
2026-05-30 20:08:04 | rebalancer           | INFO    | Rebalance on 2012-03-02: 5 buys (₹67,587), 5 sells (₹69,251), 0 holds, turnover=100.0%
2026-05-30 20:08:05 | rebalancer           | INFO    | Rebalance on 2012-03-09: 4 buys (₹40,789), 3 sells (₹43,325), 1 holds, turnover=63.1%
2026-05-30 20:08:06 | rebalancer           | INFO    | Rebalance on 2012-03-16: 5 buys (₹47,235), 1 sells (₹15,846), 0 holds, turnover=68.8%
2026-05-30 20:08:07 | rebalancer           | INFO    | Rebalance on 2012-03-23: 2 buys (₹25,590), 5 sells (₹56,092), 0 holds, turnover=56.0%
2026-05-30 20:08:08 | rebalancer           | INFO    | Rebalance on 2012-03-30: 2 buys (₹29,252), 5 sells (₹31,483), 0 holds, turnover=43.3%
2026-05-30 20:08:09 | rebalancer           | INFO    | Rebalance on 2012-04-04: 5 buys (₹14,991), 1 sells (₹14,303), 0 holds, turnover=20.9%
2026-05-30 20:08:10 | rebalancer           | INFO    | Rebalance on 2012-04-13: 4 buys (₹56,444), 4 sells (₹41,797), 0 holds, turnover=99.2%
2026-05-30 20:08:12 | rebalancer           | INFO    | Rebalance on 2012-04-20: 4 buys (₹30,941), 2 sells (₹30,604), 1 holds, turnover=43.5%
2026-05-30 20:08:13 | rebalancer           | INFO    | Rebalance on 2012-04-27: 4 buys (₹42,222), 4 sells (₹42,143), 0 holds, turnover=60.0%
2026-05-30 20:08:14 | rebalancer           | INFO    | Rebalance on 2012-05-04: 4 buys (₹22,160), 4 sells (₹48,342), 0 holds, turnover=88.4%
2026-05-30 20:08:15 | rebalancer           | INFO    | Rebalance on 2012-05-11: 4 buys (₹24,103), 3 sells (₹17,453), 1 holds, turnover=110.2%
2026-05-30 20:08:17 | rebalancer           | INFO    | Rebalance on 2012-05-18: 4 buys (₹15,945), 2 sells (₹12,665), 1 holds, turnover=66.8%
2026-05-30 20:08:18 | rebalancer           | INFO    | Rebalance on 2012-05-25: 4 buys (₹18,284), 3 sells (₹17,621), 1 holds, turnover=68.1%
2026-05-30 20:08:19 | rebalancer           | INFO    | Rebalance on 2012-06-01: 5 buys (₹26,349), 4 sells (₹22,389), 0 holds, turnover=117.7%
2026-05-30 20:08:21 | rebalancer           | INFO    | Rebalance on 2012-06-08: 5 buys (₹17,449), 3 sells (₹16,080), 0 holds, turnover=63.9%
2026-05-30 20:08:22 | rebalancer           | INFO    | Rebalance on 2012-06-15: 5 buys (₹61,788), 3 sells (₹16,080), 0 holds, turnover=287.8%
2026-05-30 20:08:24 | rebalancer           | INFO    | Rebalance on 2012-06-22: 3 buys (₹14,455), 1 sells (₹14,591), 2 holds, turnover=21.6%
2026-05-30 20:08:25 | rebalancer           | INFO    | Rebalance on 2012-06-29: 4 buys (₹37,900), 3 sells (₹26,213), 0 holds, turnover=68.8%
2026-05-30 20:08:27 | rebalancer           | INFO    | Rebalance on 2012-07-06: 4 buys (₹53,585), 5 sells (₹52,569), 0 holds, turnover=81.7%
2026-05-30 20:08:28 | rebalancer           | INFO    | Rebalance on 2012-07-13: 4 buys (₹52,981), 4 sells (₹53,910), 1 holds, turnover=80.1%
2026-05-30 20:08:30 | rebalancer           | INFO    | Rebalance on 2012-07-20: 5 buys (₹54,508), 4 sells (₹53,699), 0 holds, turnover=81.3%
2026-05-30 20:08:31 | rebalancer           | INFO    | Rebalance on 2012-07-27: 4 buys (₹24,323), 4 sells (₹49,687), 0 holds, turnover=87.9%
2026-05-30 20:08:33 | rebalancer           | INFO    | Rebalance on 2012-08-03: 5 buys (₹60,035), 4 sells (₹25,307), 0 holds, turnover=187.0%
2026-05-30 20:08:35 | rebalancer           | INFO    | Rebalance on 2012-08-10: 4 buys (₹40,134), 3 sells (₹28,314), 0 holds, turnover=75.0%
2026-05-30 20:08:36 | rebalancer           | INFO    | Rebalance on 2012-08-17: 3 buys (₹10,806), 1 sells (₹12,452), 2 holds, turnover=18.8%
2026-05-30 20:08:38 | rebalancer           | INFO    | Rebalance on 2012-08-24: 5 buys (₹42,418), 1 sells (₹14,164), 0 holds, turnover=64.9%
2026-05-30 20:08:40 | rebalancer           | INFO    | Rebalance on 2012-08-31: 3 buys (₹41,228), 5 sells (₹69,134), 0 holds, turnover=74.2%
2026-05-30 20:08:42 | rebalancer           | INFO    | Rebalance on 2012-09-07: 4 buys (₹41,079), 3 sells (₹42,879), 1 holds, turnover=64.5%
2026-05-30 20:08:44 | rebalancer           | INFO    | Rebalance on 2012-09-14: 5 buys (₹52,536), 2 sells (₹20,871), 0 holds, turnover=80.2%
2026-05-30 20:08:46 | rebalancer           | INFO    | Rebalance on 2012-09-21: 3 buys (₹54,708), 3 sells (₹36,028), 1 holds, turnover=70.1%
2026-05-30 20:08:47 | rebalancer           | INFO    | Rebalance on 2012-09-28: 3 buys (₹38,851), 2 sells (₹38,969), 2 holds, turnover=38.4%
2026-05-30 20:08:49 | rebalancer           | INFO    | Rebalance on 2012-10-05: 5 buys (₹71,418), 2 sells (₹40,787), 0 holds, turnover=83.7%
2026-05-30 20:08:51 | rebalancer           | INFO    | Rebalance on 2012-10-12: 3 buys (₹48,996), 4 sells (₹51,334), 0 holds, turnover=49.9%
2026-05-30 20:08:53 | rebalancer           | INFO    | Rebalance on 2012-10-19: 2 buys (₹42,652), 5 sells (₹40,966), 0 holds, turnover=42.6%
2026-05-30 20:08:55 | rebalancer           | INFO    | Rebalance on 2012-10-25: 5 buys (₹60,678), 3 sells (₹64,180), 0 holds, turnover=62.7%
2026-05-30 20:08:57 | rebalancer           | INFO    | Rebalance on 2012-11-02: 2 buys (₹22,006), 2 sells (₹21,386), 2 holds, turnover=22.6%
2026-05-30 20:08:59 | rebalancer           | INFO    | Rebalance on 2012-11-09: 4 buys (₹59,733), 3 sells (₹61,566), 1 holds, turnover=61.9%
2026-05-30 20:09:01 | rebalancer           | INFO    | Rebalance on 2012-11-16: 5 buys (₹70,377), 1 sells (₹23,779), 0 holds, turnover=93.9%
2026-05-30 20:09:03 | rebalancer           | INFO    | Rebalance on 2012-11-23: 4 buys (₹71,700), 2 sells (₹35,231), 0 holds, turnover=116.9%
2026-05-30 20:09:05 | rebalancer           | INFO    | Rebalance on 2012-11-30: 3 buys (₹63,322), 5 sells (₹65,156), 0 holds, turnover=65.6%
2026-05-30 20:09:07 | rebalancer           | INFO    | Rebalance on 2012-12-07: 5 buys (₹84,509), 2 sells (₹41,799), 0 holds, turnover=112.2%
2026-05-30 20:09:09 | rebalancer           | INFO    | Rebalance on 2012-12-14: 2 buys (₹40,699), 5 sells (₹43,698), 0 holds, turnover=44.8%
2026-05-30 20:09:11 | rebalancer           | INFO    | Rebalance on 2012-12-21: 2 buys (₹41,388), 2 sells (₹41,314), 3 holds, turnover=43.8%
2026-05-30 20:09:13 | rebalancer           | INFO    | Rebalance on 2012-12-28: 4 buys (₹56,290), 5 sells (₹87,534), 0 holds, turnover=91.1%
2026-05-30 20:09:16 | rebalancer           | INFO    | Rebalance on 2013-01-04: 5 buys (₹86,770), 4 sells (₹57,225), 0 holds, turnover=131.6%
2026-05-30 20:09:18 | rebalancer           | INFO    | Rebalance on 2013-01-11: 4 buys (₹22,773), 2 sells (₹20,090), 0 holds, turnover=24.1%
2026-05-30 20:09:20 | rebalancer           | INFO    | Rebalance on 2013-01-18: 2 buys (₹40,766), 3 sells (₹40,903), 2 holds, turnover=40.9%
2026-05-30 20:09:22 | rebalancer           | INFO    | Rebalance on 2013-01-25: 5 buys (₹56,201), 1 sells (₹21,555), 0 holds, turnover=88.7%
2026-05-30 20:09:25 | rebalancer           | INFO    | Rebalance on 2013-02-01: 1 buys (₹22,105), 5 sells (₹20,575), 0 holds, turnover=21.7%
2026-05-30 20:09:27 | rebalancer           | INFO    | Rebalance on 2013-02-08: 2 buys (₹38,076), 4 sells (₹38,825), 1 holds, turnover=38.3%
2026-05-30 20:09:29 | rebalancer           | INFO    | Rebalance on 2013-02-15: 2 buys (₹19,628), 2 sells (₹1,634), 1 holds, turnover=24.6%
2026-05-30 20:09:32 | rebalancer           | INFO    | Rebalance on 2013-02-22: 4 buys (₹56,604), 5 sells (₹84,815), 0 holds, turnover=85.9%
2026-05-30 20:09:34 | rebalancer           | INFO    | Rebalance on 2013-03-01: 5 buys (₹69,122), 2 sells (₹29,984), 0 holds, turnover=118.2%
2026-05-30 20:09:36 | rebalancer           | INFO    | Rebalance on 2013-03-08: 3 buys (₹42,122), 3 sells (₹39,342), 1 holds, turnover=42.2%
2026-05-30 20:09:39 | rebalancer           | INFO    | Rebalance on 2013-03-15: 3 buys (₹61,907), 4 sells (₹62,160), 1 holds, turnover=60.6%
2026-05-30 20:09:41 | rebalancer           | INFO    | Rebalance on 2013-03-22: 4 buys (₹60,155), 3 sells (₹61,329), 1 holds, turnover=61.1%
2026-05-30 20:09:43 | rebalancer           | INFO    | Rebalance on 2013-03-28: 2 buys (₹20,623), 2 sells (₹19,741), 2 holds, turnover=20.5%
2026-05-30 20:09:46 | rebalancer           | INFO    | Rebalance on 2013-04-05: 5 buys (₹28,159), 2 sells (₹44,127), 0 holds, turnover=100.0%
2026-05-30 20:09:48 | rebalancer           | INFO    | Rebalance on 2013-04-12: 5 buys (₹22,872), 4 sells (₹22,438), 0 holds, turnover=79.8%
2026-05-30 20:09:51 | rebalancer           | INFO    | Rebalance on 2013-04-18: 5 buys (₹100,175), 5 sells (₹30,124), 0 holds, turnover=332.5%
2026-05-30 20:09:53 | rebalancer           | INFO    | Rebalance on 2013-04-26: 2 buys (₹38,126), 4 sells (₹38,259), 1 holds, turnover=38.7%
2026-05-30 20:09:56 | rebalancer           | INFO    | Rebalance on 2013-05-03: 4 buys (₹38,284), 2 sells (₹38,946), 1 holds, turnover=38.6%
2026-05-30 20:09:59 | rebalancer           | INFO    | Rebalance on 2013-05-10: 5 buys (₹100,394), 1 sells (₹17,490), 0 holds, turnover=169.3%
2026-05-30 20:10:01 | rebalancer           | INFO    | Rebalance on 2013-05-24: 5 buys (₹97,448), 2 sells (₹40,469), 0 holds, turnover=240.8%
2026-05-30 20:10:04 | rebalancer           | INFO    | Rebalance on 2013-05-31: 3 buys (₹57,340), 4 sells (₹58,702), 1 holds, turnover=59.3%
2026-05-30 20:10:06 | rebalancer           | INFO    | Rebalance on 2013-06-07: 5 buys (₹40,702), 2 sells (₹38,657), 0 holds, turnover=42.9%
2026-05-30 20:10:09 | rebalancer           | INFO    | Rebalance on 2013-06-14: 1 buys (₹21,165), 5 sells (₹21,216), 0 holds, turnover=22.3%
2026-05-30 20:10:12 | rebalancer           | INFO    | Rebalance on 2013-06-21: 4 buys (₹21,231), 3 sells (₹50,079), 0 holds, turnover=89.2%
2026-05-30 20:10:15 | rebalancer           | INFO    | Rebalance on 2013-06-28: 5 buys (₹89,669), 4 sells (₹20,900), 0 holds, turnover=429.0%
2026-05-30 20:10:17 | rebalancer           | INFO    | Rebalance on 2013-07-05: 2 buys (₹25,772), 5 sells (₹53,726), 0 holds, turnover=57.9%
2026-05-30 20:10:20 | rebalancer           | INFO    | Rebalance on 2013-07-12: 3 buys (₹40,208), 5 sells (₹40,845), 0 holds, turnover=61.5%
2026-05-30 20:10:23 | rebalancer           | INFO    | Rebalance on 2013-07-19: 5 buys (₹66,589), 4 sells (₹55,184), 0 holds, turnover=120.7%
2026-05-30 20:10:26 | rebalancer           | INFO    | Rebalance on 2013-07-26: 4 buys (₹37,196), 4 sells (₹37,818), 0 holds, turnover=57.7%
2026-05-30 20:10:29 | rebalancer           | INFO    | Rebalance on 2013-08-02: 4 buys (₹23,025), 4 sells (₹47,060), 0 holds, turnover=91.2%
2026-05-30 20:10:31 | rebalancer           | INFO    | Rebalance on 2013-08-08: 3 buys (₹17,418), 4 sells (₹17,693), 1 holds, turnover=65.1%
2026-05-30 20:10:34 | rebalancer           | INFO    | Rebalance on 2013-08-16: 2 buys (₹9,607), 2 sells (₹9,678), 3 holds, turnover=35.3%
2026-05-30 20:10:37 | rebalancer           | INFO    | Rebalance on 2013-08-23: 5 buys (₹23,183), 3 sells (₹17,636), 0 holds, turnover=107.7%
2026-05-30 20:10:40 | rebalancer           | INFO    | Rebalance on 2013-08-30: 2 buys (₹6,027), 1 sells (₹4,948), 3 holds, turnover=23.8%
2026-05-30 20:10:43 | rebalancer           | INFO    | Rebalance on 2013-09-06: 3 buys (₹10,799), 1 sells (₹5,727), 2 holds, turnover=50.0%
2026-05-30 20:10:46 | rebalancer           | INFO    | Rebalance on 2013-09-13: 5 buys (₹63,432), 5 sells (₹28,071), 0 holds, turnover=226.0%
2026-05-30 20:10:49 | rebalancer           | INFO    | Rebalance on 2013-09-20: 2 buys (₹26,357), 4 sells (₹27,421), 1 holds, turnover=42.6%
2026-05-30 20:10:52 | rebalancer           | INFO    | Rebalance on 2013-09-27: 5 buys (₹26,776), 5 sells (₹64,255), 0 holds, turnover=100.0%
2026-05-30 20:10:55 | rebalancer           | INFO    | Rebalance on 2013-10-04: 5 buys (₹63,496), 5 sells (₹26,839), 0 holds, turnover=236.6%
2026-05-30 20:10:58 | rebalancer           | INFO    | Rebalance on 2013-10-11: 2 buys (₹26,934), 4 sells (₹27,842), 1 holds, turnover=41.7%
2026-05-30 20:11:01 | rebalancer           | INFO    | Rebalance on 2013-10-18: 5 buys (₹51,535), 4 sells (₹52,212), 0 holds, turnover=79.3%
2026-05-30 20:11:04 | rebalancer           | INFO    | Rebalance on 2013-10-25: 5 buys (₹38,011), 3 sells (₹38,183), 0 holds, turnover=58.3%
2026-05-30 20:11:07 | rebalancer           | INFO    | Rebalance on 2013-11-01: 5 buys (₹77,558), 4 sells (₹50,754), 0 holds, turnover=117.8%
2026-05-30 20:11:10 | rebalancer           | INFO    | Rebalance on 2013-11-08: 4 buys (₹51,642), 5 sells (₹78,901), 0 holds, turnover=85.2%
2026-05-30 20:11:13 | rebalancer           | INFO    | Rebalance on 2013-11-14: 4 buys (₹37,510), 3 sells (₹38,094), 1 holds, turnover=58.7%
2026-05-30 20:11:17 | rebalancer           | INFO    | Rebalance on 2013-11-22: 4 buys (₹52,774), 4 sells (₹52,666), 1 holds, turnover=83.5%
2026-05-30 20:11:20 | rebalancer           | INFO    | Rebalance on 2013-11-29: 5 buys (₹61,327), 3 sells (₹39,444), 0 holds, turnover=122.8%
2026-05-30 20:11:23 | rebalancer           | INFO    | Rebalance on 2013-12-06: 4 buys (₹37,494), 3 sells (₹31,607), 0 holds, turnover=65.8%
2026-05-30 20:11:27 | rebalancer           | INFO    | Rebalance on 2013-12-13: 5 buys (₹62,592), 5 sells (₹61,796), 0 holds, turnover=101.3%
2026-05-30 20:11:30 | rebalancer           | INFO    | Rebalance on 2013-12-20: 4 buys (₹51,576), 5 sells (₹52,528), 0 holds, turnover=80.9%
2026-05-30 20:11:33 | rebalancer           | INFO    | Rebalance on 2013-12-27: 1 buys (₹443), 3 sells (₹1,362), 1 holds, turnover=2.1%
2026-05-30 20:11:36 | rebalancer           | INFO    | Rebalance on 2014-01-03: 5 buys (₹50,108), 4 sells (₹50,244), 0 holds, turnover=77.8%
2026-05-30 20:11:40 | rebalancer           | INFO    | Rebalance on 2014-01-10: 5 buys (₹45,731), 2 sells (₹24,818), 0 holds, turnover=91.5%
2026-05-30 20:11:43 | rebalancer           | INFO    | Rebalance on 2014-01-17: 3 buys (₹41,621), 3 sells (₹27,582), 1 holds, turnover=70.8%
2026-05-30 20:11:46 | rebalancer           | INFO    | Rebalance on 2014-01-24: 3 buys (₹38,814), 5 sells (₹49,270), 0 holds, turnover=67.8%
2026-05-30 20:11:50 | rebalancer           | INFO    | Rebalance on 2014-01-31: 4 buys (₹26,942), 2 sells (₹19,263), 0 holds, turnover=101.4%
2026-05-30 20:11:53 | rebalancer           | INFO    | Rebalance on 2014-02-07: 5 buys (₹28,500), 2 sells (₹12,538), 0 holds, turnover=104.4%
2026-05-30 20:11:57 | rebalancer           | INFO    | Rebalance on 2014-02-14: 5 buys (₹17,875), 1 sells (₹8,908), 0 holds, turnover=52.2%
2026-05-30 20:12:00 | rebalancer           | INFO    | Rebalance on 2014-02-21: 3 buys (₹10,914), 3 sells (₹11,283), 0 holds, turnover=25.6%
2026-05-30 20:12:03 | rebalancer           | INFO    | Rebalance on 2014-02-28: 5 buys (₹53,622), 1 sells (₹10,254), 0 holds, turnover=118.1%
2026-05-30 20:12:07 | rebalancer           | INFO    | Rebalance on 2014-03-07: 3 buys (₹32,119), 3 sells (₹31,276), 0 holds, turnover=63.2%
2026-05-30 20:12:10 | rebalancer           | INFO    | Rebalance on 2014-03-14: 3 buys (₹27,382), 4 sells (₹27,194), 0 holds, turnover=65.8%
2026-05-30 20:12:14 | rebalancer           | INFO    | Rebalance on 2014-03-21: 1 buys (₹9,356), 3 sells (₹9,301), 2 holds, turnover=22.2%
2026-05-30 20:12:17 | rebalancer           | INFO    | Rebalance on 2014-03-28: 4 buys (₹27,395), 4 sells (₹26,848), 0 holds, turnover=65.1%
2026-05-30 20:12:21 | rebalancer           | INFO    | Rebalance on 2014-04-04: 5 buys (₹24,857), 3 sells (₹25,575), 0 holds, turnover=59.7%
2026-05-30 20:12:25 | rebalancer           | INFO    | Rebalance on 2014-04-11: 2 buys (₹12,515), 5 sells (₹17,238), 0 holds, turnover=39.7%
2026-05-30 20:12:28 | rebalancer           | INFO    | Rebalance on 2014-04-17: 4 buys (₹32,925), 3 sells (₹21,856), 1 holds, turnover=106.2%
2026-05-30 20:12:32 | rebalancer           | INFO    | Rebalance on 2014-04-25: 1 buys (₹6,953), 2 sells (₹7,664), 3 holds, turnover=17.8%
2026-05-30 20:12:36 | rebalancer           | INFO    | Rebalance on 2014-05-02: 2 buys (₹14,535), 3 sells (₹9,746), 1 holds, turnover=41.0%
2026-05-30 20:12:40 | rebalancer           | INFO    | Rebalance on 2014-05-09: 5 buys (₹35,741), 3 sells (₹23,907), 0 holds, turnover=112.8%
2026-05-30 20:12:43 | rebalancer           | INFO    | Rebalance on 2014-05-16: 3 buys (₹22,114), 5 sells (₹26,991), 0 holds, turnover=59.9%
2026-05-30 20:12:47 | rebalancer           | INFO    | Rebalance on 2014-05-23: 5 buys (₹73,060), 3 sells (₹26,167), 0 holds, turnover=175.5%
2026-05-30 20:12:51 | rebalancer           | INFO    | Rebalance on 2014-05-30: 3 buys (₹31,035), 4 sells (₹49,849), 0 holds, turnover=71.3%
2026-05-30 20:12:55 | rebalancer           | INFO    | Rebalance on 2014-06-06: 3 buys (₹25,362), 5 sells (₹34,591), 0 holds, turnover=64.7%
2026-05-30 20:12:58 | rebalancer           | INFO    | Rebalance on 2014-06-13: 4 buys (₹37,699), 4 sells (₹24,988), 0 holds, turnover=110.3%
2026-05-30 20:13:02 | rebalancer           | INFO    | Rebalance on 2014-06-20: 5 buys (₹38,316), 3 sells (₹28,614), 0 holds, turnover=102.8%
2026-05-30 20:13:06 | rebalancer           | INFO    | Rebalance on 2014-06-27: 2 buys (₹19,569), 5 sells (₹26,143), 0 holds, turnover=53.1%
2026-05-30 20:13:10 | rebalancer           | INFO    | Rebalance on 2014-07-04: 5 buys (₹37,154), 4 sells (₹38,156), 0 holds, turnover=86.7%
2026-05-30 20:13:14 | rebalancer           | INFO    | Rebalance on 2014-07-11: 5 buys (₹54,263), 2 sells (₹15,133), 0 holds, turnover=358.6%
2026-05-30 20:13:18 | rebalancer           | INFO    | Rebalance on 2014-07-18: 5 buys (₹53,020), 2 sells (₹22,557), 0 holds, turnover=90.2%
2026-05-30 20:13:22 | rebalancer           | INFO    | Rebalance on 2014-07-25: 3 buys (₹20,419), 3 sells (₹20,918), 0 holds, turnover=22.9%
2026-05-30 20:13:26 | rebalancer           | INFO    | Rebalance on 2014-08-01: 3 buys (₹28,556), 4 sells (₹50,134), 0 holds, turnover=70.1%
2026-05-30 20:13:30 | rebalancer           | INFO    | Rebalance on 2014-08-08: 2 buys (₹17,550), 5 sells (₹26,244), 0 holds, turnover=53.3%
2026-05-30 20:13:34 | rebalancer           | INFO    | Rebalance on 2014-08-14: 4 buys (₹28,899), 4 sells (₹28,670), 0 holds, turnover=68.2%
2026-05-30 20:13:39 | rebalancer           | INFO    | Rebalance on 2014-08-22: 5 buys (₹54,613), 1 sells (₹9,606), 0 holds, turnover=124.1%
2026-05-30 20:13:43 | rebalancer           | INFO    | Rebalance on 2014-08-28: 3 buys (₹50,562), 4 sells (₹37,426), 0 holds, turnover=67.6%
2026-05-30 20:13:47 | rebalancer           | INFO    | Rebalance on 2014-09-05: 4 buys (₹69,469), 4 sells (₹70,695), 1 holds, turnover=79.4%
2026-05-30 20:13:51 | rebalancer           | INFO    | Rebalance on 2014-09-12: 3 buys (₹45,764), 4 sells (₹48,854), 1 holds, turnover=55.8%
2026-05-30 20:13:56 | rebalancer           | INFO    | Rebalance on 2014-09-19: 1 buys (₹9,722), 4 sells (₹34,811), 0 holds, turnover=53.5%
2026-05-30 20:14:00 | rebalancer           | INFO    | Rebalance on 2014-09-26: 1 buys (₹6,293), 1 sells (₹5,247), 4 holds, turnover=16.1%
2026-05-30 20:14:04 | rebalancer           | INFO    | Rebalance on 2014-10-01: 3 buys (₹23,616), 3 sells (₹14,693), 1 holds, turnover=72.5%
2026-05-30 20:14:08 | rebalancer           | INFO    | Rebalance on 2014-10-10: 3 buys (₹24,388), 2 sells (₹14,994), 2 holds, turnover=78.8%
2026-05-30 20:14:13 | rebalancer           | INFO    | Rebalance on 2014-10-17: 3 buys (₹16,593), 1 sells (₹6,782), 2 holds, turnover=51.6%
2026-05-30 20:14:17 | rebalancer           | INFO    | Rebalance on 2014-10-22: 2 buys (₹9,427), 5 sells (₹31,761), 0 holds, turnover=72.0%
2026-05-30 20:14:21 | rebalancer           | INFO    | Rebalance on 2014-10-31: 5 buys (₹31,538), 2 sells (₹13,284), 0 holds, turnover=137.8%
2026-05-30 20:14:26 | rebalancer           | INFO    | Rebalance on 2014-11-07: 1 buys (₹8,872), 0 sells (₹0), 4 holds, turnover=28.0%
2026-05-30 20:14:30 | rebalancer           | INFO    | Rebalance on 2014-11-14: 1 buys (₹507), 1 sells (₹201), 3 holds, turnover=1.2%
2026-05-30 20:14:34 | rebalancer           | INFO    | Rebalance on 2014-11-21: 2 buys (₹18,305), 3 sells (₹19,150), 2 holds, turnover=45.4%
2026-05-30 20:14:39 | rebalancer           | INFO    | Rebalance on 2014-11-28: 2 buys (₹16,777), 3 sells (₹15,496), 2 holds, turnover=40.3%
2026-05-30 20:14:44 | rebalancer           | INFO    | Rebalance on 2014-12-05: 5 buys (₹57,934), 1 sells (₹7,222), 0 holds, turnover=168.5%
2026-05-30 20:14:48 | rebalancer           | INFO    | Rebalance on 2014-12-12: 1 buys (₹5,928), 4 sells (₹36,531), 0 holds, turnover=50.6%
2026-05-30 20:14:53 | rebalancer           | INFO    | Rebalance on 2014-12-19: 4 buys (₹25,562), 2 sells (₹17,976), 1 holds, turnover=78.7%
2026-05-30 20:14:57 | rebalancer           | INFO    | Rebalance on 2014-12-26: 2 buys (₹16,906), 2 sells (₹15,932), 3 holds, turnover=41.3%
2026-05-30 20:15:02 | rebalancer           | INFO    | Rebalance on 2015-01-02: 3 buys (₹15,735), 4 sells (₹21,009), 0 holds, turnover=62.6%
2026-05-30 20:15:06 | rebalancer           | INFO    | Rebalance on 2015-01-09: 4 buys (₹12,278), 2 sells (₹11,001), 1 holds, turnover=43.3%
2026-05-30 20:15:11 | rebalancer           | INFO    | Rebalance on 2015-01-16: 2 buys (₹7,538), 4 sells (₹11,664), 1 holds, turnover=38.2%
2026-05-30 20:15:15 | rebalancer           | INFO    | Rebalance on 2015-01-23: 4 buys (₹15,689), 1 sells (₹3,273), 0 holds, turnover=74.6%
2026-05-30 20:15:20 | rebalancer           | INFO    | Rebalance on 2015-01-30: 1 buys (₹644), 1 sells (₹1,504), 2 holds, turnover=4.4%
2026-05-30 20:15:25 | rebalancer           | INFO    | Rebalance on 2015-02-06: 5 buys (₹35,589), 0 sells (₹0), 0 holds, turnover=406.5%
2026-05-30 20:15:29 | rebalancer           | INFO    | Rebalance on 2015-02-13: 2 buys (₹16,951), 2 sells (₹10,054), 2 holds, turnover=46.8%
2026-05-30 20:15:34 | rebalancer           | INFO    | Rebalance on 2015-02-20: 2 buys (₹16,294), 3 sells (₹17,359), 2 holds, turnover=40.3%
2026-05-30 20:15:39 | rebalancer           | INFO    | Rebalance on 2015-02-27: 2 buys (₹9,938), 4 sells (₹15,636), 0 holds, turnover=45.4%
2026-05-30 20:15:43 | rebalancer           | INFO    | Rebalance on 2015-03-05: 5 buys (₹32,152), 3 sells (₹17,702), 0 holds, turnover=109.5%
2026-05-30 20:15:48 | rebalancer           | INFO    | Rebalance on 2015-03-13: 4 buys (₹22,912), 4 sells (₹35,243), 0 holds, turnover=100.0%
2026-05-30 20:15:53 | rebalancer           | INFO    | Rebalance on 2015-03-20: 3 buys (₹18,433), 2 sells (₹12,047), 2 holds, turnover=81.8%
2026-05-30 20:15:58 | rebalancer           | INFO    | Rebalance on 2015-03-27: 4 buys (₹24,126), 4 sells (₹23,495), 1 holds, turnover=85.0%
2026-05-30 20:16:02 | rebalancer           | INFO    | Rebalance on 2015-04-01: 5 buys (₹28,977), 5 sells (₹30,074), 0 holds, turnover=100.0%
2026-05-30 20:16:07 | rebalancer           | INFO    | Rebalance on 2015-04-10: 3 buys (₹17,620), 4 sells (₹18,855), 1 holds, turnover=62.7%
2026-05-30 20:16:12 | rebalancer           | INFO    | Rebalance on 2015-04-17: 4 buys (₹18,714), 2 sells (₹11,497), 0 holds, turnover=108.7%
2026-05-30 20:16:17 | rebalancer           | INFO    | Rebalance on 2015-04-24: 5 buys (₹28,834), 3 sells (₹16,819), 0 holds, turnover=171.4%
2026-05-30 20:16:22 | rebalancer           | INFO    | Rebalance on 2015-04-30: 4 buys (₹8,774), 5 sells (₹25,572), 0 holds, turnover=90.8%
2026-05-30 20:16:26 | rebalancer           | INFO    | Rebalance on 2015-05-08: 5 buys (₹11,143), 5 sells (₹11,399), 0 holds, turnover=100.0%
2026-05-30 20:16:31 | rebalancer           | INFO    | Rebalance on 2015-05-15: 1 buys (₹311), 1 sells (₹320), 3 holds, turnover=2.8%
2026-05-30 20:16:36 | rebalancer           | INFO    | Rebalance on 2015-05-22: 5 buys (₹25,673), 5 sells (₹12,016), 0 holds, turnover=213.7%
2026-05-30 20:16:41 | rebalancer           | INFO    | Rebalance on 2015-05-29: 4 buys (₹16,236), 3 sells (₹16,791), 1 holds, turnover=64.3%
2026-05-30 20:16:46 | rebalancer           | INFO    | Rebalance on 2015-06-05: 4 buys (₹8,626), 4 sells (₹18,509), 0 holds, turnover=90.0%
2026-05-30 20:16:50 | rebalancer           | INFO    | Rebalance on 2015-06-12: 0 buys (₹0), 1 sells (₹1,133), 4 holds, turnover=10.8%
2026-05-30 20:16:55 | rebalancer           | INFO    | Rebalance on 2015-06-19: 3 buys (₹5,370), 2 sells (₹4,865), 2 holds, turnover=56.8%
2026-05-30 20:17:00 | rebalancer           | INFO    | Rebalance on 2015-06-26: 5 buys (₹24,880), 5 sells (₹10,118), 0 holds, turnover=245.9%
2026-05-30 20:17:05 | rebalancer           | INFO    | Rebalance on 2015-07-03: 2 buys (₹11,799), 4 sells (₹12,289), 1 holds, turnover=48.9%
2026-05-30 20:17:10 | rebalancer           | INFO    | Rebalance on 2015-07-10: 4 buys (₹7,821), 3 sells (₹13,191), 0 holds, turnover=100.0%
2026-05-30 20:17:15 | rebalancer           | INFO    | Rebalance on 2015-07-17: 5 buys (₹23,980), 4 sells (₹8,083), 0 holds, turnover=296.7%
2026-05-30 20:17:20 | rebalancer           | INFO    | Rebalance on 2015-07-24: 3 buys (₹10,674), 1 sells (₹5,904), 2 holds, turnover=52.9%
2026-05-30 20:17:25 | rebalancer           | INFO    | Rebalance on 2015-07-31: 5 buys (₹26,375), 0 sells (₹0), 0 holds, turnover=100.0%
2026-05-30 20:17:30 | rebalancer           | INFO    | Rebalance on 2015-08-07: 4 buys (₹18,848), 5 sells (₹23,321), 0 holds, turnover=84.7%
2026-05-30 20:17:36 | rebalancer           | INFO    | Rebalance on 2015-08-14: 3 buys (₹15,691), 1 sells (₹4,150), 2 holds, turnover=112.3%
2026-05-30 20:17:41 | rebalancer           | INFO    | Rebalance on 2015-08-21: 4 buys (₹7,599), 3 sells (₹15,463), 0 holds, turnover=100.0%
2026-05-30 20:17:46 | rebalancer           | INFO    | Rebalance on 2015-08-28: 5 buys (₹18,483), 2 sells (₹4,203), 0 holds, turnover=336.1%
2026-05-30 20:17:51 | rebalancer           | INFO    | Rebalance on 2015-09-04: 3 buys (₹5,334), 1 sells (₹4,948), 2 holds, turnover=28.0%
2026-05-30 20:17:57 | rebalancer           | INFO    | Rebalance on 2015-09-11: 3 buys (₹10,031), 3 sells (₹8,767), 1 holds, turnover=50.1%
2026-05-30 20:18:02 | rebalancer           | INFO    | Rebalance on 2015-09-18: 1 buys (₹4,941), 3 sells (₹6,230), 2 holds, turnover=27.8%
2026-05-30 20:18:07 | rebalancer           | INFO    | Rebalance on 2015-09-24: 2 buys (₹8,630), 3 sells (₹7,934), 2 holds, turnover=41.1%
2026-05-30 20:18:13 | rebalancer           | INFO    | Rebalance on 2015-10-01: 3 buys (₹8,526), 2 sells (₹8,774), 2 holds, turnover=40.0%
2026-05-30 20:18:18 | rebalancer           | INFO    | Rebalance on 2015-10-09: 1 buys (₹3,904), 3 sells (₹5,919), 2 holds, turnover=26.8%
2026-05-30 20:18:24 | rebalancer           | INFO    | Rebalance on 2015-10-16: 2 buys (₹5,440), 2 sells (₹4,568), 2 holds, turnover=26.0%
2026-05-30 20:18:29 | rebalancer           | INFO    | Rebalance on 2015-10-23: 2 buys (₹9,133), 2 sells (₹5,554), 2 holds, turnover=51.6%
2026-05-30 20:18:35 | rebalancer           | INFO    | Rebalance on 2015-10-30: 5 buys (₹20,737), 2 sells (₹7,504), 0 holds, turnover=276.3%
2026-05-30 20:18:40 | rebalancer           | INFO    | Rebalance on 2015-11-06: 2 buys (₹9,072), 3 sells (₹9,247), 2 holds, turnover=44.6%
2026-05-30 20:18:46 | rebalancer           | INFO    | Rebalance on 2015-11-13: 4 buys (₹14,403), 2 sells (₹7,740), 0 holds, turnover=114.5%
2026-05-30 20:18:52 | rebalancer           | INFO    | Rebalance on 2015-11-20: 5 buys (₹20,762), 3 sells (₹14,535), 0 holds, turnover=142.8%
2026-05-30 20:18:57 | rebalancer           | INFO    | Rebalance on 2015-11-27: 0 buys (₹0), 1 sells (₹460), 4 holds, turnover=2.2%
2026-05-30 20:19:03 | rebalancer           | INFO    | Rebalance on 2015-12-04: 3 buys (₹7,441), 0 sells (₹0), 2 holds, turnover=47.7%
2026-05-30 20:19:09 | rebalancer           | INFO    | Rebalance on 2015-12-11: 4 buys (₹16,675), 4 sells (₹16,036), 0 holds, turnover=83.2%
2026-05-30 20:19:14 | rebalancer           | INFO    | Rebalance on 2015-12-18: 4 buys (₹16,427), 4 sells (₹16,968), 1 holds, turnover=80.2%
2026-05-30 20:19:20 | rebalancer           | INFO    | Rebalance on 2015-12-24: 0 buys (₹0), 1 sells (₹440), 4 holds, turnover=2.1%
2026-05-30 20:19:26 | rebalancer           | INFO    | Rebalance on 2016-01-01: 2 buys (₹1,249), 1 sells (₹571), 2 holds, turnover=6.0%
2026-05-30 20:19:32 | rebalancer           | INFO    | Rebalance on 2016-01-08: 4 buys (₹16,181), 1 sells (₹4,838), 1 holds, turnover=181.7%
2026-05-30 20:19:38 | rebalancer           | INFO    | Rebalance on 2016-01-15: 3 buys (₹11,368), 0 sells (₹0), 2 holds, turnover=144.1%
2026-05-30 20:19:44 | rebalancer           | INFO    | Rebalance on 2016-01-22: 4 buys (₹15,677), 1 sells (₹4,028), 1 holds, turnover=193.8%
2026-05-30 20:19:49 | rebalancer           | INFO    | Rebalance on 2016-01-29: 1 buys (₹399), 0 sells (₹0), 4 holds, turnover=2.0%
2026-05-30 20:19:55 | rebalancer           | INFO    | Rebalance on 2016-02-05: 2 buys (₹8,917), 1 sells (₹4,200), 3 holds, turnover=56.9%
2026-05-30 20:20:01 | rebalancer           | INFO    | Rebalance on 2016-02-12: 1 buys (₹4,554), 1 sells (₹4,322), 4 holds, turnover=23.7%
2026-05-30 20:20:07 | rebalancer           | INFO    | Rebalance on 2016-02-19: 3 buys (₹10,869), 1 sells (₹4,733), 2 holds, turnover=83.1%
2026-05-30 20:20:13 | rebalancer           | INFO    | Rebalance on 2016-02-26: 0 buys (₹0), 0 sells (₹0), 5 holds, turnover=0.0%
2026-05-30 20:20:20 | rebalancer           | INFO    | Rebalance on 2016-03-04: 1 buys (₹4,060), 1 sells (₹427), 3 holds, turnover=26.6%
2026-05-30 20:20:26 | rebalancer           | INFO    | Rebalance on 2016-03-11: 1 buys (₹4,099), 0 sells (₹0), 4 holds, turnover=27.0%
2026-05-30 20:20:32 | rebalancer           | INFO    | Rebalance on 2016-03-18: 0 buys (₹0), 2 sells (₹655), 3 holds, turnover=3.3%
2026-05-30 20:20:38 | rebalancer           | INFO    | Rebalance on 2016-03-23: 1 buys (₹784), 1 sells (₹266), 3 holds, turnover=4.1%
2026-05-30 20:20:44 | rebalancer           | INFO    | Rebalance on 2016-04-01: 1 buys (₹231), 1 sells (₹366), 3 holds, turnover=1.8%
2026-05-30 20:20:50 | rebalancer           | INFO    | Rebalance on 2016-04-08: 2 buys (₹8,790), 3 sells (₹5,239), 1 holds, turnover=55.1%
2026-05-30 20:20:57 | rebalancer           | INFO    | Rebalance on 2016-04-13: 3 buys (₹8,320), 2 sells (₹9,058), 2 holds, turnover=45.5%
2026-05-30 20:21:03 | rebalancer           | INFO    | Rebalance on 2016-04-22: 5 buys (₹48,776), 3 sells (₹11,881), 0 holds, turnover=410.5%
2026-05-30 20:21:09 | rebalancer           | INFO    | Rebalance on 2016-04-29: 5 buys (₹21,020), 4 sells (₹37,931), 0 holds, turnover=100.0%
2026-05-30 20:21:16 | rebalancer           | INFO    | Rebalance on 2016-05-06: 3 buys (₹11,071), 4 sells (₹13,238), 1 holds, turnover=63.4%
2026-05-30 20:21:22 | rebalancer           | INFO    | Rebalance on 2016-05-13: 3 buys (₹8,274), 2 sells (₹7,740), 2 holds, turnover=44.9%
2026-05-30 20:21:28 | rebalancer           | INFO    | Rebalance on 2016-05-20: 2 buys (₹8,237), 2 sells (₹7,912), 3 holds, turnover=43.7%
2026-05-30 20:21:35 | rebalancer           | INFO    | Rebalance on 2016-05-27: 5 buys (₹47,566), 5 sells (₹19,919), 0 holds, turnover=238.8%
2026-05-30 20:21:41 | rebalancer           | INFO    | Rebalance on 2016-06-03: 5 buys (₹40,272), 2 sells (₹20,350), 0 holds, turnover=84.9%
2026-05-30 20:21:47 | rebalancer           | INFO    | Rebalance on 2016-06-10: 3 buys (₹18,603), 4 sells (₹37,940), 0 holds, turnover=74.2%
2026-05-30 20:21:54 | rebalancer           | INFO    | Rebalance on 2016-06-17: 2 buys (₹6,604), 5 sells (₹15,986), 0 holds, turnover=50.6%
2026-05-30 20:22:00 | rebalancer           | INFO    | Rebalance on 2016-06-24: 2 buys (₹3,226), 1 sells (₹3,523), 3 holds, turnover=16.0%
2026-05-30 20:22:07 | rebalancer           | INFO    | Rebalance on 2016-07-01: 2 buys (₹8,689), 5 sells (₹13,643), 0 holds, turnover=60.2%
2026-05-30 20:22:14 | rebalancer           | INFO    | Rebalance on 2016-07-08: 2 buys (₹8,626), 1 sells (₹4,632), 3 holds, turnover=48.8%
2026-05-30 20:22:21 | rebalancer           | INFO    | Rebalance on 2016-07-15: 3 buys (₹14,142), 5 sells (₹13,868), 0 holds, turnover=62.5%
2026-05-30 20:22:27 | rebalancer           | INFO    | Rebalance on 2016-07-22: 4 buys (₹17,395), 3 sells (₹14,063), 0 holds, turnover=75.6%
2026-05-30 20:22:34 | rebalancer           | INFO    | Rebalance on 2016-07-29: 5 buys (₹45,382), 1 sells (₹6,698), 0 holds, turnover=162.0%
2026-05-30 20:22:40 | rebalancer           | INFO    | Rebalance on 2016-08-05: 3 buys (₹40,055), 4 sells (₹41,411), 0 holds, turnover=73.0%
2026-05-30 20:22:47 | rebalancer           | INFO    | Rebalance on 2016-08-12: 2 buys (₹13,884), 3 sells (₹27,454), 0 holds, turnover=69.4%
2026-05-30 20:22:54 | rebalancer           | INFO    | Rebalance on 2016-08-19: 5 buys (₹47,170), 1 sells (₹6,751), 0 holds, turnover=174.3%
2026-05-30 20:23:01 | rebalancer           | INFO    | Rebalance on 2016-08-26: 0 buys (₹0), 4 sells (₹33,468), 0 holds, turnover=65.4%
2026-05-30 20:23:08 | rebalancer           | INFO    | Rebalance on 2016-09-02: 3 buys (₹12,228), 3 sells (₹12,955), 1 holds, turnover=72.3%
2026-05-30 20:23:14 | rebalancer           | INFO    | Rebalance on 2016-09-09: 4 buys (₹19,788), 3 sells (₹12,277), 0 holds, turnover=113.9%
2026-05-30 20:23:21 | rebalancer           | INFO    | Rebalance on 2016-09-16: 4 buys (₹16,608), 2 sells (₹11,419), 0 holds, turnover=145.4%
2026-05-30 20:23:28 | rebalancer           | INFO    | Rebalance on 2016-09-23: 5 buys (₹17,746), 3 sells (₹13,477), 0 holds, turnover=103.6%
2026-05-30 20:23:35 | rebalancer           | INFO    | Rebalance on 2016-09-30: 5 buys (₹19,778), 5 sells (₹20,561), 0 holds, turnover=100.0%
2026-05-30 20:23:42 | rebalancer           | INFO    | Rebalance on 2016-10-07: 5 buys (₹17,008), 4 sells (₹15,606), 0 holds, turnover=85.3%
2026-05-30 20:23:49 | rebalancer           | INFO    | Rebalance on 2016-10-14: 4 buys (₹15,877), 5 sells (₹17,636), 0 holds, turnover=83.6%
2026-05-30 20:23:56 | rebalancer           | INFO    | Rebalance on 2016-10-21: 4 buys (₹10,443), 4 sells (₹16,218), 0 holds, turnover=83.5%
2026-05-30 20:24:03 | rebalancer           | INFO    | Rebalance on 2016-10-28: 4 buys (₹13,114), 2 sells (₹6,280), 0 holds, turnover=144.2%
2026-05-30 20:24:10 | rebalancer           | INFO    | Rebalance on 2016-11-04: 5 buys (₹24,413), 2 sells (₹8,337), 0 holds, turnover=200.8%
2026-05-30 20:24:17 | rebalancer           | INFO    | Rebalance on 2016-11-11: 4 buys (₹17,603), 0 sells (₹0), 1 holds, turnover=144.9%
2026-05-30 20:24:24 | rebalancer           | INFO    | Rebalance on 2016-11-18: 4 buys (₹5,575), 0 sells (₹0), 0 holds, turnover=100.0%
2026-05-30 20:24:31 | rebalancer           | INFO    | Rebalance on 2016-11-25: 4 buys (₹5,842), 4 sells (₹5,525), 0 holds, turnover=105.7%
2026-05-30 20:24:38 | rebalancer           | INFO    | Rebalance on 2016-12-02: 1 buys (₹1,781), 0 sells (₹0), 4 holds, turnover=30.5%
2026-05-30 20:24:46 | rebalancer           | INFO    | Rebalance on 2016-12-09: 5 buys (₹26,606), 4 sells (₹6,002), 0 holds, turnover=338.5%
2026-05-30 20:24:53 | rebalancer           | INFO    | Rebalance on 2016-12-16: 4 buys (₹13,917), 5 sells (₹24,641), 0 holds, turnover=90.0%
2026-05-30 20:25:00 | rebalancer           | INFO    | Rebalance on 2016-12-23: 4 buys (₹12,690), 3 sells (₹10,142), 1 holds, turnover=92.8%
2026-05-30 20:25:07 | rebalancer           | INFO    | Rebalance on 2016-12-30: 4 buys (₹13,239), 5 sells (₹13,727), 0 holds, turnover=83.9%
2026-05-30 20:25:15 | rebalancer           | INFO    | Rebalance on 2017-01-06: 1 buys (₹2,450), 1 sells (₹2,733), 4 holds, turnover=16.8%
2026-05-30 20:25:22 | rebalancer           | INFO    | Rebalance on 2017-01-13: 5 buys (₹38,434), 5 sells (₹16,180), 0 holds, turnover=237.5%
2026-05-30 20:25:29 | rebalancer           | INFO    | Rebalance on 2017-01-20: 1 buys (₹8,272), 4 sells (₹8,253), 1 holds, turnover=21.3%
2026-05-30 20:25:36 | rebalancer           | INFO    | Rebalance on 2017-01-27: 5 buys (₹13,402), 2 sells (₹17,561), 0 holds, turnover=43.4%
2026-05-30 20:25:44 | rebalancer           | INFO    | Rebalance on 2017-02-03: 4 buys (₹23,477), 4 sells (₹20,771), 0 holds, turnover=65.0%
2026-05-30 20:25:51 | rebalancer           | INFO    | Rebalance on 2017-02-10: 4 buys (₹21,468), 4 sells (₹24,401), 0 holds, turnover=63.1%
2026-05-30 20:25:58 | rebalancer           | INFO    | Rebalance on 2017-02-17: 5 buys (₹30,620), 0 sells (₹0), 0 holds, turnover=137.7%
2026-05-30 20:26:06 | rebalancer           | INFO    | Rebalance on 2017-02-23: 5 buys (₹34,092), 3 sells (₹32,755), 0 holds, turnover=64.0%
2026-05-30 20:26:13 | rebalancer           | INFO    | Rebalance on 2017-03-03: 3 buys (₹30,094), 3 sells (₹21,680), 1 holds, turnover=71.0%
2026-05-30 20:26:20 | rebalancer           | INFO    | Rebalance on 2017-03-10: 2 buys (₹16,845), 2 sells (₹7,939), 2 holds, turnover=40.7%
2026-05-30 20:26:27 | rebalancer           | INFO    | Rebalance on 2017-03-17: 2 buys (₹12,887), 1 sells (₹11,538), 3 holds, turnover=24.5%
2026-05-30 20:26:34 | rebalancer           | INFO    | Rebalance on 2017-03-24: 2 buys (₹20,840), 2 sells (₹21,817), 3 holds, turnover=40.6%
2026-05-30 20:26:42 | rebalancer           | INFO    | Rebalance on 2017-03-31: 2 buys (₹22,575), 4 sells (₹11,953), 0 holds, turnover=52.9%
2026-05-30 20:26:49 | rebalancer           | INFO    | Rebalance on 2017-04-07: 2 buys (₹10,063), 2 sells (₹22,693), 2 holds, turnover=42.2%
2026-05-30 20:26:56 | rebalancer           | INFO    | Rebalance on 2017-04-13: 5 buys (₹41,328), 0 sells (₹0), 0 holds, turnover=203.2%
2026-05-30 20:27:03 | rebalancer           | INFO    | Rebalance on 2017-04-21: 3 buys (₹30,382), 3 sells (₹16,427), 0 holds, turnover=78.4%
2026-05-30 20:27:11 | rebalancer           | INFO    | Rebalance on 2017-04-28: 4 buys (₹18,755), 2 sells (₹18,598), 1 holds, turnover=34.6%
2026-05-30 20:27:18 | rebalancer           | INFO    | Rebalance on 2017-05-05: 3 buys (₹28,762), 5 sells (₹30,379), 0 holds, turnover=56.3%
2026-05-30 20:27:27 | rebalancer           | INFO    | Rebalance on 2017-05-12: 4 buys (₹23,511), 2 sells (₹21,670), 1 holds, turnover=44.0%
2026-05-30 20:27:34 | rebalancer           | INFO    | Rebalance on 2017-05-19: 3 buys (₹31,285), 5 sells (₹37,634), 0 holds, turnover=68.2%
2026-05-30 20:27:42 | rebalancer           | INFO    | Rebalance on 2017-05-26: 4 buys (₹32,614), 2 sells (₹22,733), 1 holds, turnover=83.9%
2026-05-30 20:27:50 | rebalancer           | INFO    | Rebalance on 2017-06-02: 2 buys (₹19,755), 3 sells (₹20,058), 2 holds, turnover=41.2%
2026-05-30 20:27:58 | rebalancer           | INFO    | Rebalance on 2017-06-09: 3 buys (₹13,061), 2 sells (₹13,435), 1 holds, turnover=27.3%
2026-05-30 20:28:05 | rebalancer           | INFO    | Rebalance on 2017-06-16: 1 buys (₹12,135), 4 sells (₹12,272), 1 holds, turnover=25.2%
2026-05-30 20:28:13 | rebalancer           | INFO    | Rebalance on 2017-06-23: 2 buys (₹23,279), 4 sells (₹21,723), 1 holds, turnover=48.3%
2026-05-30 20:28:21 | rebalancer           | INFO    | Rebalance on 2017-06-30: 4 buys (₹15,784), 1 sells (₹11,592), 1 holds, turnover=37.2%
2026-05-30 20:28:29 | rebalancer           | INFO    | Rebalance on 2017-07-07: 2 buys (₹7,815), 1 sells (₹8,073), 3 holds, turnover=17.0%
2026-05-30 20:28:37 | rebalancer           | INFO    | Rebalance on 2017-07-14: 2 buys (₹13,089), 1 sells (₹12,935), 3 holds, turnover=27.0%
2026-05-30 20:28:45 | rebalancer           | INFO    | Rebalance on 2017-07-21: 4 buys (₹24,523), 2 sells (₹23,606), 1 holds, turnover=49.5%
2026-05-30 20:28:53 | rebalancer           | INFO    | Rebalance on 2017-07-28: 3 buys (₹32,767), 3 sells (₹24,003), 1 holds, turnover=80.3%
2026-05-30 20:29:01 | rebalancer           | INFO    | Rebalance on 2017-08-04: 1 buys (₹9,584), 2 sells (₹10,176), 3 holds, turnover=20.1%
2026-05-30 20:29:09 | rebalancer           | INFO    | Rebalance on 2017-08-11: 4 buys (₹39,400), 2 sells (₹10,618), 0 holds, turnover=120.8%
2026-05-30 20:29:17 | rebalancer           | INFO    | Rebalance on 2017-08-18: 3 buys (₹21,330), 3 sells (₹26,267), 1 holds, turnover=47.5%
2026-05-30 20:29:25 | rebalancer           | INFO    | Rebalance on 2017-08-24: 3 buys (₹23,701), 2 sells (₹19,457), 2 holds, turnover=46.7%
2026-05-30 20:29:33 | rebalancer           | INFO    | Rebalance on 2017-09-01: 4 buys (₹28,928), 5 sells (₹47,552), 0 holds, turnover=86.0%
2026-05-30 20:29:42 | rebalancer           | INFO    | Rebalance on 2017-09-08: 3 buys (₹23,169), 4 sells (₹23,002), 1 holds, turnover=62.2%
2026-05-30 20:29:50 | rebalancer           | INFO    | Rebalance on 2017-09-15: 5 buys (₹31,718), 4 sells (₹33,095), 0 holds, turnover=86.7%
2026-05-30 20:29:58 | rebalancer           | INFO    | Rebalance on 2017-09-22: 5 buys (₹43,358), 4 sells (₹29,760), 0 holds, turnover=145.7%
2026-05-30 20:30:06 | rebalancer           | INFO    | Rebalance on 2017-09-29: 5 buys (₹23,955), 2 sells (₹17,290), 0 holds, turnover=55.3%
2026-05-30 20:30:14 | rebalancer           | INFO    | Rebalance on 2017-10-06: 3 buys (₹23,851), 5 sells (₹36,201), 0 holds, turnover=70.2%
2026-05-30 20:30:23 | rebalancer           | INFO    | Rebalance on 2017-10-13: 2 buys (₹18,792), 4 sells (₹18,788), 1 holds, turnover=46.9%
2026-05-30 20:30:31 | rebalancer           | INFO    | Rebalance on 2017-10-19: 3 buys (₹13,118), 2 sells (₹16,402), 2 holds, turnover=40.8%
2026-05-30 20:30:39 | rebalancer           | INFO    | Rebalance on 2017-10-27: 3 buys (₹24,036), 2 sells (₹7,549), 1 holds, turnover=109.6%
2026-05-30 20:30:48 | rebalancer           | INFO    | Rebalance on 2017-11-03: 4 buys (₹37,249), 3 sells (₹24,149), 1 holds, turnover=96.9%
2026-05-30 20:30:56 | rebalancer           | INFO    | Rebalance on 2017-11-10: 4 buys (₹31,388), 4 sells (₹40,195), 0 holds, turnover=100.0%
2026-05-30 20:31:04 | rebalancer           | INFO    | Rebalance on 2017-11-17: 5 buys (₹37,028), 4 sells (₹32,095), 0 holds, turnover=115.4%
2026-05-30 20:31:13 | rebalancer           | INFO    | Rebalance on 2017-11-24: 4 buys (₹30,861), 4 sells (₹29,678), 1 holds, turnover=82.2%
2026-05-30 20:31:21 | rebalancer           | INFO    | Rebalance on 2017-12-01: 5 buys (₹24,857), 3 sells (₹23,940), 0 holds, turnover=65.9%
2026-05-30 20:31:30 | rebalancer           | INFO    | Rebalance on 2017-12-08: 5 buys (₹28,523), 2 sells (₹14,461), 0 holds, turnover=124.7%
2026-05-30 20:31:39 | rebalancer           | INFO    | Rebalance on 2017-12-15: 5 buys (₹39,527), 3 sells (₹23,850), 0 holds, turnover=141.7%
2026-05-30 20:31:47 | rebalancer           | INFO    | Rebalance on 2017-12-22: 3 buys (₹26,311), 3 sells (₹32,174), 2 holds, turnover=72.2%
2026-05-30 20:31:56 | rebalancer           | INFO    | Rebalance on 2017-12-29: 2 buys (₹10,328), 4 sells (₹10,729), 0 holds, turnover=27.4%
2026-05-30 20:32:05 | rebalancer           | INFO    | Rebalance on 2018-01-05: 2 buys (₹10,339), 3 sells (₹11,271), 1 holds, turnover=27.9%
2026-05-30 20:32:13 | rebalancer           | INFO    | Rebalance on 2018-01-12: 3 buys (₹29,752), 5 sells (₹29,878), 0 holds, turnover=73.5%
2026-05-30 20:32:22 | rebalancer           | INFO    | Rebalance on 2018-01-19: 2 buys (₹13,490), 4 sells (₹17,294), 1 holds, turnover=42.8%
2026-05-30 20:32:31 | rebalancer           | INFO    | Rebalance on 2018-01-25: 5 buys (₹34,242), 2 sells (₹13,317), 0 holds, turnover=92.7%
2026-05-30 20:32:39 | rebalancer           | INFO    | Rebalance on 2018-02-02: 5 buys (₹71,857), 1 sells (₹6,137), 0 holds, turnover=348.1%
2026-05-30 20:32:48 | rebalancer           | INFO    | Rebalance on 2018-02-09: 5 buys (₹53,544), 3 sells (₹34,429), 0 holds, turnover=155.5%
2026-05-30 20:32:57 | rebalancer           | INFO    | Rebalance on 2018-02-16: 1 buys (₹13,023), 4 sells (₹13,935), 1 holds, turnover=25.8%
2026-05-30 20:33:06 | rebalancer           | INFO    | Rebalance on 2018-02-23: 2 buys (₹11,524), 2 sells (₹13,550), 2 holds, turnover=25.7%
2026-05-30 20:33:14 | rebalancer           | INFO    | Rebalance on 2018-03-01: 1 buys (₹11,554), 4 sells (₹10,721), 1 holds, turnover=22.8%
2026-05-30 20:33:23 | rebalancer           | INFO    | Rebalance on 2018-03-09: 4 buys (₹20,033), 1 sells (₹11,414), 1 holds, turnover=50.9%
2026-05-30 20:33:32 | rebalancer           | INFO    | Rebalance on 2018-03-16: 3 buys (₹27,856), 3 sells (₹26,106), 2 holds, turnover=57.7%
2026-05-30 20:33:41 | rebalancer           | INFO    | Rebalance on 2018-03-23: 5 buys (₹15,106), 5 sells (₹50,085), 0 holds, turnover=100.0%
2026-05-30 20:33:50 | rebalancer           | INFO    | Rebalance on 2018-03-28: 5 buys (₹14,130), 5 sells (₹15,398), 0 holds, turnover=100.0%
2026-05-30 20:33:59 | rebalancer           | INFO    | Rebalance on 2018-04-06: 5 buys (₹49,826), 5 sells (₹14,371), 0 holds, turnover=346.7%
2026-05-30 20:34:08 | rebalancer           | INFO    | Rebalance on 2018-04-13: 1 buys (₹6,099), 5 sells (₹22,539), 0 holds, turnover=44.2%
2026-05-30 20:34:17 | rebalancer           | INFO    | Rebalance on 2018-04-20: 4 buys (₹27,043), 5 sells (₹28,963), 0 holds, turnover=83.2%
2026-05-30 20:34:26 | rebalancer           | INFO    | Rebalance on 2018-04-27: 2 buys (₹11,697), 4 sells (₹19,573), 1 holds, turnover=59.3%
2026-05-30 20:34:35 | rebalancer           | INFO    | Rebalance on 2018-05-04: 4 buys (₹15,632), 2 sells (₹14,884), 0 holds, turnover=62.6%
2026-05-30 20:34:45 | rebalancer           | INFO    | Rebalance on 2018-05-11: 4 buys (₹26,406), 3 sells (₹18,881), 1 holds, turnover=102.8%
2026-05-30 20:34:54 | rebalancer           | INFO    | Rebalance on 2018-05-18: 5 buys (₹27,627), 2 sells (₹12,957), 0 holds, turnover=82.2%
2026-05-30 20:35:03 | rebalancer           | INFO    | Rebalance on 2018-05-25: 2 buys (₹14,791), 5 sells (₹29,543), 0 holds, turnover=60.6%
2026-05-30 20:35:12 | rebalancer           | INFO    | Rebalance on 2018-06-01: 4 buys (₹26,973), 5 sells (₹28,713), 0 holds, turnover=84.8%
2026-05-30 20:35:22 | rebalancer           | INFO    | Rebalance on 2018-06-08: 5 buys (₹28,621), 4 sells (₹26,976), 0 holds, turnover=88.9%
2026-05-30 20:35:31 | rebalancer           | INFO    | Rebalance on 2018-06-15: 3 buys (₹19,105), 5 sells (₹21,261), 0 holds, turnover=62.0%
2026-05-30 20:35:40 | rebalancer           | INFO    | Rebalance on 2018-06-22: 4 buys (₹19,597), 3 sells (₹18,107), 1 holds, turnover=61.4%
2026-05-30 20:35:49 | rebalancer           | INFO    | Rebalance on 2018-06-29: 4 buys (₹11,149), 3 sells (₹17,510), 0 holds, turnover=85.7%
2026-05-30 20:35:59 | rebalancer           | INFO    | Rebalance on 2018-07-06: 2 buys (₹2,049), 1 sells (₹3,020), 3 holds, turnover=21.1%
2026-05-30 20:36:08 | rebalancer           | INFO    | Rebalance on 2018-07-13: 3 buys (₹9,218), 3 sells (₹7,724), 2 holds, turnover=67.4%
2026-05-30 20:36:17 | rebalancer           | INFO    | Rebalance on 2018-07-20: 4 buys (₹14,582), 1 sells (₹3,011), 1 holds, turnover=166.8%
2026-05-30 20:36:27 | rebalancer           | INFO    | Rebalance on 2018-07-27: 3 buys (₹13,843), 3 sells (₹12,585), 2 holds, turnover=68.5%
2026-05-30 20:36:36 | rebalancer           | INFO    | Rebalance on 2018-08-03: 4 buys (₹18,377), 1 sells (₹4,187), 1 holds, turnover=154.6%
2026-05-30 20:36:46 | rebalancer           | INFO    | Rebalance on 2018-08-10: 2 buys (₹7,661), 2 sells (₹7,513), 2 holds, turnover=37.8%
2026-05-30 20:36:56 | rebalancer           | INFO    | Rebalance on 2018-08-17: 1 buys (₹4,282), 2 sells (₹3,726), 3 holds, turnover=20.6%
2026-05-30 20:37:05 | rebalancer           | INFO    | Rebalance on 2018-08-24: 1 buys (₹3,984), 1 sells (₹4,636), 4 holds, turnover=21.1%
2026-05-30 20:37:15 | rebalancer           | INFO    | Rebalance on 2018-08-31: 3 buys (₹14,213), 2 sells (₹6,894), 2 holds, turnover=84.9%
2026-05-30 20:37:24 | rebalancer           | INFO    | Rebalance on 2018-09-07: 3 buys (₹11,427), 2 sells (₹4,787), 1 holds, turnover=77.6%
2026-05-30 20:37:34 | rebalancer           | INFO    | Rebalance on 2018-09-14: 1 buys (₹2,715), 1 sells (₹4,338), 4 holds, turnover=20.4%
2026-05-30 20:37:43 | rebalancer           | INFO    | Rebalance on 2018-09-21: 4 buys (₹13,862), 0 sells (₹0), 1 holds, turnover=142.7%
2026-05-30 20:37:53 | rebalancer           | INFO    | Rebalance on 2018-09-28: 3 buys (₹11,100), 3 sells (₹4,887), 0 holds, turnover=83.7%
2026-05-30 20:38:03 | rebalancer           | INFO    | Rebalance on 2018-10-05: 5 buys (₹5,319), 3 sells (₹11,063), 0 holds, turnover=100.0%
2026-05-30 20:38:12 | rebalancer           | INFO    | Rebalance on 2018-10-12: 4 buys (₹4,526), 5 sells (₹5,425), 0 holds, turnover=100.0%
2026-05-30 20:38:22 | rebalancer           | INFO    | Rebalance on 2018-10-19: 4 buys (₹4,592), 4 sells (₹4,518), 0 holds, turnover=101.6%
2026-05-30 20:38:32 | rebalancer           | INFO    | Rebalance on 2018-10-26: 4 buys (₹4,144), 4 sells (₹4,419), 0 holds, turnover=100.0%
2026-05-30 20:38:41 | rebalancer           | INFO    | Rebalance on 2018-11-02: 5 buys (₹5,670), 4 sells (₹4,299), 0 holds, turnover=131.9%
2026-05-30 20:38:51 | rebalancer           | INFO    | Rebalance on 2018-11-09: 5 buys (₹5,686), 0 sells (₹0), 0 holds, turnover=100.0%
2026-05-30 20:39:01 | rebalancer           | INFO    | Rebalance on 2018-11-16: 0 buys (₹0), 0 sells (₹0), 5 holds, turnover=0.0%
2026-05-30 20:39:11 | rebalancer           | INFO    | Rebalance on 2018-11-22: 1 buys (₹1,371), 3 sells (₹2,377), 2 holds, turnover=40.6%
2026-05-30 20:39:21 | rebalancer           | INFO    | Rebalance on 2018-11-30: 5 buys (₹12,794), 3 sells (₹3,537), 0 holds, turnover=256.6%
2026-05-30 20:39:31 | rebalancer           | INFO    | Rebalance on 2018-12-07: 4 buys (₹9,771), 4 sells (₹12,734), 1 holds, turnover=88.5%
2026-05-30 20:39:41 | rebalancer           | INFO    | Rebalance on 2018-12-14: 5 buys (₹28,073), 4 sells (₹9,922), 0 holds, turnover=282.9%
2026-05-30 20:39:51 | rebalancer           | INFO    | Rebalance on 2018-12-21: 4 buys (₹8,623), 5 sells (₹25,208), 0 holds, turnover=90.5%
2026-05-30 20:40:01 | rebalancer           | INFO    | Rebalance on 2018-12-28: 5 buys (₹25,441), 4 sells (₹8,732), 0 holds, turnover=222.5%
2026-05-30 20:40:11 | rebalancer           | INFO    | Rebalance on 2019-01-04: 5 buys (₹11,930), 5 sells (₹27,654), 0 holds, turnover=100.0%
2026-05-30 20:40:21 | rebalancer           | INFO    | Rebalance on 2019-01-11: 1 buys (₹2,208), 1 sells (₹2,533), 4 holds, turnover=21.3%
2026-05-30 20:40:31 | rebalancer           | INFO    | Rebalance on 2019-01-18: 5 buys (₹26,369), 3 sells (₹7,176), 0 holds, turnover=286.4%
2026-05-30 20:40:41 | rebalancer           | INFO    | Rebalance on 2019-01-25: 5 buys (₹12,878), 4 sells (₹23,852), 0 holds, turnover=100.0%
2026-05-30 20:40:51 | rebalancer           | INFO    | Rebalance on 2019-02-01: 5 buys (₹25,517), 4 sells (₹10,778), 0 holds, turnover=236.8%
2026-05-30 20:41:01 | rebalancer           | INFO    | Rebalance on 2019-02-08: 5 buys (₹20,072), 2 sells (₹9,188), 0 holds, turnover=102.0%
2026-05-30 20:41:11 | rebalancer           | INFO    | Rebalance on 2019-02-22: 5 buys (₹7,481), 1 sells (₹5,925), 0 holds, turnover=126.3%
2026-05-30 20:41:21 | rebalancer           | INFO    | Rebalance on 2019-03-01: 5 buys (₹22,702), 4 sells (₹5,363), 0 holds, turnover=304.4%
2026-05-30 20:41:31 | rebalancer           | INFO    | Rebalance on 2019-03-08: 4 buys (₹8,790), 5 sells (₹22,388), 0 holds, turnover=90.4%
2026-05-30 20:41:42 | rebalancer           | INFO    | Rebalance on 2019-03-15: 5 buys (₹16,376), 5 sells (₹11,384), 0 holds, turnover=143.8%
2026-05-30 20:41:52 | rebalancer           | INFO    | Rebalance on 2019-03-22: 3 buys (₹9,492), 4 sells (₹9,974), 1 holds, turnover=61.2%
2026-05-30 20:42:02 | rebalancer           | INFO    | Rebalance on 2019-03-28: 1 buys (₹3,819), 1 sells (₹2,827), 4 holds, turnover=23.6%
2026-05-30 20:42:12 | rebalancer           | INFO    | Rebalance on 2019-04-05: 2 buys (₹6,228), 3 sells (₹7,190), 2 holds, turnover=41.4%
2026-05-30 20:42:23 | rebalancer           | INFO    | Rebalance on 2019-04-12: 3 buys (₹9,347), 3 sells (₹6,841), 1 holds, turnover=70.4%
2026-05-30 20:42:33 | rebalancer           | INFO    | Rebalance on 2019-04-18: 4 buys (₹13,090), 3 sells (₹9,373), 1 holds, turnover=101.4%
2026-05-30 20:42:44 | rebalancer           | INFO    | Rebalance on 2019-04-26: 4 buys (₹13,043), 4 sells (₹13,921), 1 holds, turnover=81.8%
2026-05-30 20:42:54 | rebalancer           | INFO    | Rebalance on 2019-05-03: 2 buys (₹3,855), 1 sells (₹3,040), 3 holds, turnover=23.9%
2026-05-30 20:43:04 | rebalancer           | INFO    | Rebalance on 2019-05-10: 4 buys (₹12,164), 2 sells (₹6,628), 1 holds, turnover=119.2%
2026-05-30 20:43:15 | rebalancer           | INFO    | Rebalance on 2019-05-17: 2 buys (₹6,872), 4 sells (₹6,879), 1 holds, turnover=41.5%
2026-05-30 20:43:26 | rebalancer           | INFO    | Rebalance on 2019-05-24: 1 buys (₹2,916), 3 sells (₹7,649), 2 holds, turnover=44.7%
2026-05-30 20:43:36 | rebalancer           | INFO    | Rebalance on 2019-05-31: 1 buys (₹3,752), 2 sells (₹3,200), 2 holds, turnover=30.3%
2026-05-30 20:43:47 | rebalancer           | INFO    | Rebalance on 2019-06-07: 3 buys (₹7,583), 2 sells (₹6,469), 1 holds, turnover=58.2%
2026-05-30 20:43:58 | rebalancer           | INFO    | Rebalance on 2019-06-14: 2 buys (₹7,039), 2 sells (₹3,774), 2 holds, turnover=49.8%
2026-05-30 20:44:08 | rebalancer           | INFO    | Rebalance on 2019-06-21: 2 buys (₹6,742), 1 sells (₹1,262), 2 holds, turnover=68.0%
2026-05-30 20:44:19 | rebalancer           | INFO    | Rebalance on 2019-06-28: 3 buys (₹6,680), 2 sells (₹6,822), 2 holds, turnover=43.5%
2026-05-30 20:44:29 | rebalancer           | INFO    | Rebalance on 2019-07-05: 4 buys (₹8,395), 4 sells (₹13,021), 1 holds, turnover=83.9%
2026-05-30 20:44:41 | rebalancer           | INFO    | Rebalance on 2019-07-12: 5 buys (₹17,176), 3 sells (₹5,808), 0 holds, turnover=295.8%
2026-05-30 20:44:52 | rebalancer           | INFO    | Rebalance on 2019-07-19: 1 buys (₹2,923), 1 sells (₹3,631), 4 holds, turnover=21.6%
2026-05-30 20:45:02 | rebalancer           | INFO    | Rebalance on 2019-07-26: 1 buys (₹3,142), 1 sells (₹532), 2 holds, turnover=31.4%
2026-05-30 20:45:14 | rebalancer           | INFO    | Rebalance on 2019-08-02: 3 buys (₹2,426), 4 sells (₹12,402), 0 holds, turnover=100.0%
2026-05-30 20:45:24 | rebalancer           | INFO    | Rebalance on 2019-08-09: 3 buys (₹2,267), 0 sells (₹0), 0 holds, turnover=100.0%
2026-05-30 20:45:35 | rebalancer           | INFO    | Rebalance on 2019-08-16: 0 buys (₹0), 2 sells (₹869), 1 holds, turnover=39.0%
2026-05-30 20:45:46 | rebalancer           | INFO    | Rebalance on 2019-08-23: 2 buys (₹1,771), 0 sells (₹0), 1 holds, turnover=267.9%
2026-05-30 20:45:57 | rebalancer           | INFO    | Rebalance on 2019-08-30: 1 buys (₹855), 2 sells (₹1,144), 1 holds, turnover=45.6%
2026-05-30 20:46:08 | rebalancer           | INFO    | Rebalance on 2019-09-06: 5 buys (₹7,519), 2 sells (₹1,530), 0 holds, turnover=336.9%
2026-05-30 20:46:19 | rebalancer           | INFO    | Rebalance on 2019-09-13: 0 buys (₹0), 1 sells (₹359), 4 holds, turnover=4.3%
2026-05-30 20:46:30 | rebalancer           | INFO    | Rebalance on 2019-09-20: 5 buys (₹20,154), 3 sells (₹4,750), 0 holds, turnover=318.1%
2026-05-30 20:46:41 | rebalancer           | INFO    | Rebalance on 2019-09-27: 4 buys (₹15,507), 3 sells (₹13,877), 1 holds, turnover=89.9%
2026-05-30 20:46:52 | rebalancer           | INFO    | Rebalance on 2019-10-04: 3 buys (₹4,866), 5 sells (₹15,617), 0 holds, turnover=83.8%
2026-05-30 20:47:04 | rebalancer           | INFO    | Rebalance on 2019-10-11: 5 buys (₹17,169), 4 sells (₹6,356), 0 holds, turnover=213.1%
2026-05-30 20:47:16 | rebalancer           | INFO    | Rebalance on 2019-10-18: 1 buys (₹3,827), 2 sells (₹4,824), 3 holds, turnover=24.8%
2026-05-30 20:47:27 | rebalancer           | INFO    | Rebalance on 2019-10-27: 4 buys (₹11,700), 3 sells (₹11,200), 1 holds, turnover=62.4%
2026-05-30 20:47:38 | rebalancer           | INFO    | Rebalance on 2019-11-01: 3 buys (₹11,415), 3 sells (₹10,415), 2 holds, turnover=59.4%
2026-05-30 20:47:50 | rebalancer           | INFO    | Rebalance on 2019-11-08: 5 buys (₹17,564), 3 sells (₹11,625), 0 holds, turnover=107.5%
2026-05-30 20:48:01 | rebalancer           | INFO    | Rebalance on 2019-11-15: 5 buys (₹28,395), 4 sells (₹16,957), 0 holds, turnover=167.5%
2026-05-30 20:48:12 | rebalancer           | INFO    | Rebalance on 2019-11-22: 5 buys (₹8,308), 1 sells (₹6,918), 0 holds, turnover=29.4%
2026-05-30 20:48:23 | rebalancer           | INFO    | Rebalance on 2019-11-29: 2 buys (₹11,203), 4 sells (₹11,921), 1 holds, turnover=39.9%
2026-05-30 20:48:34 | rebalancer           | INFO    | Rebalance on 2019-12-06: 2 buys (₹11,743), 1 sells (₹6,260), 3 holds, turnover=50.1%
2026-05-30 20:48:46 | rebalancer           | INFO    | Rebalance on 2019-12-13: 2 buys (₹7,264), 5 sells (₹16,455), 0 holds, turnover=55.6%
2026-05-30 20:48:57 | rebalancer           | INFO    | Rebalance on 2019-12-20: 5 buys (₹20,921), 3 sells (₹11,923), 0 holds, turnover=100.7%
2026-05-30 20:49:08 | rebalancer           | INFO    | Rebalance on 2019-12-27: 2 buys (₹10,896), 3 sells (₹6,237), 1 holds, turnover=46.5%
2026-05-30 20:49:20 | rebalancer           | INFO    | Rebalance on 2020-01-03: 3 buys (₹11,771), 5 sells (₹20,866), 0 holds, turnover=75.3%
2026-05-30 20:49:31 | rebalancer           | INFO    | Rebalance on 2020-01-10: 3 buys (₹8,207), 3 sells (₹11,887), 1 holds, turnover=63.4%
2026-05-30 20:49:43 | rebalancer           | INFO    | Rebalance on 2020-01-17: 5 buys (₹18,903), 3 sells (₹11,596), 0 holds, turnover=163.0%
2026-05-30 20:49:54 | rebalancer           | INFO    | Rebalance on 2020-01-24: 3 buys (₹12,766), 4 sells (₹13,347), 1 holds, turnover=69.5%
2026-05-30 20:50:06 | rebalancer           | INFO    | Rebalance on 2020-01-31: 3 buys (₹12,780), 3 sells (₹8,559), 0 holds, turnover=99.6%
2026-05-30 20:50:17 | rebalancer           | INFO    | Rebalance on 2020-02-07: 3 buys (₹10,853), 4 sells (₹13,438), 0 holds, turnover=76.6%
2026-05-30 20:50:29 | rebalancer           | INFO    | Rebalance on 2020-02-14: 2 buys (₹7,763), 2 sells (₹7,589), 2 holds, turnover=50.5%
2026-05-30 20:50:41 | rebalancer           | INFO    | Rebalance on 2020-02-20: 3 buys (₹11,708), 2 sells (₹7,648), 2 holds, turnover=75.7%
2026-05-30 20:50:52 | rebalancer           | INFO    | Rebalance on 2020-02-28: 5 buys (₹4,200), 1 sells (₹3,421), 0 holds, turnover=122.8%
2026-05-30 20:51:04 | rebalancer           | INFO    | Rebalance on 2020-03-06: 2 buys (₹1,272), 4 sells (₹2,557), 1 holds, turnover=60.0%
2026-05-30 20:51:16 | rebalancer           | INFO    | Rebalance on 2020-03-13: 3 buys (₹4,054), 0 sells (₹0), 0 holds, turnover=100.0%
2026-05-30 20:51:27 | rebalancer           | INFO    | Rebalance on 2020-03-20: 5 buys (₹7,008), 0 sells (₹0), 0 holds, turnover=100.0%
2026-05-30 20:51:37 | rebalancer           | INFO    | Rebalance on 2020-03-27: 3 buys (₹1,555), 0 sells (₹0), 0 holds, turnover=100.0%
2026-05-30 20:51:47 | rebalancer           | INFO    | Rebalance on 2020-04-03: 0 buys (₹0), 0 sells (₹0), 3 holds, turnover=0.0%
2026-05-30 20:51:56 | rebalancer           | INFO    | Rebalance on 2020-04-09: 1 buys (₹558), 1 sells (₹711), 2 holds, turnover=42.6%
2026-05-30 20:52:06 | rebalancer           | INFO    | Rebalance on 2020-04-17: 2 buys (₹1,183), 1 sells (₹576), 2 holds, turnover=75.0%
2026-05-30 20:52:17 | rebalancer           | INFO    | Rebalance on 2020-04-24: 4 buys (₹3,810), 2 sells (₹1,065), 0 holds, turnover=179.0%
2026-05-30 20:52:29 | rebalancer           | INFO    | Rebalance on 2020-04-30: 1 buys (₹886), 1 sells (₹1,019), 3 holds, turnover=19.5%
2026-05-30 20:52:41 | rebalancer           | INFO    | Rebalance on 2020-05-08: 1 buys (₹1,507), 0 sells (₹0), 4 holds, turnover=31.3%
2026-05-30 20:52:52 | rebalancer           | INFO    | Rebalance on 2020-05-15: 1 buys (₹1,099), 1 sells (₹1,483), 4 holds, turnover=22.8%
2026-05-30 20:53:04 | rebalancer           | INFO    | Rebalance on 2020-05-22: 2 buys (₹2,552), 1 sells (₹1,232), 3 holds, turnover=47.4%
2026-05-30 20:53:16 | rebalancer           | INFO    | Rebalance on 2020-05-29: 1 buys (₹1,572), 2 sells (₹1,990), 2 holds, turnover=35.7%
2026-05-30 20:53:29 | rebalancer           | INFO    | Rebalance on 2020-06-05: 1 buys (₹1,565), 1 sells (₹331), 3 holds, turnover=29.4%
2026-05-30 20:53:41 | rebalancer           | INFO    | Rebalance on 2020-06-12: 0 buys (₹0), 0 sells (₹0), 5 holds, turnover=0.0%
2026-05-30 20:53:53 | rebalancer           | INFO    | Rebalance on 2020-06-19: 1 buys (₹1,510), 0 sells (₹0), 4 holds, turnover=29.7%
2026-05-30 20:54:05 | rebalancer           | INFO    | Rebalance on 2020-06-26: 2 buys (₹2,824), 3 sells (₹4,021), 1 holds, turnover=75.1%
2026-05-30 20:54:17 | rebalancer           | INFO    | Rebalance on 2020-07-03: 1 buys (₹755), 1 sells (₹1,360), 2 holds, turnover=32.4%
2026-05-30 20:54:29 | rebalancer           | INFO    | Rebalance on 2020-07-10: 2 buys (₹2,258), 1 sells (₹752), 2 holds, turnover=64.8%
2026-05-30 20:54:42 | rebalancer           | INFO    | Rebalance on 2020-07-17: 5 buys (₹15,397), 2 sells (₹2,340), 0 holds, turnover=658.0%
2026-05-30 20:54:54 | rebalancer           | INFO    | Rebalance on 2020-07-24: 1 buys (₹3,065), 3 sells (₹7,106), 2 holds, turnover=44.8%
2026-05-30 20:55:07 | rebalancer           | INFO    | Rebalance on 2020-07-31: 4 buys (₹10,379), 3 sells (₹6,776), 0 holds, turnover=85.1%
2026-05-30 20:55:19 | rebalancer           | INFO    | Rebalance on 2020-08-07: 3 buys (₹9,198), 4 sells (₹10,083), 1 holds, turnover=60.7%
2026-05-30 20:55:31 | rebalancer           | INFO    | Rebalance on 2020-08-14: 4 buys (₹12,779), 3 sells (₹9,642), 1 holds, turnover=93.9%
2026-05-30 20:55:44 | rebalancer           | INFO    | Rebalance on 2020-08-21: 4 buys (₹18,239), 4 sells (₹14,936), 1 holds, turnover=107.3%
2026-05-30 20:55:57 | rebalancer           | INFO    | Rebalance on 2020-08-28: 3 buys (₹13,141), 3 sells (₹10,662), 2 holds, turnover=64.4%
2026-05-30 20:56:09 | rebalancer           | INFO    | Rebalance on 2020-09-11: 4 buys (₹12,637), 4 sells (₹15,423), 0 holds, turnover=83.0%
2026-05-30 20:56:21 | rebalancer           | INFO    | Rebalance on 2020-09-18: 3 buys (₹9,850), 5 sells (₹16,353), 0 holds, turnover=100.0%
2026-05-30 20:56:34 | rebalancer           | INFO    | Rebalance on 2020-10-01: 5 buys (₹14,836), 1 sells (₹2,972), 0 holds, turnover=499.1%
2026-05-30 20:56:46 | rebalancer           | INFO    | Rebalance on 2020-10-09: 3 buys (₹9,133), 4 sells (₹8,645), 1 holds, turnover=60.7%
2026-05-30 20:56:59 | rebalancer           | INFO    | Rebalance on 2020-10-16: 4 buys (₹10,248), 2 sells (₹6,200), 1 holds, turnover=64.8%
2026-05-30 20:57:11 | rebalancer           | INFO    | Rebalance on 2020-10-23: 4 buys (₹11,727), 2 sells (₹7,768), 1 holds, turnover=69.1%
2026-05-30 20:57:24 | rebalancer           | INFO    | Rebalance on 2020-10-30: 4 buys (₹13,005), 4 sells (₹13,181), 0 holds, turnover=82.3%
2026-05-30 20:57:37 | rebalancer           | INFO    | Rebalance on 2020-11-06: 4 buys (₹11,868), 5 sells (₹13,807), 0 holds, turnover=82.5%
2026-05-30 20:57:49 | rebalancer           | INFO    | Rebalance on 2020-11-14: 4 buys (₹8,912), 1 sells (₹3,526), 1 holds, turnover=58.3%
2026-05-30 20:58:02 | rebalancer           | INFO    | Rebalance on 2020-11-20: 2 buys (₹8,985), 3 sells (₹10,191), 2 holds, turnover=49.2%
2026-05-30 20:58:15 | rebalancer           | INFO    | Rebalance on 2020-11-27: 2 buys (₹8,860), 3 sells (₹9,708), 2 holds, turnover=49.2%
2026-05-30 20:58:28 | rebalancer           | INFO    | Rebalance on 2020-12-04: 2 buys (₹8,553), 2 sells (₹6,617), 3 holds, turnover=43.4%
2026-05-30 20:58:40 | rebalancer           | INFO    | Rebalance on 2020-12-11: 1 buys (₹4,349), 2 sells (₹5,850), 3 holds, turnover=26.6%
2026-05-30 20:58:53 | rebalancer           | INFO    | Rebalance on 2020-12-18: 3 buys (₹13,693), 3 sells (₹12,897), 2 holds, turnover=65.8%
2026-05-30 20:59:06 | rebalancer           | INFO    | Rebalance on 2021-01-01: 1 buys (₹4,427), 1 sells (₹4,556), 4 holds, turnover=20.3%
2026-05-30 20:59:19 | rebalancer           | INFO    | Rebalance on 2021-01-08: 3 buys (₹11,700), 3 sells (₹10,146), 1 holds, turnover=59.9%
2026-05-30 20:59:32 | rebalancer           | INFO    | Rebalance on 2021-01-15: 5 buys (₹25,426), 1 sells (₹5,172), 0 holds, turnover=256.6%
2026-05-30 20:59:45 | rebalancer           | INFO    | Rebalance on 2021-01-22: 3 buys (₹10,128), 2 sells (₹8,294), 1 holds, turnover=58.0%
2026-05-30 20:59:58 | rebalancer           | INFO    | Rebalance on 2021-01-29: 5 buys (₹33,463), 2 sells (₹6,066), 0 holds, turnover=551.6%
2026-05-30 21:00:11 | rebalancer           | INFO    | Rebalance on 2021-02-05: 4 buys (₹16,743), 4 sells (₹18,656), 0 holds, turnover=79.6%
2026-05-30 21:00:24 | rebalancer           | INFO    | Rebalance on 2021-02-12: 4 buys (₹14,982), 4 sells (₹14,070), 0 holds, turnover=67.2%
2026-05-30 21:00:37 | rebalancer           | INFO    | Rebalance on 2021-02-19: 2 buys (₹6,106), 3 sells (₹6,578), 1 holds, turnover=28.0%
2026-05-30 21:00:50 | rebalancer           | INFO    | Rebalance on 2021-02-26: 2 buys (₹9,078), 2 sells (₹9,243), 3 holds, turnover=40.5%
2026-05-30 21:01:03 | rebalancer           | INFO    | Rebalance on 2021-03-05: 2 buys (₹6,536), 5 sells (₹15,232), 0 holds, turnover=63.4%
2026-05-30 21:01:17 | rebalancer           | INFO    | Rebalance on 2021-03-12: 2 buys (₹6,677), 2 sells (₹6,670), 3 holds, turnover=42.6%
2026-05-30 21:01:30 | rebalancer           | INFO    | Rebalance on 2021-03-19: 5 buys (₹15,210), 5 sells (₹15,881), 0 holds, turnover=100.0%
2026-05-30 21:01:43 | rebalancer           | INFO    | Rebalance on 2021-03-26: 5 buys (₹19,807), 4 sells (₹12,439), 0 holds, turnover=130.6%
2026-05-30 21:01:57 | rebalancer           | INFO    | Rebalance on 2021-04-01: 4 buys (₹11,421), 3 sells (₹10,352), 0 holds, turnover=47.1%
2026-05-30 21:02:10 | rebalancer           | INFO    | Rebalance on 2021-04-09: 2 buys (₹5,145), 2 sells (₹5,699), 2 holds, turnover=21.0%
2026-05-30 21:02:23 | rebalancer           | INFO    | Rebalance on 2021-04-23: 3 buys (₹13,689), 2 sells (₹939), 0 holds, turnover=120.0%
2026-05-30 21:02:37 | rebalancer           | INFO    | Rebalance on 2021-04-30: 2 buys (₹1,508), 1 sells (₹680), 2 holds, turnover=5.8%
2026-05-30 21:02:50 | rebalancer           | INFO    | Rebalance on 2021-05-07: 1 buys (₹4,200), 5 sells (₹14,137), 0 holds, turnover=48.0%
2026-05-30 21:03:04 | rebalancer           | INFO    | Rebalance on 2021-05-14: 5 buys (₹23,935), 2 sells (₹6,743), 0 holds, turnover=355.0%
2026-05-30 21:03:17 | rebalancer           | INFO    | Rebalance on 2021-05-21: 4 buys (₹14,623), 4 sells (₹21,204), 1 holds, turnover=86.9%
2026-05-30 21:03:30 | rebalancer           | INFO    | Rebalance on 2021-05-28: 2 buys (₹8,732), 2 sells (₹7,699), 3 holds, turnover=47.8%
2026-05-30 21:03:44 | rebalancer           | INFO    | Rebalance on 2021-06-04: 4 buys (₹13,480), 2 sells (₹8,990), 1 holds, turnover=66.1%
2026-05-30 21:03:57 | rebalancer           | INFO    | Rebalance on 2021-06-11: 4 buys (₹21,954), 4 sells (₹20,326), 1 holds, turnover=89.5%
2026-05-30 21:04:10 | rebalancer           | INFO    | Rebalance on 2021-06-18: 4 buys (₹14,112), 4 sells (₹22,312), 1 holds, turnover=84.6%
2026-05-30 21:04:24 | rebalancer           | INFO    | Rebalance on 2021-06-25: 4 buys (₹14,878), 4 sells (₹15,357), 1 holds, turnover=81.9%
2026-05-30 21:04:38 | rebalancer           | INFO    | Rebalance on 2021-07-02: 4 buys (₹9,513), 3 sells (₹12,258), 1 holds, turnover=67.0%
2026-05-30 21:04:52 | rebalancer           | INFO    | Rebalance on 2021-07-09: 3 buys (₹9,737), 3 sells (₹7,863), 2 holds, turnover=60.8%
2026-05-30 21:05:05 | rebalancer           | INFO    | Rebalance on 2021-07-16: 5 buys (₹12,371), 4 sells (₹15,406), 0 holds, turnover=83.0%
2026-05-30 21:05:19 | rebalancer           | INFO    | Rebalance on 2021-07-23: 3 buys (₹12,703), 4 sells (₹7,977), 1 holds, turnover=82.4%
2026-05-30 21:05:33 | rebalancer           | INFO    | Rebalance on 2021-07-30: 3 buys (₹9,848), 3 sells (₹8,815), 1 holds, turnover=61.8%
2026-05-30 21:05:46 | rebalancer           | INFO    | Rebalance on 2021-08-06: 5 buys (₹22,085), 4 sells (₹12,938), 0 holds, turnover=170.7%
2026-05-30 21:06:00 | rebalancer           | INFO    | Rebalance on 2021-08-13: 4 buys (₹15,896), 5 sells (₹22,179), 0 holds, turnover=100.0%
2026-05-30 21:06:14 | rebalancer           | INFO    | Rebalance on 2021-08-20: 4 buys (₹18,736), 2 sells (₹8,588), 0 holds, turnover=145.4%
2026-05-30 21:06:28 | rebalancer           | INFO    | Rebalance on 2021-08-27: 1 buys (₹6,082), 3 sells (₹4,547), 1 holds, turnover=25.2%
2026-05-30 21:06:41 | rebalancer           | INFO    | Rebalance on 2021-09-03: 4 buys (₹20,501), 4 sells (₹20,169), 1 holds, turnover=77.3%
2026-05-30 21:06:55 | rebalancer           | INFO    | Rebalance on 2021-09-09: 2 buys (₹10,196), 4 sells (₹15,562), 1 holds, turnover=58.2%
2026-05-30 21:07:09 | rebalancer           | INFO    | Rebalance on 2021-09-17: 3 buys (₹15,706), 2 sells (₹11,049), 2 holds, turnover=72.8%
2026-05-30 21:07:23 | rebalancer           | INFO    | Rebalance on 2021-09-24: 3 buys (₹15,288), 2 sells (₹11,454), 2 holds, turnover=68.9%
2026-05-30 21:07:37 | rebalancer           | INFO    | Rebalance on 2021-10-01: 5 buys (₹37,538), 0 sells (₹0), 0 holds, turnover=100.0%
2026-05-30 21:07:50 | rebalancer           | INFO    | Rebalance on 2021-10-08: 4 buys (₹18,442), 4 sells (₹22,299), 0 holds, turnover=80.8%
2026-05-30 21:08:04 | rebalancer           | INFO    | Rebalance on 2021-10-14: 5 buys (₹16,446), 3 sells (₹16,613), 0 holds, turnover=64.6%
2026-05-30 21:08:18 | rebalancer           | INFO    | Rebalance on 2021-10-22: 4 buys (₹17,260), 4 sells (₹15,404), 0 holds, turnover=68.7%
2026-05-30 21:08:32 | rebalancer           | INFO    | Rebalance on 2021-10-29: 2 buys (₹10,082), 5 sells (₹12,080), 0 holds, turnover=46.1%
2026-05-30 21:08:46 | rebalancer           | INFO    | Rebalance on 2021-11-04: 2 buys (₹4,250), 0 sells (₹0), 3 holds, turnover=19.6%
2026-05-30 21:09:00 | rebalancer           | INFO    | Rebalance on 2021-11-12: 3 buys (₹5,696), 1 sells (₹5,588), 2 holds, turnover=21.7%
2026-05-30 21:09:14 | rebalancer           | INFO    | Rebalance on 2021-11-18: 4 buys (₹14,094), 4 sells (₹16,346), 0 holds, turnover=82.5%
2026-05-30 21:09:28 | rebalancer           | INFO    | Rebalance on 2021-11-26: 5 buys (₹23,755), 3 sells (₹10,905), 0 holds, turnover=172.9%
2026-05-30 21:09:43 | rebalancer           | INFO    | Rebalance on 2021-12-03: 2 buys (₹11,056), 3 sells (₹13,312), 2 holds, turnover=48.4%
2026-05-30 21:09:57 | rebalancer           | INFO    | Rebalance on 2021-12-17: 4 buys (₹9,179), 0 sells (₹0), 1 holds, turnover=44.8%
2026-05-30 21:10:11 | rebalancer           | INFO    | Rebalance on 2021-12-24: 2 buys (₹10,464), 4 sells (₹14,304), 1 holds, turnover=51.1%
2026-05-30 21:10:26 | rebalancer           | INFO    | Rebalance on 2021-12-31: 1 buys (₹4,912), 1 sells (₹5,744), 4 holds, turnover=23.4%
2026-05-30 21:10:40 | rebalancer           | INFO    | Rebalance on 2022-01-07: 3 buys (₹16,907), 3 sells (₹15,682), 2 holds, turnover=69.5%
2026-05-30 21:10:54 | rebalancer           | INFO    | Rebalance on 2022-01-14: 2 buys (₹11,282), 2 sells (₹11,832), 3 holds, turnover=44.6%
2026-05-30 21:11:08 | rebalancer           | INFO    | Rebalance on 2022-01-21: 5 buys (₹42,580), 0 sells (₹0), 0 holds, turnover=1166.5%
2026-05-30 21:11:23 | rebalancer           | INFO    | Rebalance on 2022-02-04: 5 buys (₹10,106), 1 sells (₹10,116), 0 holds, turnover=90.8%
2026-05-30 21:11:37 | rebalancer           | INFO    | Rebalance on 2022-02-11: 1 buys (₹2,481), 1 sells (₹2,411), 4 holds, turnover=21.9%
2026-05-30 21:11:52 | rebalancer           | INFO    | Rebalance on 2022-02-18: 3 buys (₹4,955), 5 sells (₹8,092), 0 holds, turnover=72.3%
2026-05-30 21:12:06 | rebalancer           | INFO    | Rebalance on 2022-02-25: 3 buys (₹1,876), 3 sells (₹4,873), 0 holds, turnover=100.0%
2026-05-30 21:12:21 | rebalancer           | INFO    | Rebalance on 2022-03-04: 1 buys (₹639), 2 sells (₹1,135), 1 holds, turnover=62.4%
2026-05-30 21:12:35 | rebalancer           | INFO    | Rebalance on 2022-03-11: 1 buys (₹688), 1 sells (₹679), 1 holds, turnover=49.4%
2026-05-30 21:12:49 | rebalancer           | INFO    | Rebalance on 2022-03-17: 5 buys (₹11,185), 2 sells (₹1,460), 0 holds, turnover=766.3%
2026-05-30 21:13:04 | rebalancer           | INFO    | Rebalance on 2022-03-25: 2 buys (₹2,589), 5 sells (₹8,123), 0 holds, turnover=73.6%
2026-05-30 21:13:18 | rebalancer           | INFO    | Rebalance on 2022-04-01: 3 buys (₹4,512), 1 sells (₹1,400), 2 holds, turnover=102.8%
2026-05-30 21:13:33 | rebalancer           | INFO    | Rebalance on 2022-04-08: 3 buys (₹4,669), 4 sells (₹4,873), 1 holds, turnover=62.6%
2026-05-30 21:13:47 | rebalancer           | INFO    | Rebalance on 2022-04-13: 2 buys (₹2,827), 3 sells (₹4,021), 2 holds, turnover=54.4%
2026-05-30 21:14:02 | rebalancer           | INFO    | Rebalance on 2022-04-22: 2 buys (₹1,366), 3 sells (₹4,118), 0 holds, turnover=89.2%
2026-05-30 21:14:16 | rebalancer           | INFO    | Rebalance on 2022-04-29: 2 buys (₹1,351), 2 sells (₹1,366), 0 holds, turnover=100.0%
2026-05-30 21:14:31 | rebalancer           | INFO    | Rebalance on 2022-05-06: 1 buys (₹694), 2 sells (₹1,321), 0 holds, turnover=100.0%
2026-05-30 21:14:47 | rebalancer           | INFO    | Rebalance on 2022-05-13: 4 buys (₹2,422), 1 sells (₹674), 0 holds, turnover=359.2%
2026-05-30 21:15:01 | rebalancer           | INFO    | Rebalance on 2022-05-20: 1 buys (₹670), 4 sells (₹2,590), 0 holds, turnover=100.0%
2026-05-30 21:15:16 | rebalancer           | INFO    | Rebalance on 2022-05-27: 1 buys (₹685), 0 sells (₹0), 0 holds, turnover=100.0%
2026-05-30 21:15:31 | rebalancer           | INFO    | Rebalance on 2022-06-03: 0 buys (₹0), 0 sells (₹0), 1 holds, turnover=0.0%
2026-05-30 21:15:45 | rebalancer           | INFO    | Rebalance on 2022-06-10: 0 buys (₹0), 0 sells (₹0), 1 holds, turnover=0.0%
2026-05-30 21:16:00 | rebalancer           | INFO    | Rebalance on 2022-06-17: 3 buys (₹1,946), 0 sells (₹0), 0 holds, turnover=100.0%
2026-05-30 21:16:15 | rebalancer           | INFO    | Rebalance on 2022-06-24: 4 buys (₹3,443), 1 sells (₹522), 0 holds, turnover=181.2%
2026-05-30 21:16:30 | rebalancer           | INFO    | Rebalance on 2022-07-01: 0 buys (₹0), 1 sells (₹1,488), 3 holds, turnover=30.6%
2026-05-30 21:16:45 | rebalancer           | INFO    | Rebalance on 2022-07-08: 0 buys (₹0), 1 sells (₹1,510), 2 holds, turnover=42.6%
2026-05-30 21:16:59 | rebalancer           | INFO    | Rebalance on 2022-07-15: 0 buys (₹0), 0 sells (₹0), 2 holds, turnover=0.0%
2026-05-30 21:17:14 | rebalancer           | INFO    | Rebalance on 2022-07-22: 0 buys (₹0), 1 sells (₹729), 1 holds, turnover=33.1%
2026-05-30 21:17:29 | rebalancer           | INFO    | Rebalance on 2022-07-29: 3 buys (₹8,771), 2 sells (₹1,475), 0 holds, turnover=594.8%
2026-05-30 21:17:44 | rebalancer           | INFO    | Rebalance on 2022-08-05: 4 buys (₹9,174), 1 sells (₹3,252), 1 holds, turnover=103.1%
2026-05-30 21:17:59 | rebalancer           | INFO    | Rebalance on 2022-08-12: 2 buys (₹5,555), 3 sells (₹9,950), 2 holds, turnover=65.2%
2026-05-30 21:18:14 | rebalancer           | INFO    | Rebalance on 2022-08-19: 3 buys (₹10,620), 4 sells (₹11,266), 0 holds, turnover=100.0%
2026-05-30 21:18:29 | rebalancer           | INFO    | Rebalance on 2022-08-26: 4 buys (₹11,073), 3 sells (₹7,309), 0 holds, turnover=103.8%
2026-05-30 21:18:44 | rebalancer           | INFO    | Rebalance on 2022-09-02: 3 buys (₹8,366), 4 sells (₹11,278), 1 holds, turnover=76.5%
2026-05-30 21:18:59 | rebalancer           | INFO    | Rebalance on 2022-09-09: 5 buys (₹10,474), 1 sells (₹2,346), 0 holds, turnover=87.1%
2026-05-30 21:19:14 | rebalancer           | INFO    | Rebalance on 2022-09-16: 2 buys (₹6,837), 2 sells (₹6,284), 3 holds, turnover=33.6%
2026-05-30 21:19:29 | rebalancer           | INFO    | Rebalance on 2022-09-23: 4 buys (₹11,349), 5 sells (₹18,309), 0 holds, turnover=87.6%
2026-05-30 21:19:44 | rebalancer           | INFO    | Rebalance on 2022-10-07: 5 buys (₹11,200), 0 sells (₹0), 0 holds, turnover=136.2%
2026-05-30 21:19:59 | rebalancer           | INFO    | Rebalance on 2022-10-14: 1 buys (₹4,663), 3 sells (₹3,244), 2 holds, turnover=24.1%
2026-05-30 21:20:14 | rebalancer           | INFO    | Rebalance on 2022-10-21: 3 buys (₹8,679), 5 sells (₹14,662), 0 holds, turnover=69.4%
2026-05-30 21:20:29 | rebalancer           | INFO    | Rebalance on 2022-10-28: 2 buys (₹5,355), 3 sells (₹5,737), 2 holds, turnover=37.3%
2026-05-30 21:20:45 | rebalancer           | INFO    | Rebalance on 2022-11-04: 2 buys (₹5,814), 3 sells (₹8,816), 2 holds, turnover=58.1%
2026-05-30 21:21:00 | rebalancer           | INFO    | Rebalance on 2022-11-11: 4 buys (₹5,055), 0 sells (₹0), 0 holds, turnover=41.4%
2026-05-30 21:21:15 | rebalancer           | INFO    | Rebalance on 2022-11-18: 4 buys (₹16,877), 2 sells (₹8,685), 0 holds, turnover=194.3%
2026-05-30 21:21:31 | rebalancer           | INFO    | Rebalance on 2022-11-25: 3 buys (₹12,047), 3 sells (₹12,487), 1 holds, turnover=73.3%
2026-05-30 21:21:46 | rebalancer           | INFO    | Rebalance on 2022-12-02: 2 buys (₹7,952), 2 sells (₹9,056), 2 holds, turnover=54.3%
2026-05-30 21:22:01 | rebalancer           | INFO    | Rebalance on 2022-12-09: 3 buys (₹12,639), 2 sells (₹8,037), 1 holds, turnover=107.5%
2026-05-30 21:22:17 | rebalancer           | INFO    | Rebalance on 2022-12-16: 5 buys (₹12,681), 4 sells (₹16,308), 0 holds, turnover=100.0%
2026-05-30 21:22:33 | rebalancer           | INFO    | Rebalance on 2022-12-23: 5 buys (₹23,254), 1 sells (₹2,382), 0 holds, turnover=469.3%
2026-05-30 21:22:48 | rebalancer           | INFO    | Rebalance on 2022-12-30: 3 buys (₹10,124), 3 sells (₹12,815), 1 holds, turnover=62.4%
2026-05-30 21:23:04 | rebalancer           | INFO    | Rebalance on 2023-01-06: 1 buys (₹4,099), 2 sells (₹3,358), 3 holds, turnover=23.1%
2026-05-30 21:23:20 | rebalancer           | INFO    | Rebalance on 2023-01-13: 2 buys (₹8,029), 2 sells (₹8,270), 3 holds, turnover=44.5%
2026-05-30 21:23:35 | rebalancer           | INFO    | Rebalance on 2023-01-20: 3 buys (₹5,443), 4 sells (₹14,379), 0 holds, turnover=92.4%
2026-05-30 21:23:51 | rebalancer           | INFO    | Rebalance on 2023-01-27: 3 buys (₹5,316), 0 sells (₹0), 1 holds, turnover=264.0%
2026-05-30 21:24:06 | rebalancer           | INFO    | Rebalance on 2023-02-03: 1 buys (₹1,451), 2 sells (₹2,389), 1 holds, turnover=42.5%
2026-05-30 21:24:21 | rebalancer           | INFO    | Rebalance on 2023-02-10: 1 buys (₹1,209), 2 sells (₹1,944), 0 holds, turnover=61.3%
2026-05-30 21:24:37 | rebalancer           | INFO    | Rebalance on 2023-02-17: 2 buys (₹1,810), 1 sells (₹1,244), 1 holds, turnover=71.5%
2026-05-30 21:24:52 | rebalancer           | INFO    | Rebalance on 2023-02-24: 2 buys (₹1,440), 2 sells (₹2,142), 1 holds, turnover=69.4%
2026-05-30 21:25:08 | rebalancer           | INFO    | Rebalance on 2023-03-03: 3 buys (₹5,165), 3 sells (₹2,390), 0 holds, turnover=216.1%
2026-05-30 21:25:23 | rebalancer           | INFO    | Rebalance on 2023-03-10: 0 buys (₹0), 3 sells (₹5,278), 0 holds, turnover=100.0%
2026-05-30 21:25:39 | rebalancer           | INFO    | Rebalance on 2023-03-17: 2 buys (₹2,096), 0 sells (₹0), 0 holds, turnover=100.0%
2026-05-30 21:25:55 | rebalancer           | INFO    | Rebalance on 2023-03-24: 3 buys (₹1,374), 2 sells (₹2,109), 0 holds, turnover=100.0%
2026-05-30 21:26:11 | rebalancer           | INFO    | Rebalance on 2023-03-31: 0 buys (₹0), 3 sells (₹1,397), 0 holds, turnover=100.0%
2026-05-30 21:26:26 | rebalancer           | INFO    | Rebalance on 2023-04-06: 5 buys (₹16,488), 0 sells (₹0), 0 holds, turnover=100.0%
2026-05-30 21:26:42 | rebalancer           | INFO    | Rebalance on 2023-04-13: 0 buys (₹0), 5 sells (₹13,331), 0 holds, turnover=79.2%
2026-05-30 21:26:58 | rebalancer           | INFO    | Rebalance on 2023-04-21: 1 buys (₹954), 1 sells (₹864), 2 holds, turnover=26.9%
2026-05-30 21:27:14 | rebalancer           | INFO    | Rebalance on 2023-04-28: 1 buys (₹895), 2 sells (₹1,690), 1 holds, turnover=45.3%
2026-05-30 21:27:30 | rebalancer           | INFO    | Rebalance on 2023-05-05: 2 buys (₹2,140), 1 sells (₹905), 2 holds, turnover=72.4%
2026-05-30 21:27:46 | rebalancer           | INFO    | Rebalance on 2023-05-12: 3 buys (₹2,489), 2 sells (₹1,861), 1 holds, turnover=77.7%
2026-05-30 21:28:02 | rebalancer           | INFO    | Rebalance on 2023-05-19: 0 buys (₹0), 3 sells (₹2,916), 1 holds, turnover=75.8%
2026-05-30 21:28:18 | rebalancer           | INFO    | Rebalance on 2023-05-26: 3 buys (₹3,225), 0 sells (₹0), 1 holds, turnover=347.6%
2026-05-30 21:28:34 | rebalancer           | INFO    | Rebalance on 2023-06-02: 4 buys (₹4,261), 2 sells (₹1,839), 0 holds, turnover=142.9%
2026-05-30 21:28:51 | rebalancer           | INFO    | Rebalance on 2023-06-09: 1 buys (₹972), 3 sells (₹4,275), 1 holds, turnover=79.9%
2026-05-30 21:29:07 | rebalancer           | INFO    | Rebalance on 2023-06-16: 2 buys (₹2,534), 0 sells (₹0), 0 holds, turnover=100.0%
2026-05-30 21:29:23 | rebalancer           | INFO    | Rebalance on 2023-06-23: 2 buys (₹3,329), 0 sells (₹0), 1 holds, turnover=304.1%
2026-05-30 21:29:39 | rebalancer           | INFO    | Rebalance on 2023-06-30: 2 buys (₹2,402), 2 sells (₹2,936), 1 holds, turnover=65.4%
2026-05-30 21:29:56 | rebalancer           | INFO    | Rebalance on 2023-07-07: 1 buys (₹1,687), 2 sells (₹3,133), 1 holds, turnover=76.3%
2026-05-30 21:30:12 | rebalancer           | INFO    | Rebalance on 2023-07-14: 3 buys (₹9,749), 2 sells (₹2,616), 0 holds, turnover=372.7%
2026-05-30 21:30:29 | rebalancer           | INFO    | Rebalance on 2023-07-21: 3 buys (₹7,030), 3 sells (₹6,554), 0 holds, turnover=70.9%
2026-05-30 21:30:45 | rebalancer           | INFO    | Rebalance on 2023-07-28: 3 buys (₹9,442), 2 sells (₹4,428), 1 holds, turnover=135.3%
2026-05-30 21:31:01 | rebalancer           | INFO    | Rebalance on 2023-08-04: 3 buys (₹9,427), 2 sells (₹6,808), 2 holds, turnover=77.6%
2026-05-30 21:31:18 | rebalancer           | INFO    | Rebalance on 2023-08-11: 3 buys (₹8,275), 3 sells (₹9,395), 2 holds, turnover=63.8%
2026-05-30 21:31:34 | rebalancer           | INFO    | Rebalance on 2023-08-18: 2 buys (₹5,643), 2 sells (₹5,829), 3 holds, turnover=43.5%
2026-05-30 21:31:51 | rebalancer           | INFO    | Rebalance on 2023-08-25: 1 buys (₹2,772), 2 sells (₹1,798), 3 holds, turnover=21.2%
2026-05-30 21:32:07 | rebalancer           | INFO    | Rebalance on 2023-09-01: 3 buys (₹5,128), 4 sells (₹9,775), 0 holds, turnover=81.7%
2026-05-30 21:32:23 | rebalancer           | INFO    | Rebalance on 2023-09-08: 3 buys (₹2,839), 2 sells (₹3,421), 1 holds, turnover=46.0%
2026-05-30 21:32:40 | rebalancer           | INFO    | Rebalance on 2023-09-15: 5 buys (₹10,513), 2 sells (₹3,422), 0 holds, turnover=152.6%
2026-05-30 21:32:56 | rebalancer           | INFO    | Rebalance on 2023-09-22: 2 buys (₹5,021), 5 sells (₹8,703), 0 holds, turnover=62.4%
2026-05-30 21:33:13 | rebalancer           | INFO    | Rebalance on 2023-09-29: 2 buys (₹5,401), 1 sells (₹2,208), 3 holds, turnover=51.2%
2026-05-30 21:33:29 | rebalancer           | INFO    | Rebalance on 2023-10-06: 2 buys (₹2,519), 3 sells (₹6,313), 0 holds, turnover=85.1%
2026-05-30 21:33:46 | rebalancer           | INFO    | Rebalance on 2023-10-13: 0 buys (₹0), 3 sells (₹1,832), 0 holds, turnover=49.6%
2026-05-30 21:34:02 | rebalancer           | INFO    | Rebalance on 2023-10-20: 3 buys (₹2,675), 2 sells (₹1,865), 0 holds, turnover=143.4%
2026-05-30 21:34:19 | rebalancer           | INFO    | Rebalance on 2023-10-27: 3 buys (₹3,366), 3 sells (₹2,665), 0 holds, turnover=126.3%
