2026-05-30 20:02:25 | regime               | WARNING | Insufficient data for regime detection on 2012-01-03
2026-05-30 20:02:26 | regime               | INFO    | Regime on 2012-02-01: NEUTRAL (close=5236, SMA50=4862, SMA200=5224, ADX=24.7) → capital=70%
2026-05-30 20:02:27 | regime               | INFO    | Regime on 2012-03-01: NEUTRAL (close=5340, SMA50=5088, SMA200=5185, ADX=33.8) → capital=70%
2026-05-30 20:02:29 | regime               | INFO    | Regime on 2012-04-02: NEUTRAL (close=5318, SMA50=5312, SMA200=5165, ADX=14.3) → capital=70%
2026-05-30 20:02:30 | regime               | INFO    | Regime on 2012-05-02: NEUTRAL (close=5239, SMA50=5310, SMA200=5146, ADX=13.0) → capital=70%
2026-05-30 20:02:31 | regime               | INFO    | Regime on 2012-06-01: BEAR (close=4842, SMA50=5126, SMA200=5078, ADX=25.0) → capital=30%
2026-05-30 20:02:33 | regime               | INFO    | Regime on 2012-07-02: NEUTRAL (close=5279, SMA50=5055, SMA200=5083, ADX=23.4) → capital=70%
2026-05-30 20:02:34 | regime               | INFO    | Regime on 2012-08-01: NEUTRAL (close=5240, SMA50=5128, SMA200=5107, ADX=19.6) → capital=70%
2026-05-30 20:02:36 | regime               | INFO    | Regime on 2012-09-03: NEUTRAL (close=5254, SMA50=5257, SMA200=5128, ADX=17.8) → capital=70%
2026-05-30 20:02:38 | regime               | INFO    | Regime on 2012-10-01: BULL (close=5719, SMA50=5365, SMA200=5181, ADX=36.7) → capital=100%
2026-05-30 20:02:40 | regime               | INFO    | Regime on 2012-11-01: BULL (close=5645, SMA50=5547, SMA200=5276, ADX=37.8) → capital=100%
2026-05-30 20:02:42 | regime               | INFO    | Regime on 2012-12-03: BULL (close=5871, SMA50=5680, SMA200=5339, ADX=25.5) → capital=100%
2026-05-30 20:02:44 | regime               | INFO    | Regime on 2013-01-01: NEUTRAL (close=5905, SMA50=5763, SMA200=5383, ADX=17.8) → capital=70%
2026-05-30 20:02:46 | regime               | INFO    | Regime on 2013-02-01: BULL (close=5999, SMA50=5927, SMA200=5468, ADX=24.1) → capital=100%
2026-05-30 20:02:49 | regime               | INFO    | Regime on 2013-03-01: BULL (close=5720, SMA50=5948, SMA200=5534, ADX=26.9) → capital=100%
2026-05-30 20:02:51 | regime               | INFO    | Regime on 2013-04-01: BULL (close=5704, SMA50=5880, SMA200=5617, ADX=24.8) → capital=100%
2026-05-30 20:02:54 | regime               | INFO    | Regime on 2013-05-02: BULL (close=5999, SMA50=5767, SMA200=5676, ADX=27.5) → capital=100%
2026-05-30 20:02:56 | regime               | INFO    | Regime on 2013-06-03: BULL (close=5939, SMA50=5860, SMA200=5768, ADX=28.3) → capital=100%
2026-05-30 20:02:59 | regime               | INFO    | Regime on 2013-07-01: BULL (close=5899, SMA50=5920, SMA200=5813, ADX=21.6) → capital=100%
2026-05-30 20:03:02 | regime               | INFO    | Regime on 2013-08-01: BEAR (close=5728, SMA50=5873, SMA200=5851, ADX=16.6) → capital=30%
2026-05-30 20:03:05 | regime               | INFO    | Regime on 2013-09-02: BEAR (close=5551, SMA50=5713, SMA200=5832, ADX=24.1) → capital=30%
2026-05-30 20:03:08 | regime               | INFO    | Regime on 2013-10-01: BEAR (close=5780, SMA50=5704, SMA200=5838, ADX=18.0) → capital=30%
2026-05-30 20:03:11 | regime               | INFO    | Regime on 2013-11-01: BULL (close=6307, SMA50=5863, SMA200=5858, ADX=21.2) → capital=100%
2026-05-30 20:03:14 | regime               | INFO    | Regime on 2013-12-02: NEUTRAL (close=6218, SMA50=6067, SMA200=5866, ADX=13.3) → capital=70%
2026-05-30 20:03:18 | regime               | INFO    | Regime on 2014-01-01: NEUTRAL (close=6304, SMA50=6188, SMA200=5906, ADX=14.7) → capital=70%
2026-05-30 20:03:21 | regime               | INFO    | Regime on 2014-02-03: BULL (close=6002, SMA50=6210, SMA200=5963, ADX=20.6) → capital=100%
2026-05-30 20:03:25 | regime               | INFO    | Regime on 2014-03-03: NEUTRAL (close=6221, SMA50=6185, SMA200=5985, ADX=19.5) → capital=70%
2026-05-30 20:03:29 | regime               | INFO    | Regime on 2014-04-01: BULL (close=6721, SMA50=6301, SMA200=6034, ADX=40.2) → capital=100%
2026-05-30 20:03:32 | regime               | INFO    | Regime on 2014-05-02: BULL (close=6695, SMA50=6520, SMA200=6124, ADX=28.2) → capital=100%
2026-05-30 20:03:36 | regime               | INFO    | Regime on 2014-06-02: BULL (close=7362, SMA50=6871, SMA200=6251, ADX=48.6) → capital=100%
2026-05-30 20:03:41 | regime               | INFO    | Regime on 2014-07-01: BULL (close=7635, SMA50=7244, SMA200=6467, ADX=42.7) → capital=100%
2026-05-30 20:03:45 | regime               | INFO    | Regime on 2014-08-01: BULL (close=7603, SMA50=7575, SMA200=6669, ADX=29.6) → capital=100%
2026-05-30 20:03:50 | regime               | INFO    | Regime on 2014-09-01: BULL (close=8028, SMA50=7704, SMA200=6826, ADX=28.0) → capital=100%
2026-05-30 20:03:54 | regime               | INFO    | Regime on 2014-10-01: BULL (close=7946, SMA50=7904, SMA200=7038, ADX=21.4) → capital=100%
2026-05-30 20:03:58 | regime               | INFO    | Regime on 2014-11-03: BULL (close=8324, SMA50=7992, SMA200=7184, ADX=22.3) → capital=100%
2026-05-30 20:04:03 | regime               | INFO    | Regime on 2014-12-01: BULL (close=8556, SMA50=8151, SMA200=7381, ADX=31.5) → capital=100%
2026-05-30 20:04:07 | regime               | INFO    | Regime on 2015-01-01: NEUTRAL (close=8283, SMA50=8285, SMA200=7612, ADX=18.5) → capital=70%
2026-05-30 20:04:12 | regime               | INFO    | Regime on 2015-02-02: BULL (close=8797, SMA50=8433, SMA200=7824, ADX=29.1) → capital=100%
2026-05-30 20:04:17 | regime               | INFO    | Regime on 2015-03-02: BULL (close=8957, SMA50=8556, SMA200=8014, ADX=20.1) → capital=100%
2026-05-30 20:04:22 | regime               | INFO    | Regime on 2015-04-01: NEUTRAL (close=8586, SMA50=8716, SMA200=8172, ADX=16.1) → capital=70%
2026-05-30 20:04:27 | regime               | INFO    | Regime on 2015-05-04: BULL (close=8332, SMA50=8630, SMA200=8256, ADX=23.6) → capital=100%
2026-05-30 20:04:32 | regime               | INFO    | Regime on 2015-06-01: NEUTRAL (close=8433, SMA50=8431, SMA200=8321, ADX=14.5) → capital=70%
2026-05-30 20:04:38 | regime               | INFO    | Regime on 2015-07-01: NEUTRAL (close=8453, SMA50=8257, SMA200=8366, ADX=17.4) → capital=70%
2026-05-30 20:04:44 | regime               | INFO    | Regime on 2015-08-03: NEUTRAL (close=8543, SMA50=8346, SMA200=8416, ADX=14.0) → capital=70%
2026-05-30 20:04:49 | regime               | INFO    | Regime on 2015-09-01: BEAR (close=7786, SMA50=8383, SMA200=8441, ADX=30.6) → capital=30%
2026-05-30 20:04:55 | regime               | INFO    | Regime on 2015-10-01: BEAR (close=7951, SMA50=8131, SMA200=8376, ADX=33.9) → capital=30%
2026-05-30 20:05:01 | regime               | INFO    | Regime on 2015-11-02: BEAR (close=8051, SMA50=8007, SMA200=8371, ADX=17.2) → capital=30%
2026-05-30 20:05:06 | regime               | INFO    | Regime on 2015-12-01: BEAR (close=7955, SMA50=8002, SMA200=8303, ADX=21.2) → capital=30%
2026-05-30 20:05:12 | regime               | INFO    | Regime on 2016-01-01: BEAR (close=7946, SMA50=7917, SMA200=8199, ADX=18.6) → capital=30%
2026-05-30 20:05:18 | regime               | INFO    | Regime on 2016-02-01: BEAR (close=7556, SMA50=7697, SMA200=8091, ADX=39.5) → capital=30%
2026-05-30 20:05:25 | regime               | INFO    | Regime on 2016-03-01: BEAR (close=7222, SMA50=7440, SMA200=7965, ADX=36.6) → capital=30%
2026-05-30 20:05:31 | regime               | INFO    | Regime on 2016-04-01: BEAR (close=7713, SMA50=7384, SMA200=7894, ADX=16.0) → capital=30%
2026-05-30 20:05:37 | regime               | INFO    | Regime on 2016-05-02: BEAR (close=7806, SMA50=7541, SMA200=7853, ADX=19.5) → capital=30%
2026-05-30 20:05:44 | regime               | INFO    | Regime on 2016-06-01: BULL (close=8180, SMA50=7809, SMA200=7787, ADX=20.9) → capital=100%
2026-05-30 20:05:50 | regime               | INFO    | Regime on 2016-07-01: NEUTRAL (close=8328, SMA50=8024, SMA200=7785, ADX=16.2) → capital=70%
2026-05-30 20:05:57 | regime               | INFO    | Regime on 2016-08-01: BULL (close=8637, SMA50=8299, SMA200=7851, ADX=29.7) → capital=100%
2026-05-30 20:06:04 | regime               | INFO    | Regime on 2016-09-01: NEUTRAL (close=8775, SMA50=8516, SMA200=7902, ADX=19.3) → capital=70%
2026-05-30 20:06:11 | regime               | INFO    | Regime on 2016-10-03: NEUTRAL (close=8738, SMA50=8692, SMA200=7995, ADX=16.4) → capital=70%
2026-05-30 20:06:18 | regime               | INFO    | Regime on 2016-11-01: NEUTRAL (close=8626, SMA50=8710, SMA200=8074, ADX=15.9) → capital=70%
2026-05-30 20:06:25 | regime               | INFO    | Regime on 2016-12-01: BULL (close=8193, SMA50=8499, SMA200=8153, ADX=40.9) → capital=100%
2026-05-30 20:07:56 | regime               | WARNING | Insufficient data for regime detection on 2012-01-06
2026-05-30 20:07:57 | regime               | INFO    | Regime on 2012-01-13: BEAR (close=4866, SMA50=4897, SMA200=5255, ADX=13.6) → capital=30%
2026-05-30 20:07:57 | regime               | INFO    | Regime on 2012-01-20: BEAR (close=5049, SMA50=4865, SMA200=5244, ADX=16.0) → capital=30%
2026-05-30 20:07:58 | regime               | INFO    | Regime on 2012-01-27: BEAR (close=5205, SMA50=4856, SMA200=5234, ADX=22.6) → capital=30%
2026-05-30 20:07:59 | regime               | INFO    | Regime on 2012-02-03: NEUTRAL (close=5326, SMA50=4877, SMA200=5218, ADX=27.3) → capital=70%
2026-05-30 20:08:00 | regime               | INFO    | Regime on 2012-02-10: NEUTRAL (close=5382, SMA50=4937, SMA200=5206, ADX=35.4) → capital=70%
2026-05-30 20:08:01 | regime               | INFO    | Regime on 2012-02-17: NEUTRAL (close=5564, SMA50=4992, SMA200=5198, ADX=44.0) → capital=70%
2026-05-30 20:08:02 | regime               | INFO    | Regime on 2012-02-24: NEUTRAL (close=5429, SMA50=5040, SMA200=5191, ADX=44.4) → capital=70%
2026-05-30 20:08:04 | regime               | INFO    | Regime on 2012-03-02: NEUTRAL (close=5359, SMA50=5103, SMA200=5185, ADX=31.7) → capital=70%
2026-05-30 20:08:05 | regime               | INFO    | Regime on 2012-03-09: NEUTRAL (close=5334, SMA50=5150, SMA200=5179, ADX=25.8) → capital=70%
2026-05-30 20:08:06 | regime               | INFO    | Regime on 2012-03-16: BULL (close=5318, SMA50=5220, SMA200=5177, ADX=21.0) → capital=100%
2026-05-30 20:08:07 | regime               | INFO    | Regime on 2012-03-23: NEUTRAL (close=5278, SMA50=5271, SMA200=5173, ADX=16.5) → capital=70%
2026-05-30 20:08:08 | regime               | INFO    | Regime on 2012-03-30: NEUTRAL (close=5296, SMA50=5305, SMA200=5166, ADX=15.0) → capital=70%
2026-05-30 20:08:09 | regime               | INFO    | Regime on 2012-04-04: NEUTRAL (close=5323, SMA50=5324, SMA200=5163, ADX=13.5) → capital=70%
2026-05-30 20:08:10 | regime               | INFO    | Regime on 2012-04-13: NEUTRAL (close=5207, SMA50=5336, SMA200=5157, ADX=12.7) → capital=70%
2026-05-30 20:08:12 | regime               | INFO    | Regime on 2012-04-20: NEUTRAL (close=5291, SMA50=5336, SMA200=5155, ADX=10.7) → capital=70%
2026-05-30 20:08:13 | regime               | INFO    | Regime on 2012-04-27: NEUTRAL (close=5191, SMA50=5319, SMA200=5150, ADX=13.2) → capital=70%
2026-05-30 20:08:14 | regime               | INFO    | Regime on 2012-05-04: BEAR (close=5087, SMA50=5293, SMA200=5141, ADX=14.8) → capital=30%
2026-05-30 20:08:15 | regime               | INFO    | Regime on 2012-05-11: BEAR (close=4929, SMA50=5247, SMA200=5124, ADX=23.8) → capital=30%
2026-05-30 20:08:17 | regime               | INFO    | Regime on 2012-05-18: BEAR (close=4891, SMA50=5202, SMA200=5107, ADX=31.0) → capital=30%
2026-05-30 20:08:18 | regime               | INFO    | Regime on 2012-05-25: BEAR (close=4920, SMA50=5170, SMA200=5093, ADX=30.2) → capital=30%
2026-05-30 20:08:19 | regime               | INFO    | Regime on 2012-06-01: BEAR (close=4842, SMA50=5126, SMA200=5078, ADX=25.0) → capital=30%
2026-05-30 20:08:21 | regime               | INFO    | Regime on 2012-06-08: BEAR (close=5068, SMA50=5096, SMA200=5070, ADX=21.5) → capital=30%
2026-05-30 20:08:22 | regime               | INFO    | Regime on 2012-06-15: NEUTRAL (close=5139, SMA50=5081, SMA200=5070, ADX=17.2) → capital=70%
2026-05-30 20:08:24 | regime               | INFO    | Regime on 2012-06-22: NEUTRAL (close=5146, SMA50=5066, SMA200=5074, ADX=17.2) → capital=70%
2026-05-30 20:08:25 | regime               | INFO    | Regime on 2012-06-29: NEUTRAL (close=5279, SMA50=5056, SMA200=5081, ADX=21.6) → capital=70%
2026-05-30 20:08:27 | regime               | INFO    | Regime on 2012-07-06: NEUTRAL (close=5317, SMA50=5061, SMA200=5087, ADX=30.2) → capital=70%
2026-05-30 20:08:28 | regime               | INFO    | Regime on 2012-07-13: NEUTRAL (close=5227, SMA50=5068, SMA200=5094, ADX=31.1) → capital=70%
2026-05-30 20:08:30 | regime               | INFO    | Regime on 2012-07-20: NEUTRAL (close=5205, SMA50=5086, SMA200=5097, ADX=24.3) → capital=70%
2026-05-30 20:08:31 | regime               | INFO    | Regime on 2012-07-27: BEAR (close=5100, SMA50=5106, SMA200=5102, ADX=23.7) → capital=30%
2026-05-30 20:08:33 | regime               | INFO    | Regime on 2012-08-03: NEUTRAL (close=5216, SMA50=5140, SMA200=5111, ADX=17.7) → capital=70%
2026-05-30 20:08:35 | regime               | INFO    | Regime on 2012-08-10: NEUTRAL (close=5320, SMA50=5178, SMA200=5118, ADX=17.2) → capital=70%
2026-05-30 20:08:36 | regime               | INFO    | Regime on 2012-08-17: NEUTRAL (close=5366, SMA50=5212, SMA200=5123, ADX=18.3) → capital=70%
2026-05-30 20:08:38 | regime               | INFO    | Regime on 2012-08-24: BULL (close=5387, SMA50=5237, SMA200=5128, ADX=20.2) → capital=100%
2026-05-30 20:08:40 | regime               | INFO    | Regime on 2012-08-31: NEUTRAL (close=5258, SMA50=5254, SMA200=5129, ADX=18.0) → capital=70%
2026-05-30 20:08:42 | regime               | INFO    | Regime on 2012-09-07: NEUTRAL (close=5342, SMA50=5268, SMA200=5130, ADX=17.5) → capital=70%
2026-05-30 20:08:44 | regime               | INFO    | Regime on 2012-09-14: BULL (close=5578, SMA50=5289, SMA200=5142, ADX=20.9) → capital=100%
2026-05-30 20:08:46 | regime               | INFO    | Regime on 2012-09-21: BULL (close=5691, SMA50=5313, SMA200=5159, ADX=28.6) → capital=100%
2026-05-30 20:08:47 | regime               | INFO    | Regime on 2012-09-28: BULL (close=5703, SMA50=5354, SMA200=5177, ADX=35.4) → capital=100%
2026-05-30 20:08:49 | regime               | INFO    | Regime on 2012-10-05: BULL (close=5747, SMA50=5397, SMA200=5194, ADX=40.1) → capital=100%
2026-05-30 20:08:51 | regime               | INFO    | Regime on 2012-10-12: BULL (close=5676, SMA50=5455, SMA200=5218, ADX=41.3) → capital=100%
2026-05-30 20:08:53 | regime               | INFO    | Regime on 2012-10-19: BULL (close=5684, SMA50=5501, SMA200=5243, ADX=39.7) → capital=100%
2026-05-30 20:08:55 | regime               | INFO    | Regime on 2012-10-25: BULL (close=5705, SMA50=5524, SMA200=5259, ADX=37.8) → capital=100%
2026-05-30 20:08:57 | regime               | INFO    | Regime on 2012-11-02: BULL (close=5698, SMA50=5554, SMA200=5281, ADX=36.6) → capital=100%
2026-05-30 20:08:59 | regime               | INFO    | Regime on 2012-11-09: BULL (close=5686, SMA50=5586, SMA200=5303, ADX=29.1) → capital=100%
2026-05-30 20:09:01 | regime               | INFO    | Regime on 2012-11-16: BULL (close=5574, SMA50=5605, SMA200=5313, ADX=28.1) → capital=100%
2026-05-30 20:09:03 | regime               | INFO    | Regime on 2012-11-23: BULL (close=5627, SMA50=5640, SMA200=5325, ADX=27.0) → capital=100%
2026-05-30 20:09:05 | regime               | INFO    | Regime on 2012-11-30: BULL (close=5880, SMA50=5671, SMA200=5336, ADX=25.0) → capital=100%
2026-05-30 20:09:07 | regime               | INFO    | Regime on 2012-12-07: BULL (close=5907, SMA50=5705, SMA200=5350, ADX=25.9) → capital=100%
2026-05-30 20:09:09 | regime               | INFO    | Regime on 2012-12-14: BULL (close=5880, SMA50=5727, SMA200=5361, ADX=25.3) → capital=100%
2026-05-30 20:09:11 | regime               | INFO    | Regime on 2012-12-21: BULL (close=5848, SMA50=5742, SMA200=5370, ADX=20.9) → capital=100%
2026-05-30 20:09:13 | regime               | INFO    | Regime on 2012-12-28: NEUTRAL (close=5908, SMA50=5758, SMA200=5381, ADX=18.1) → capital=70%
2026-05-30 20:09:16 | regime               | INFO    | Regime on 2013-01-04: BULL (close=6016, SMA50=5783, SMA200=5395, ADX=21.1) → capital=100%
2026-05-30 20:09:18 | regime               | INFO    | Regime on 2013-01-11: BULL (close=5951, SMA50=5811, SMA200=5409, ADX=25.1) → capital=100%
2026-05-30 20:09:20 | regime               | INFO    | Regime on 2013-01-18: BULL (close=6064, SMA50=5850, SMA200=5428, ADX=28.4) → capital=100%
2026-05-30 20:09:22 | regime               | INFO    | Regime on 2013-01-25: BULL (close=6075, SMA50=5883, SMA200=5449, ADX=26.7) → capital=100%
2026-05-30 20:09:25 | regime               | INFO    | Regime on 2013-02-01: BULL (close=5999, SMA50=5927, SMA200=5468, ADX=24.1) → capital=100%
2026-05-30 20:09:27 | regime               | INFO    | Regime on 2013-02-08: BULL (close=5904, SMA50=5957, SMA200=5485, ADX=20.4) → capital=100%
2026-05-30 20:09:29 | regime               | INFO    | Regime on 2013-02-15: BULL (close=5887, SMA50=5960, SMA200=5501, ADX=20.5) → capital=100%
2026-05-30 20:09:32 | regime               | INFO    | Regime on 2013-02-22: NEUTRAL (close=5850, SMA50=5959, SMA200=5518, ADX=19.3) → capital=70%
2026-05-30 20:09:34 | regime               | INFO    | Regime on 2013-03-01: BULL (close=5720, SMA50=5948, SMA200=5534, ADX=26.9) → capital=100%
2026-05-30 20:09:36 | regime               | INFO    | Regime on 2013-03-08: BULL (close=5946, SMA50=5942, SMA200=5556, ADX=25.0) → capital=100%
2026-05-30 20:09:39 | regime               | INFO    | Regime on 2013-03-15: BULL (close=5873, SMA50=5935, SMA200=5582, ADX=20.1) → capital=100%
2026-05-30 20:09:41 | regime               | INFO    | Regime on 2013-03-22: BULL (close=5651, SMA50=5909, SMA200=5601, ADX=24.0) → capital=100%
2026-05-30 20:09:43 | regime               | INFO    | Regime on 2013-03-28: BULL (close=5683, SMA50=5887, SMA200=5613, ADX=25.3) → capital=100%
2026-05-30 20:09:46 | regime               | INFO    | Regime on 2013-04-05: BEAR (close=5553, SMA50=5846, SMA200=5629, ADX=24.3) → capital=30%
2026-05-30 20:09:48 | regime               | INFO    | Regime on 2013-04-12: BEAR (close=5529, SMA50=5795, SMA200=5640, ADX=27.9) → capital=30%
2026-05-30 20:09:51 | regime               | INFO    | Regime on 2013-04-18: BULL (close=5783, SMA50=5770, SMA200=5651, ADX=23.5) → capital=100%
2026-05-30 20:09:53 | regime               | INFO    | Regime on 2013-04-26: BULL (close=5871, SMA50=5765, SMA200=5666, ADX=24.5) → capital=100%
2026-05-30 20:09:56 | regime               | INFO    | Regime on 2013-05-03: BULL (close=5944, SMA50=5768, SMA200=5679, ADX=28.8) → capital=100%
2026-05-30 20:09:59 | regime               | INFO    | Regime on 2013-05-10: BULL (close=6095, SMA50=5783, SMA200=5697, ADX=36.5) → capital=100%
2026-05-30 20:10:01 | regime               | INFO    | Regime on 2013-05-24: BULL (close=5984, SMA50=5840, SMA200=5742, ADX=35.7) → capital=100%
2026-05-30 20:10:04 | regime               | INFO    | Regime on 2013-05-31: BULL (close=5986, SMA50=5858, SMA200=5765, ADX=29.9) → capital=100%
2026-05-30 20:10:06 | regime               | INFO    | Regime on 2013-06-07: BULL (close=5881, SMA50=5878, SMA200=5781, ADX=23.1) → capital=100%
2026-05-30 20:10:09 | regime               | INFO    | Regime on 2013-06-14: BULL (close=5808, SMA50=5889, SMA200=5792, ADX=22.5) → capital=100%
2026-05-30 20:10:12 | regime               | INFO    | Regime on 2013-06-21: BEAR (close=5668, SMA50=5908, SMA200=5801, ADX=21.1) → capital=30%
2026-05-30 20:10:15 | regime               | INFO    | Regime on 2013-06-28: BULL (close=5842, SMA50=5916, SMA200=5810, ADX=22.1) → capital=100%
2026-05-30 20:10:17 | regime               | INFO    | Regime on 2013-07-05: NEUTRAL (close=5868, SMA50=5919, SMA200=5824, ADX=18.1) → capital=70%
2026-05-30 20:10:20 | regime               | INFO    | Regime on 2013-07-12: NEUTRAL (close=6009, SMA50=5915, SMA200=5834, ADX=14.7) → capital=70%
2026-05-30 20:10:23 | regime               | INFO    | Regime on 2013-07-19: NEUTRAL (close=6029, SMA50=5911, SMA200=5843, ADX=15.1) → capital=70%
2026-05-30 20:10:26 | regime               | INFO    | Regime on 2013-07-26: NEUTRAL (close=5886, SMA50=5899, SMA200=5850, ADX=14.0) → capital=70%
2026-05-30 20:10:28 | regime               | INFO    | Regime on 2013-08-02: BEAR (close=5678, SMA50=5867, SMA200=5851, ADX=17.3) → capital=30%
2026-05-30 20:10:31 | regime               | INFO    | Regime on 2013-08-08: BEAR (close=5566, SMA50=5825, SMA200=5849, ADX=22.4) → capital=30%
2026-05-30 20:10:34 | regime               | INFO    | Regime on 2013-08-16: BEAR (close=5508, SMA50=5801, SMA200=5848, ADX=21.6) → capital=30%
2026-05-30 20:10:37 | regime               | INFO    | Regime on 2013-08-23: BEAR (close=5472, SMA50=5756, SMA200=5841, ADX=24.7) → capital=30%
2026-05-30 20:10:40 | regime               | INFO    | Regime on 2013-08-30: BEAR (close=5472, SMA50=5715, SMA200=5833, ADX=25.1) → capital=30%
2026-05-30 20:10:43 | regime               | INFO    | Regime on 2013-09-06: BEAR (close=5680, SMA50=5705, SMA200=5830, ADX=21.0) → capital=30%
2026-05-30 20:10:46 | regime               | INFO    | Regime on 2013-09-13: NEUTRAL (close=5851, SMA50=5710, SMA200=5835, ADX=20.0) → capital=70%
2026-05-30 20:10:49 | regime               | INFO    | Regime on 2013-09-20: NEUTRAL (close=6012, SMA50=5721, SMA200=5841, ADX=22.7) → capital=70%
2026-05-30 20:10:52 | regime               | INFO    | Regime on 2013-09-27: BEAR (close=5833, SMA50=5714, SMA200=5840, ADX=20.5) → capital=30%
2026-05-30 20:10:55 | regime               | INFO    | Regime on 2013-10-04: NEUTRAL (close=5907, SMA50=5699, SMA200=5839, ADX=17.2) → capital=70%
2026-05-30 20:10:58 | regime               | INFO    | Regime on 2013-10-11: NEUTRAL (close=6096, SMA50=5704, SMA200=5841, ADX=15.5) → capital=70%
2026-05-30 20:11:01 | regime               | INFO    | Regime on 2013-10-18: NEUTRAL (close=6189, SMA50=5735, SMA200=5846, ADX=17.3) → capital=70%
2026-05-30 20:11:04 | regime               | INFO    | Regime on 2013-10-25: NEUTRAL (close=6145, SMA50=5794, SMA200=5851, ADX=19.2) → capital=70%
2026-05-30 20:11:07 | regime               | INFO    | Regime on 2013-11-01: BULL (close=6307, SMA50=5863, SMA200=5858, ADX=21.2) → capital=100%
2026-05-30 20:11:10 | regime               | INFO    | Regime on 2013-11-08: NEUTRAL (close=6141, SMA50=5925, SMA200=5861, ADX=19.0) → capital=70%
2026-05-30 20:11:13 | regime               | INFO    | Regime on 2013-11-14: NEUTRAL (close=6056, SMA50=5979, SMA200=5861, ADX=17.6) → capital=70%
2026-05-30 20:11:17 | regime               | INFO    | Regime on 2013-11-22: NEUTRAL (close=5995, SMA50=6037, SMA200=5862, ADX=15.9) → capital=70%
2026-05-30 20:11:20 | regime               | INFO    | Regime on 2013-11-29: NEUTRAL (close=6176, SMA50=6060, SMA200=5865, ADX=13.4) → capital=70%
2026-05-30 20:11:23 | regime               | INFO    | Regime on 2013-12-06: NEUTRAL (close=6260, SMA50=6086, SMA200=5872, ADX=13.4) → capital=70%
2026-05-30 20:11:27 | regime               | INFO    | Regime on 2013-12-13: NEUTRAL (close=6168, SMA50=6130, SMA200=5881, ADX=14.9) → capital=70%
2026-05-30 20:11:30 | regime               | INFO    | Regime on 2013-12-20: NEUTRAL (close=6274, SMA50=6161, SMA200=5891, ADX=12.2) → capital=70%
2026-05-30 20:11:33 | regime               | INFO    | Regime on 2013-12-27: NEUTRAL (close=6314, SMA50=6179, SMA200=5902, ADX=13.5) → capital=70%
2026-05-30 20:11:36 | regime               | INFO    | Regime on 2014-01-03: NEUTRAL (close=6211, SMA50=6189, SMA200=5909, ADX=13.3) → capital=70%
2026-05-30 20:11:40 | regime               | INFO    | Regime on 2014-01-10: NEUTRAL (close=6171, SMA50=6190, SMA200=5916, ADX=11.4) → capital=70%
2026-05-30 20:11:43 | regime               | INFO    | Regime on 2014-01-17: NEUTRAL (close=6262, SMA50=6192, SMA200=5932, ADX=12.9) → capital=70%
2026-05-30 20:11:46 | regime               | INFO    | Regime on 2014-01-24: NEUTRAL (close=6267, SMA50=6210, SMA200=5947, ADX=13.0) → capital=70%
2026-05-30 20:11:50 | regime               | INFO    | Regime on 2014-01-31: NEUTRAL (close=6090, SMA50=6210, SMA200=5961, ADX=18.8) → capital=70%
2026-05-30 20:11:53 | regime               | INFO    | Regime on 2014-02-07: BULL (close=6063, SMA50=6208, SMA200=5972, ADX=26.1) → capital=100%
2026-05-30 20:11:57 | regime               | INFO    | Regime on 2014-02-14: BULL (close=6048, SMA50=6196, SMA200=5977, ADX=28.3) → capital=100%
2026-05-30 20:12:00 | regime               | INFO    | Regime on 2014-02-21: BULL (close=6155, SMA50=6183, SMA200=5980, ADX=24.6) → capital=100%
2026-05-30 20:12:03 | regime               | INFO    | Regime on 2014-02-28: BULL (close=6277, SMA50=6183, SMA200=5984, ADX=20.1) → capital=100%
2026-05-30 20:12:07 | regime               | INFO    | Regime on 2014-03-07: BULL (close=6527, SMA50=6197, SMA200=5991, ADX=22.3) → capital=100%
2026-05-30 20:12:10 | regime               | INFO    | Regime on 2014-03-14: BULL (close=6504, SMA50=6219, SMA200=6001, ADX=29.8) → capital=100%
2026-05-30 20:12:14 | regime               | INFO    | Regime on 2014-03-21: BULL (close=6493, SMA50=6244, SMA200=6010, ADX=31.9) → capital=100%
2026-05-30 20:12:17 | regime               | INFO    | Regime on 2014-03-28: BULL (close=6696, SMA50=6286, SMA200=6026, ADX=37.2) → capital=100%
2026-05-30 20:12:21 | regime               | INFO    | Regime on 2014-04-04: BULL (close=6694, SMA50=6328, SMA200=6048, ADX=42.8) → capital=100%
2026-05-30 20:12:25 | regime               | INFO    | Regime on 2014-04-11: BULL (close=6776, SMA50=6367, SMA200=6068, ADX=42.4) → capital=100%
2026-05-30 20:12:28 | regime               | INFO    | Regime on 2014-04-17: BULL (close=6779, SMA50=6404, SMA200=6083, ADX=37.9) → capital=100%
2026-05-30 20:12:32 | regime               | INFO    | Regime on 2014-04-25: BULL (close=6783, SMA50=6467, SMA200=6107, ADX=35.1) → capital=100%
2026-05-30 20:12:36 | regime               | INFO    | Regime on 2014-05-02: BULL (close=6695, SMA50=6520, SMA200=6124, ADX=28.2) → capital=100%
2026-05-30 20:12:40 | regime               | INFO    | Regime on 2014-05-09: BULL (close=6859, SMA50=6584, SMA200=6146, ADX=24.8) → capital=100%
2026-05-30 20:12:43 | regime               | INFO    | Regime on 2014-05-16: BULL (close=7203, SMA50=6677, SMA200=6174, ADX=33.1) → capital=100%
2026-05-30 20:12:47 | regime               | INFO    | Regime on 2014-05-23: BULL (close=7367, SMA50=6776, SMA200=6206, ADX=43.8) → capital=100%
2026-05-30 20:12:51 | regime               | INFO    | Regime on 2014-05-30: BULL (close=7230, SMA50=6853, SMA200=6242, ADX=49.0) → capital=100%
2026-05-30 20:12:55 | regime               | INFO    | Regime on 2014-06-06: BULL (close=7583, SMA50=6948, SMA200=6288, ADX=49.2) → capital=100%
2026-05-30 20:12:58 | regime               | INFO    | Regime on 2014-06-13: BULL (close=7542, SMA50=7048, SMA200=6338, ADX=52.1) → capital=100%
2026-05-30 20:13:02 | regime               | INFO    | Regime on 2014-06-20: BULL (close=7511, SMA50=7131, SMA200=6392, ADX=50.0) → capital=100%
2026-05-30 20:13:06 | regime               | INFO    | Regime on 2014-06-27: BULL (close=7509, SMA50=7208, SMA200=6445, ADX=44.0) → capital=100%
2026-05-30 20:13:10 | regime               | INFO    | Regime on 2014-07-04: BULL (close=7752, SMA50=7299, SMA200=6500, ADX=42.3) → capital=100%
2026-05-30 20:13:14 | regime               | INFO    | Regime on 2014-07-11: BULL (close=7460, SMA50=7386, SMA200=6543, ADX=33.4) → capital=100%
2026-05-30 20:13:18 | regime               | INFO    | Regime on 2014-07-18: BULL (close=7664, SMA50=7472, SMA200=6584, ADX=29.2) → capital=100%
2026-05-30 20:13:22 | regime               | INFO    | Regime on 2014-07-25: BULL (close=7790, SMA50=7539, SMA200=6632, ADX=32.0) → capital=100%
2026-05-30 20:13:26 | regime               | INFO    | Regime on 2014-08-01: BULL (close=7603, SMA50=7575, SMA200=6669, ADX=29.6) → capital=100%
2026-05-30 20:13:30 | regime               | INFO    | Regime on 2014-08-08: BULL (close=7569, SMA50=7609, SMA200=6709, ADX=23.4) → capital=100%
2026-05-30 20:13:34 | regime               | INFO    | Regime on 2014-08-14: BULL (close=7792, SMA50=7638, SMA200=6741, ADX=21.2) → capital=100%
2026-05-30 20:13:39 | regime               | INFO    | Regime on 2014-08-22: BULL (close=7913, SMA50=7667, SMA200=6784, ADX=24.8) → capital=100%
2026-05-30 20:13:43 | regime               | INFO    | Regime on 2014-08-28: BULL (close=7954, SMA50=7694, SMA200=6818, ADX=26.9) → capital=100%
2026-05-30 20:13:47 | regime               | INFO    | Regime on 2014-09-05: BULL (close=8087, SMA50=7749, SMA200=6865, ADX=32.9) → capital=100%
2026-05-30 20:13:51 | regime               | INFO    | Regime on 2014-09-12: BULL (close=8106, SMA50=7805, SMA200=6916, ADX=34.0) → capital=100%
2026-05-30 20:13:56 | regime               | INFO    | Regime on 2014-09-19: BULL (close=8121, SMA50=7836, SMA200=6966, ADX=27.8) → capital=100%
2026-05-30 20:14:00 | regime               | INFO    | Regime on 2014-09-26: BULL (close=7969, SMA50=7885, SMA200=7012, ADX=23.1) → capital=100%
2026-05-30 20:14:04 | regime               | INFO    | Regime on 2014-10-01: BULL (close=7946, SMA50=7904, SMA200=7038, ADX=21.4) → capital=100%
2026-05-30 20:14:08 | regime               | INFO    | Regime on 2014-10-10: BULL (close=7860, SMA50=7913, SMA200=7069, ADX=20.9) → capital=100%
2026-05-30 20:14:13 | regime               | INFO    | Regime on 2014-10-17: BULL (close=7780, SMA50=7917, SMA200=7102, ADX=21.6) → capital=100%
2026-05-30 20:14:17 | regime               | INFO    | Regime on 2014-10-22: NEUTRAL (close=7996, SMA50=7933, SMA200=7128, ADX=18.8) → capital=70%
2026-05-30 20:14:21 | regime               | INFO    | Regime on 2014-10-31: BULL (close=8322, SMA50=7980, SMA200=7174, ADX=20.6) → capital=100%
2026-05-30 20:14:26 | regime               | INFO    | Regime on 2014-11-07: BULL (close=8337, SMA50=8012, SMA200=7205, ADX=25.0) → capital=100%
2026-05-30 20:14:30 | regime               | INFO    | Regime on 2014-11-14: BULL (close=8390, SMA50=8059, SMA200=7260, ADX=28.9) → capital=100%
2026-05-30 20:14:34 | regime               | INFO    | Regime on 2014-11-21: BULL (close=8477, SMA50=8103, SMA200=7313, ADX=30.1) → capital=100%
2026-05-30 20:14:39 | regime               | INFO    | Regime on 2014-11-28: BULL (close=8588, SMA50=8142, SMA200=7369, ADX=30.8) → capital=100%
2026-05-30 20:14:44 | regime               | INFO    | Regime on 2014-12-05: BULL (close=8538, SMA50=8191, SMA200=7431, ADX=32.7) → capital=100%
2026-05-30 20:14:48 | regime               | INFO    | Regime on 2014-12-12: BULL (close=8224, SMA50=8217, SMA200=7488, ADX=25.8) → capital=100%
2026-05-30 20:14:53 | regime               | INFO    | Regime on 2014-12-19: BULL (close=8225, SMA50=8234, SMA200=7540, ADX=26.9) → capital=100%
2026-05-30 20:14:57 | regime               | INFO    | Regime on 2014-12-26: BULL (close=8201, SMA50=8262, SMA200=7582, ADX=21.9) → capital=100%
2026-05-30 20:15:02 | regime               | INFO    | Regime on 2015-01-02: NEUTRAL (close=8395, SMA50=8298, SMA200=7623, ADX=18.1) → capital=70%
2026-05-30 20:15:06 | regime               | INFO    | Regime on 2015-01-09: NEUTRAL (close=8284, SMA50=8329, SMA200=7668, ADX=15.8) → capital=70%
2026-05-30 20:15:11 | regime               | INFO    | Regime on 2015-01-16: NEUTRAL (close=8514, SMA50=8349, SMA200=7715, ADX=14.7) → capital=70%
2026-05-30 20:15:15 | regime               | INFO    | Regime on 2015-01-23: BULL (close=8836, SMA50=8385, SMA200=7769, ADX=22.2) → capital=100%
2026-05-30 20:15:20 | regime               | INFO    | Regime on 2015-01-30: BULL (close=8809, SMA50=8424, SMA200=7814, ADX=28.8) → capital=100%
2026-05-30 20:15:25 | regime               | INFO    | Regime on 2015-02-06: BULL (close=8661, SMA50=8452, SMA200=7864, ADX=28.4) → capital=100%
2026-05-30 20:15:29 | regime               | INFO    | Regime on 2015-02-13: BULL (close=8806, SMA50=8464, SMA200=7912, ADX=22.0) → capital=100%
2026-05-30 20:15:34 | regime               | INFO    | Regime on 2015-02-20: BULL (close=8834, SMA50=8491, SMA200=7952, ADX=23.2) → capital=100%
2026-05-30 20:15:39 | regime               | INFO    | Regime on 2015-02-27: NEUTRAL (close=8845, SMA50=8538, SMA200=8003, ADX=19.7) → capital=70%
2026-05-30 20:15:43 | regime               | INFO    | Regime on 2015-03-05: BULL (close=8938, SMA50=8605, SMA200=8049, ADX=22.7) → capital=100%
2026-05-30 20:15:48 | regime               | INFO    | Regime on 2015-03-13: NEUTRAL (close=8648, SMA50=8653, SMA200=8091, ADX=18.1) → capital=70%
2026-05-30 20:15:53 | regime               | INFO    | Regime on 2015-03-20: NEUTRAL (close=8571, SMA50=8689, SMA200=8125, ADX=14.2) → capital=70%
2026-05-30 20:15:58 | regime               | INFO    | Regime on 2015-03-27: NEUTRAL (close=8341, SMA50=8710, SMA200=8154, ADX=16.4) → capital=70%
2026-05-30 20:16:02 | regime               | INFO    | Regime on 2015-04-01: NEUTRAL (close=8586, SMA50=8716, SMA200=8172, ADX=16.1) → capital=70%
2026-05-30 20:16:07 | regime               | INFO    | Regime on 2015-04-10: NEUTRAL (close=8780, SMA50=8716, SMA200=8201, ADX=14.1) → capital=70%
2026-05-30 20:16:12 | regime               | INFO    | Regime on 2015-04-17: NEUTRAL (close=8606, SMA50=8704, SMA200=8217, ADX=13.1) → capital=70%
2026-05-30 20:16:17 | regime               | INFO    | Regime on 2015-04-24: NEUTRAL (close=8305, SMA50=8667, SMA200=8238, ADX=17.8) → capital=70%
2026-05-30 20:16:22 | regime               | INFO    | Regime on 2015-04-30: BEAR (close=8182, SMA50=8638, SMA200=8252, ADX=23.5) → capital=30%
2026-05-30 20:16:26 | regime               | INFO    | Regime on 2015-05-08: BEAR (close=8192, SMA50=8576, SMA200=8266, ADX=26.4) → capital=30%
2026-05-30 20:16:31 | regime               | INFO    | Regime on 2015-05-15: BEAR (close=8262, SMA50=8523, SMA200=8281, ADX=25.5) → capital=30%
2026-05-30 20:16:36 | regime               | INFO    | Regime on 2015-05-22: NEUTRAL (close=8459, SMA50=8471, SMA200=8302, ADX=18.7) → capital=70%
2026-05-30 20:16:41 | regime               | INFO    | Regime on 2015-05-29: NEUTRAL (close=8434, SMA50=8435, SMA200=8318, ADX=15.3) → capital=70%
2026-05-30 20:16:46 | regime               | INFO    | Regime on 2015-06-05: BEAR (close=8115, SMA50=8391, SMA200=8330, ADX=17.7) → capital=30%
2026-05-30 20:16:50 | regime               | INFO    | Regime on 2015-06-12: BEAR (close=7983, SMA50=8348, SMA200=8339, ADX=21.1) → capital=30%
2026-05-30 20:16:55 | regime               | INFO    | Regime on 2015-06-19: BEAR (close=8225, SMA50=8301, SMA200=8348, ADX=17.6) → capital=30%
2026-05-30 20:17:00 | regime               | INFO    | Regime on 2015-06-26: NEUTRAL (close=8381, SMA50=8262, SMA200=8360, ADX=19.4) → capital=70%
2026-05-30 20:17:05 | regime               | INFO    | Regime on 2015-07-03: NEUTRAL (close=8485, SMA50=8259, SMA200=8370, ADX=17.7) → capital=70%
2026-05-30 20:17:10 | regime               | INFO    | Regime on 2015-07-10: BEAR (close=8361, SMA50=8276, SMA200=8378, ADX=15.1) → capital=30%
2026-05-30 20:17:15 | regime               | INFO    | Regime on 2015-07-17: NEUTRAL (close=8610, SMA50=8309, SMA200=8390, ADX=15.7) → capital=70%
2026-05-30 20:17:20 | regime               | INFO    | Regime on 2015-07-24: NEUTRAL (close=8522, SMA50=8343, SMA200=8402, ADX=14.3) → capital=70%
2026-05-30 20:17:25 | regime               | INFO    | Regime on 2015-07-31: NEUTRAL (close=8533, SMA50=8343, SMA200=8413, ADX=14.6) → capital=70%
2026-05-30 20:17:30 | regime               | INFO    | Regime on 2015-08-07: NEUTRAL (close=8565, SMA50=8362, SMA200=8430, ADX=11.0) → capital=70%
2026-05-30 20:17:36 | regime               | INFO    | Regime on 2015-08-14: NEUTRAL (close=8519, SMA50=8385, SMA200=8445, ADX=12.9) → capital=70%
2026-05-30 20:17:41 | regime               | INFO    | Regime on 2015-08-21: BEAR (close=8300, SMA50=8425, SMA200=8456, ADX=14.5) → capital=30%
2026-05-30 20:17:46 | regime               | INFO    | Regime on 2015-08-28: BEAR (close=8002, SMA50=8403, SMA200=8445, ADX=28.0) → capital=30%
2026-05-30 20:17:51 | regime               | INFO    | Regime on 2015-09-04: BEAR (close=7655, SMA50=8344, SMA200=8431, ADX=35.6) → capital=30%
2026-05-30 20:17:57 | regime               | INFO    | Regime on 2015-09-11: BEAR (close=7789, SMA50=8276, SMA200=8413, ADX=39.7) → capital=30%
2026-05-30 20:18:02 | regime               | INFO    | Regime on 2015-09-18: BEAR (close=7982, SMA50=8233, SMA200=8402, ADX=37.0) → capital=30%
2026-05-30 20:18:07 | regime               | INFO    | Regime on 2015-09-24: BEAR (close=7868, SMA50=8187, SMA200=8388, ADX=34.4) → capital=30%
2026-05-30 20:18:13 | regime               | INFO    | Regime on 2015-10-01: BEAR (close=7951, SMA50=8131, SMA200=8376, ADX=33.9) → capital=30%
2026-05-30 20:18:18 | regime               | INFO    | Regime on 2015-10-09: BEAR (close=8190, SMA50=8097, SMA200=8374, ADX=24.7) → capital=30%
2026-05-30 20:18:24 | regime               | INFO    | Regime on 2015-10-16: BEAR (close=8238, SMA50=8065, SMA200=8373, ADX=18.6) → capital=30%
2026-05-30 20:18:29 | regime               | INFO    | Regime on 2015-10-23: BEAR (close=8295, SMA50=8042, SMA200=8374, ADX=18.2) → capital=30%
2026-05-30 20:18:35 | regime               | INFO    | Regime on 2015-10-30: BEAR (close=8066, SMA50=8016, SMA200=8372, ADX=16.5) → capital=30%
2026-05-30 20:18:40 | regime               | INFO    | Regime on 2015-11-06: BEAR (close=7954, SMA50=7988, SMA200=8365, ADX=18.6) → capital=30%
2026-05-30 20:18:46 | regime               | INFO    | Regime on 2015-11-13: BEAR (close=7762, SMA50=7985, SMA200=8355, ADX=23.9) → capital=30%
2026-05-30 20:18:52 | regime               | INFO    | Regime on 2015-11-20: BEAR (close=7857, SMA50=7980, SMA200=8331, ADX=26.1) → capital=30%
2026-05-30 20:18:57 | regime               | INFO    | Regime on 2015-11-27: BEAR (close=7943, SMA50=7996, SMA200=8311, ADX=23.9) → capital=30%
2026-05-30 20:19:03 | regime               | INFO    | Regime on 2015-12-04: BEAR (close=7782, SMA50=8002, SMA200=8291, ADX=20.7) → capital=30%
2026-05-30 20:19:09 | regime               | INFO    | Regime on 2015-12-11: BEAR (close=7610, SMA50=7980, SMA200=8266, ADX=28.2) → capital=30%
2026-05-30 20:19:14 | regime               | INFO    | Regime on 2015-12-18: BEAR (close=7762, SMA50=7961, SMA200=8239, ADX=27.4) → capital=30%
2026-05-30 20:19:20 | regime               | INFO    | Regime on 2015-12-24: BEAR (close=7861, SMA50=7935, SMA200=8219, ADX=22.2) → capital=30%
2026-05-30 20:19:26 | regime               | INFO    | Regime on 2016-01-01: BEAR (close=7946, SMA50=7917, SMA200=8199, ADX=18.6) → capital=30%
2026-05-30 20:19:32 | regime               | INFO    | Regime on 2016-01-08: BEAR (close=7601, SMA50=7861, SMA200=8174, ADX=22.4) → capital=30%
2026-05-30 20:19:38 | regime               | INFO    | Regime on 2016-01-15: BEAR (close=7438, SMA50=7796, SMA200=8147, ADX=32.4) → capital=30%
2026-05-30 20:19:44 | regime               | INFO    | Regime on 2016-01-22: BEAR (close=7422, SMA50=7731, SMA200=8119, ADX=42.4) → capital=30%
2026-05-30 20:19:49 | regime               | INFO    | Regime on 2016-01-29: BEAR (close=7564, SMA50=7702, SMA200=8097, ADX=41.4) → capital=30%
2026-05-30 20:19:55 | regime               | INFO    | Regime on 2016-02-05: BEAR (close=7489, SMA50=7665, SMA200=8064, ADX=36.9) → capital=30%
2026-05-30 20:20:01 | regime               | INFO    | Regime on 2016-02-12: BEAR (close=6981, SMA50=7592, SMA200=8032, ADX=39.8) → capital=30%
2026-05-30 20:20:07 | regime               | INFO    | Regime on 2016-02-19: BEAR (close=7211, SMA50=7525, SMA200=8005, ADX=37.6) → capital=30%
2026-05-30 20:20:13 | regime               | INFO    | Regime on 2016-02-26: BEAR (close=7030, SMA50=7467, SMA200=7976, ADX=36.5) → capital=30%
2026-05-30 20:20:20 | regime               | INFO    | Regime on 2016-03-04: BEAR (close=7485, SMA50=7419, SMA200=7953, ADX=30.1) → capital=30%
2026-05-30 20:20:26 | regime               | INFO    | Regime on 2016-03-11: BEAR (close=7510, SMA50=7387, SMA200=7935, ADX=22.9) → capital=30%
2026-05-30 20:20:32 | regime               | INFO    | Regime on 2016-03-18: BEAR (close=7604, SMA50=7356, SMA200=7914, ADX=17.3) → capital=30%
2026-05-30 20:20:38 | regime               | INFO    | Regime on 2016-03-23: BEAR (close=7716, SMA50=7364, SMA200=7904, ADX=17.5) → capital=30%
2026-05-30 20:20:44 | regime               | INFO    | Regime on 2016-04-01: BEAR (close=7713, SMA50=7384, SMA200=7894, ADX=16.0) → capital=30%
2026-05-30 20:20:50 | regime               | INFO    | Regime on 2016-04-08: BEAR (close=7555, SMA50=7408, SMA200=7884, ADX=13.3) → capital=30%
2026-05-30 20:20:57 | regime               | INFO    | Regime on 2016-04-13: BEAR (close=7850, SMA50=7424, SMA200=7878, ADX=13.8) → capital=30%
2026-05-30 20:21:03 | regime               | INFO    | Regime on 2016-04-22: NEUTRAL (close=7899, SMA50=7462, SMA200=7868, ADX=19.3) → capital=70%
2026-05-30 20:21:09 | regime               | INFO    | Regime on 2016-04-29: BEAR (close=7850, SMA50=7524, SMA200=7856, ADX=20.4) → capital=30%
2026-05-30 20:21:16 | regime               | INFO    | Regime on 2016-05-06: BEAR (close=7733, SMA50=7589, SMA200=7839, ADX=17.1) → capital=30%
2026-05-30 20:21:22 | regime               | INFO    | Regime on 2016-05-13: BEAR (close=7815, SMA50=7664, SMA200=7823, ADX=17.5) → capital=30%
2026-05-30 20:21:28 | regime               | INFO    | Regime on 2016-05-20: BEAR (close=7750, SMA50=7726, SMA200=7804, ADX=14.2) → capital=30%
2026-05-30 20:21:35 | regime               | INFO    | Regime on 2016-05-27: NEUTRAL (close=8157, SMA50=7769, SMA200=7792, ADX=16.6) → capital=70%
2026-05-30 20:21:41 | regime               | INFO    | Regime on 2016-06-03: BULL (close=8221, SMA50=7836, SMA200=7783, ADX=23.0) → capital=100%
2026-05-30 20:21:47 | regime               | INFO    | Regime on 2016-06-10: BULL (close=8170, SMA50=7891, SMA200=7778, ADX=25.2) → capital=100%
2026-05-30 20:21:54 | regime               | INFO    | Regime on 2016-06-17: NEUTRAL (close=8170, SMA50=7935, SMA200=7770, ADX=19.6) → capital=70%
2026-05-30 20:22:00 | regime               | INFO    | Regime on 2016-06-24: NEUTRAL (close=8089, SMA50=7993, SMA200=7776, ADX=18.4) → capital=70%
2026-05-30 20:22:07 | regime               | INFO    | Regime on 2016-07-01: NEUTRAL (close=8328, SMA50=8024, SMA200=7785, ADX=16.2) → capital=70%
2026-05-30 20:22:14 | regime               | INFO    | Regime on 2016-07-08: NEUTRAL (close=8323, SMA50=8059, SMA200=7798, ADX=15.0) → capital=70%
2026-05-30 20:22:21 | regime               | INFO    | Regime on 2016-07-15: NEUTRAL (close=8541, SMA50=8134, SMA200=7815, ADX=19.1) → capital=70%
2026-05-30 20:22:27 | regime               | INFO    | Regime on 2016-07-22: BULL (close=8541, SMA50=8202, SMA200=7831, ADX=22.2) → capital=100%
2026-05-30 20:22:34 | regime               | INFO    | Regime on 2016-07-29: BULL (close=8638, SMA50=8281, SMA200=7848, ADX=28.3) → capital=100%
2026-05-30 20:22:40 | regime               | INFO    | Regime on 2016-08-05: BULL (close=8683, SMA50=8357, SMA200=7860, ADX=30.0) → capital=100%
2026-05-30 20:22:47 | regime               | INFO    | Regime on 2016-08-12: BULL (close=8592, SMA50=8395, SMA200=7869, ADX=26.7) → capital=100%
2026-05-30 20:22:54 | regime               | INFO    | Regime on 2016-08-19: BULL (close=8667, SMA50=8429, SMA200=7877, ADX=24.5) → capital=100%
2026-05-30 20:23:01 | regime               | INFO    | Regime on 2016-08-26: NEUTRAL (close=8573, SMA50=8473, SMA200=7888, ADX=18.9) → capital=70%
2026-05-30 20:23:08 | regime               | INFO    | Regime on 2016-09-02: NEUTRAL (close=8810, SMA50=8528, SMA200=7906, ADX=19.9) → capital=70%
2026-05-30 20:23:14 | regime               | INFO    | Regime on 2016-09-09: BULL (close=8867, SMA50=8588, SMA200=7928, ADX=25.0) → capital=100%
2026-05-30 20:23:21 | regime               | INFO    | Regime on 2016-09-16: NEUTRAL (close=8780, SMA50=8629, SMA200=7947, ADX=19.8) → capital=70%
2026-05-30 20:23:28 | regime               | INFO    | Regime on 2016-09-23: NEUTRAL (close=8832, SMA50=8673, SMA200=7970, ADX=19.0) → capital=70%
2026-05-30 20:23:35 | regime               | INFO    | Regime on 2016-09-30: NEUTRAL (close=8611, SMA50=8688, SMA200=7990, ADX=17.3) → capital=70%
2026-05-30 20:23:42 | regime               | INFO    | Regime on 2016-10-07: NEUTRAL (close=8698, SMA50=8705, SMA200=8017, ADX=13.2) → capital=70%
2026-05-30 20:23:49 | regime               | INFO    | Regime on 2016-10-14: NEUTRAL (close=8583, SMA50=8705, SMA200=8030, ADX=14.2) → capital=70%
2026-05-30 20:23:56 | regime               | INFO    | Regime on 2016-10-21: NEUTRAL (close=8693, SMA50=8710, SMA200=8051, ADX=14.8) → capital=70%
2026-05-30 20:24:03 | regime               | INFO    | Regime on 2016-10-28: NEUTRAL (close=8638, SMA50=8711, SMA200=8070, ADX=15.8) → capital=70%
2026-05-30 20:24:10 | regime               | INFO    | Regime on 2016-11-04: BULL (close=8434, SMA50=8700, SMA200=8087, ADX=20.1) → capital=100%
2026-05-30 20:24:17 | regime               | INFO    | Regime on 2016-11-11: BULL (close=8296, SMA50=8684, SMA200=8110, ADX=28.1) → capital=100%
2026-05-30 20:24:24 | regime               | INFO    | Regime on 2016-11-18: BEAR (close=8074, SMA50=8633, SMA200=8125, ADX=36.6) → capital=30%
2026-05-30 20:24:31 | regime               | INFO    | Regime on 2016-11-25: BEAR (close=8114, SMA50=8544, SMA200=8139, ADX=43.7) → capital=30%
2026-05-30 20:24:38 | regime               | INFO    | Regime on 2016-12-02: BEAR (close=8087, SMA50=8484, SMA200=8156, ADX=40.6) → capital=30%
2026-05-30 20:24:46 | regime               | INFO    | Regime on 2016-12-09: BULL (close=8262, SMA50=8422, SMA200=8181, ADX=37.1) → capital=100%
2026-05-30 20:24:53 | regime               | INFO    | Regime on 2016-12-16: BEAR (close=8139, SMA50=8372, SMA200=8207, ADX=35.5) → capital=30%
2026-05-30 20:25:00 | regime               | INFO    | Regime on 2016-12-23: BEAR (close=7986, SMA50=8304, SMA200=8231, ADX=38.4) → capital=30%
2026-05-30 20:25:07 | regime               | INFO    | Regime on 2016-12-30: BEAR (close=8186, SMA50=8249, SMA200=8250, ADX=35.4) → capital=30%
2026-05-30 20:25:15 | regime               | INFO    | Regime on 2017-01-06: BEAR (close=8244, SMA50=8202, SMA200=8268, ADX=26.5) → capital=30%
2026-05-30 20:25:22 | regime               | INFO    | Regime on 2017-01-13: NEUTRAL (close=8400, SMA50=8179, SMA200=8287, ADX=26.5) → capital=70%
2026-05-30 20:25:29 | regime               | INFO    | Regime on 2017-01-20: NEUTRAL (close=8349, SMA50=8170, SMA200=8306, ADX=29.7) → capital=70%
2026-05-30 20:25:36 | regime               | INFO    | Regime on 2017-01-27: NEUTRAL (close=8641, SMA50=8201, SMA200=8322, ADX=32.1) → capital=70%
2026-05-30 20:25:44 | regime               | INFO    | Regime on 2017-02-03: NEUTRAL (close=8741, SMA50=8268, SMA200=8348, ADX=36.3) → capital=70%
2026-05-30 20:25:51 | regime               | INFO    | Regime on 2017-02-10: NEUTRAL (close=8794, SMA50=8331, SMA200=8371, ADX=38.8) → capital=70%
2026-05-30 20:25:58 | regime               | INFO    | Regime on 2017-02-17: BULL (close=8822, SMA50=8395, SMA200=8393, ADX=36.4) → capital=100%
2026-05-30 20:26:06 | regime               | INFO    | Regime on 2017-02-23: BULL (close=8940, SMA50=8451, SMA200=8416, ADX=38.3) → capital=100%
2026-05-30 20:26:13 | regime               | INFO    | Regime on 2017-03-03: BULL (close=8898, SMA50=8531, SMA200=8442, ADX=37.9) → capital=100%
2026-05-30 20:26:20 | regime               | INFO    | Regime on 2017-03-10: BULL (close=8935, SMA50=8626, SMA200=8470, ADX=37.8) → capital=100%
2026-05-30 20:26:27 | regime               | INFO    | Regime on 2017-03-17: BULL (close=9160, SMA50=8702, SMA200=8496, ADX=42.8) → capital=100%
2026-05-30 20:26:34 | regime               | INFO    | Regime on 2017-03-24: BULL (close=9108, SMA50=8787, SMA200=8520, ADX=41.2) → capital=100%
2026-05-30 20:26:42 | regime               | INFO    | Regime on 2017-03-31: BULL (close=9174, SMA50=8860, SMA200=8542, ADX=37.1) → capital=100%
2026-05-30 20:26:49 | regime               | INFO    | Regime on 2017-04-07: BULL (close=9198, SMA50=8927, SMA200=8564, ADX=37.9) → capital=100%
2026-05-30 20:26:56 | regime               | INFO    | Regime on 2017-04-13: BULL (close=9151, SMA50=8976, SMA200=8584, ADX=35.7) → capital=100%
2026-05-30 20:27:03 | regime               | INFO    | Regime on 2017-04-21: BULL (close=9119, SMA50=9017, SMA200=8608, ADX=32.5) → capital=100%
2026-05-30 20:27:11 | regime               | INFO    | Regime on 2017-04-28: BULL (close=9304, SMA50=9069, SMA200=8634, ADX=37.5) → capital=100%
2026-05-30 20:27:18 | regime               | INFO    | Regime on 2017-05-05: BULL (close=9285, SMA50=9112, SMA200=8653, ADX=37.0) → capital=100%
2026-05-30 20:27:27 | regime               | INFO    | Regime on 2017-05-12: BULL (close=9401, SMA50=9158, SMA200=8674, ADX=35.7) → capital=100%
2026-05-30 20:27:34 | regime               | INFO    | Regime on 2017-05-19: BULL (close=9428, SMA50=9213, SMA200=8697, ADX=34.4) → capital=100%
2026-05-30 20:27:42 | regime               | INFO    | Regime on 2017-05-26: BULL (close=9595, SMA50=9263, SMA200=8717, ADX=27.9) → capital=100%
2026-05-30 20:27:50 | regime               | INFO    | Regime on 2017-06-02: BULL (close=9654, SMA50=9312, SMA200=8742, ADX=28.9) → capital=100%
2026-05-30 20:27:58 | regime               | INFO    | Regime on 2017-06-09: BULL (close=9668, SMA50=9371, SMA200=8768, ADX=31.2) → capital=100%
2026-05-30 20:28:05 | regime               | INFO    | Regime on 2017-06-16: BULL (close=9588, SMA50=9411, SMA200=8792, ADX=27.7) → capital=100%
2026-05-30 20:28:13 | regime               | INFO    | Regime on 2017-06-23: BULL (close=9575, SMA50=9452, SMA200=8816, ADX=25.8) → capital=100%
2026-05-30 20:28:21 | regime               | INFO    | Regime on 2017-06-30: BULL (close=9521, SMA50=9483, SMA200=8829, ADX=21.3) → capital=100%
2026-05-30 20:28:29 | regime               | INFO    | Regime on 2017-07-07: BULL (close=9666, SMA50=9524, SMA200=8850, ADX=20.4) → capital=100%
2026-05-30 20:28:37 | regime               | INFO    | Regime on 2017-07-14: BULL (close=9886, SMA50=9575, SMA200=8876, ADX=28.6) → capital=100%
2026-05-30 20:28:45 | regime               | INFO    | Regime on 2017-07-21: BULL (close=9915, SMA50=9628, SMA200=8905, ADX=29.8) → capital=100%
2026-05-30 20:28:53 | regime               | INFO    | Regime on 2017-07-28: BULL (close=10014, SMA50=9682, SMA200=8937, ADX=32.3) → capital=100%
2026-05-30 20:29:01 | regime               | INFO    | Regime on 2017-08-04: BULL (close=10066, SMA50=9746, SMA200=8974, ADX=33.0) → capital=100%
2026-05-30 20:29:09 | regime               | INFO    | Regime on 2017-08-11: BULL (close=9711, SMA50=9775, SMA200=9004, ADX=28.4) → capital=100%
2026-05-30 20:29:17 | regime               | INFO    | Regime on 2017-08-18: BULL (close=9837, SMA50=9791, SMA200=9028, ADX=24.1) → capital=100%
2026-05-30 20:29:25 | regime               | INFO    | Regime on 2017-08-24: BULL (close=9857, SMA50=9805, SMA200=9054, ADX=21.9) → capital=100%
2026-05-30 20:29:33 | regime               | INFO    | Regime on 2017-09-01: NEUTRAL (close=9974, SMA50=9832, SMA200=9090, ADX=17.6) → capital=70%
2026-05-30 20:29:42 | regime               | INFO    | Regime on 2017-09-08: NEUTRAL (close=9935, SMA50=9868, SMA200=9137, ADX=14.2) → capital=70%
2026-05-30 20:29:50 | regime               | INFO    | Regime on 2017-09-15: NEUTRAL (close=10085, SMA50=9918, SMA200=9187, ADX=15.3) → capital=70%
2026-05-30 20:29:58 | regime               | INFO    | Regime on 2017-09-22: NEUTRAL (close=9964, SMA50=9954, SMA200=9236, ADX=16.3) → capital=70%
2026-05-30 20:30:06 | regime               | INFO    | Regime on 2017-09-29: BULL (close=9789, SMA50=9946, SMA200=9277, ADX=21.7) → capital=100%
2026-05-30 20:30:14 | regime               | INFO    | Regime on 2017-10-06: NEUTRAL (close=9980, SMA50=9945, SMA200=9311, ADX=19.1) → capital=70%
2026-05-30 20:30:23 | regime               | INFO    | Regime on 2017-10-13: NEUTRAL (close=10167, SMA50=9945, SMA200=9361, ADX=15.0) → capital=70%
2026-05-30 20:30:31 | regime               | INFO    | Regime on 2017-10-19: NEUTRAL (close=10147, SMA50=9957, SMA200=9405, ADX=15.3) → capital=70%
2026-05-30 20:30:39 | regime               | INFO    | Regime on 2017-10-27: NEUTRAL (close=10323, SMA50=10000, SMA200=9457, ADX=17.0) → capital=70%
2026-05-30 20:30:48 | regime               | INFO    | Regime on 2017-11-03: BULL (close=10452, SMA50=10057, SMA200=9509, ADX=22.1) → capital=100%
2026-05-30 20:30:56 | regime               | INFO    | Regime on 2017-11-10: NEUTRAL (close=10322, SMA50=10106, SMA200=9558, ADX=19.1) → capital=70%
2026-05-30 20:31:04 | regime               | INFO    | Regime on 2017-11-17: NEUTRAL (close=10284, SMA50=10133, SMA200=9600, ADX=17.4) → capital=70%
2026-05-30 20:31:13 | regime               | INFO    | Regime on 2017-11-24: NEUTRAL (close=10390, SMA50=10166, SMA200=9642, ADX=16.1) → capital=70%
2026-05-30 20:31:21 | regime               | INFO    | Regime on 2017-12-01: NEUTRAL (close=10122, SMA50=10183, SMA200=9680, ADX=16.5) → capital=70%
2026-05-30 20:31:30 | regime               | INFO    | Regime on 2017-12-08: NEUTRAL (close=10266, SMA50=10206, SMA200=9714, ADX=18.9) → capital=70%
2026-05-30 20:31:39 | regime               | INFO    | Regime on 2017-12-15: NEUTRAL (close=10333, SMA50=10249, SMA200=9748, ADX=15.3) → capital=70%
2026-05-30 20:31:47 | regime               | INFO    | Regime on 2017-12-22: NEUTRAL (close=10493, SMA50=10292, SMA200=9786, ADX=16.9) → capital=70%
2026-05-30 20:31:56 | regime               | INFO    | Regime on 2017-12-29: NEUTRAL (close=10531, SMA50=10316, SMA200=9817, ADX=15.2) → capital=70%
2026-05-30 20:32:05 | regime               | INFO    | Regime on 2018-01-05: NEUTRAL (close=10559, SMA50=10338, SMA200=9845, ADX=15.6) → capital=70%
2026-05-30 20:32:13 | regime               | INFO    | Regime on 2018-01-12: NEUTRAL (close=10681, SMA50=10366, SMA200=9884, ADX=13.2) → capital=70%
2026-05-30 20:32:22 | regime               | INFO    | Regime on 2018-01-19: NEUTRAL (close=10895, SMA50=10406, SMA200=9925, ADX=18.4) → capital=70%
2026-05-30 20:32:31 | regime               | INFO    | Regime on 2018-01-25: BULL (close=11070, SMA50=10469, SMA200=9961, ADX=26.7) → capital=100%
2026-05-30 20:32:39 | regime               | INFO    | Regime on 2018-02-02: BULL (close=10761, SMA50=10544, SMA200=10007, ADX=27.0) → capital=100%
2026-05-30 20:32:48 | regime               | INFO    | Regime on 2018-02-09: BULL (close=10455, SMA50=10560, SMA200=10042, ADX=30.2) → capital=100%
2026-05-30 20:32:57 | regime               | INFO    | Regime on 2018-02-16: BULL (close=10452, SMA50=10584, SMA200=10065, ADX=29.6) → capital=100%
2026-05-30 20:33:06 | regime               | INFO    | Regime on 2018-02-23: BULL (close=10491, SMA50=10606, SMA200=10092, ADX=31.3) → capital=100%
2026-05-30 20:33:14 | regime               | INFO    | Regime on 2018-03-01: BULL (close=10458, SMA50=10628, SMA200=10115, ADX=26.1) → capital=100%
2026-05-30 20:33:23 | regime               | INFO    | Regime on 2018-03-09: BULL (close=10227, SMA50=10608, SMA200=10135, ADX=28.5) → capital=100%
2026-05-30 20:33:32 | regime               | INFO    | Regime on 2018-03-16: BULL (close=10195, SMA50=10594, SMA200=10157, ADX=24.2) → capital=100%
2026-05-30 20:33:41 | regime               | INFO    | Regime on 2018-03-23: BEAR (close=9998, SMA50=10549, SMA200=10169, ADX=27.0) → capital=30%
2026-05-30 20:33:50 | regime               | INFO    | Regime on 2018-03-28: BEAR (close=10114, SMA50=10518, SMA200=10176, ADX=25.6) → capital=30%
2026-05-30 20:33:59 | regime               | INFO    | Regime on 2018-04-06: BULL (close=10332, SMA50=10464, SMA200=10192, ADX=20.5) → capital=100%
2026-05-30 20:34:08 | regime               | INFO    | Regime on 2018-04-13: NEUTRAL (close=10481, SMA50=10400, SMA200=10212, ADX=15.6) → capital=70%
2026-05-30 20:34:17 | regime               | INFO    | Regime on 2018-04-20: NEUTRAL (close=10564, SMA50=10364, SMA200=10237, ADX=13.3) → capital=70%
2026-05-30 20:34:26 | regime               | INFO    | Regime on 2018-04-27: NEUTRAL (close=10692, SMA50=10375, SMA200=10262, ADX=14.0) → capital=70%
2026-05-30 20:34:35 | regime               | INFO    | Regime on 2018-05-04: NEUTRAL (close=10618, SMA50=10393, SMA200=10281, ADX=16.6) → capital=70%
2026-05-30 20:34:45 | regime               | INFO    | Regime on 2018-05-11: NEUTRAL (close=10806, SMA50=10422, SMA200=10302, ADX=19.0) → capital=70%
2026-05-30 20:34:54 | regime               | INFO    | Regime on 2018-05-18: BULL (close=10596, SMA50=10453, SMA200=10321, ADX=20.3) → capital=100%
2026-05-30 20:35:03 | regime               | INFO    | Regime on 2018-05-25: NEUTRAL (close=10605, SMA50=10475, SMA200=10333, ADX=18.3) → capital=70%
2026-05-30 20:35:12 | regime               | INFO    | Regime on 2018-06-01: NEUTRAL (close=10696, SMA50=10519, SMA200=10350, ADX=15.2) → capital=70%
2026-05-30 20:35:22 | regime               | INFO    | Regime on 2018-06-08: NEUTRAL (close=10768, SMA50=10576, SMA200=10371, ADX=13.2) → capital=70%
2026-05-30 20:35:31 | regime               | INFO    | Regime on 2018-06-15: NEUTRAL (close=10818, SMA50=10638, SMA200=10396, ADX=15.0) → capital=70%
2026-05-30 20:35:40 | regime               | INFO    | Regime on 2018-06-22: NEUTRAL (close=10822, SMA50=10675, SMA200=10418, ADX=11.9) → capital=70%
2026-05-30 20:35:49 | regime               | INFO    | Regime on 2018-06-29: NEUTRAL (close=10714, SMA50=10692, SMA200=10438, ADX=12.1) → capital=70%
2026-05-30 20:35:59 | regime               | INFO    | Regime on 2018-07-06: NEUTRAL (close=10773, SMA50=10706, SMA200=10454, ADX=10.4) → capital=70%
2026-05-30 20:36:08 | regime               | INFO    | Regime on 2018-07-13: NEUTRAL (close=11019, SMA50=10733, SMA200=10475, ADX=17.0) → capital=70%
2026-05-30 20:36:17 | regime               | INFO    | Regime on 2018-07-20: BULL (close=11010, SMA50=10757, SMA200=10505, ADX=20.4) → capital=100%
2026-05-30 20:36:27 | regime               | INFO    | Regime on 2018-07-27: BULL (close=11278, SMA50=10800, SMA200=10535, ADX=28.4) → capital=100%
2026-05-30 20:36:36 | regime               | INFO    | Regime on 2018-08-03: BULL (close=11361, SMA50=10881, SMA200=10566, ADX=36.3) → capital=100%
2026-05-30 20:36:46 | regime               | INFO    | Regime on 2018-08-10: BULL (close=11430, SMA50=10956, SMA200=10597, ADX=40.5) → capital=100%
2026-05-30 20:36:56 | regime               | INFO    | Regime on 2018-08-17: BULL (close=11471, SMA50=11015, SMA200=10618, ADX=38.1) → capital=100%
2026-05-30 20:37:05 | regime               | INFO    | Regime on 2018-08-24: BULL (close=11557, SMA50=11075, SMA200=10641, ADX=40.0) → capital=100%
2026-05-30 20:37:15 | regime               | INFO    | Regime on 2018-08-31: BULL (close=11680, SMA50=11167, SMA200=10675, ADX=42.6) → capital=100%
2026-05-30 20:37:24 | regime               | INFO    | Regime on 2018-09-07: BULL (close=11589, SMA50=11246, SMA200=10709, ADX=32.2) → capital=100%
2026-05-30 20:37:34 | regime               | INFO    | Regime on 2018-09-14: BULL (close=11515, SMA50=11305, SMA200=10730, ADX=27.4) → capital=100%
2026-05-30 20:37:43 | regime               | INFO    | Regime on 2018-09-21: BULL (close=11143, SMA50=11342, SMA200=10748, ADX=27.5) → capital=100%
2026-05-30 20:37:53 | regime               | INFO    | Regime on 2018-09-28: BULL (close=10930, SMA50=11345, SMA200=10769, ADX=33.5) → capital=100%
2026-05-30 20:38:02 | regime               | INFO    | Regime on 2018-10-05: BEAR (close=10316, SMA50=11321, SMA200=10778, ADX=40.2) → capital=30%
2026-05-30 20:38:12 | regime               | INFO    | Regime on 2018-10-12: BEAR (close=10472, SMA50=11242, SMA200=10779, ADX=47.3) → capital=30%
2026-05-30 20:38:22 | regime               | INFO    | Regime on 2018-10-19: BEAR (close=10304, SMA50=11174, SMA200=10779, ADX=43.8) → capital=30%
2026-05-30 20:38:32 | regime               | INFO    | Regime on 2018-10-26: BEAR (close=10030, SMA50=11048, SMA200=10771, ADX=40.7) → capital=30%
2026-05-30 20:38:41 | regime               | INFO    | Regime on 2018-11-02: BEAR (close=10553, SMA50=10942, SMA200=10765, ADX=32.0) → capital=30%
2026-05-30 20:38:51 | regime               | INFO    | Regime on 2018-11-09: BEAR (close=10585, SMA50=10861, SMA200=10762, ADX=26.3) → capital=30%
2026-05-30 20:39:01 | regime               | INFO    | Regime on 2018-11-16: BEAR (close=10682, SMA50=10750, SMA200=10754, ADX=19.3) → capital=30%
2026-05-30 20:39:11 | regime               | INFO    | Regime on 2018-11-22: BEAR (close=10527, SMA50=10679, SMA200=10745, ADX=16.3) → capital=30%
2026-05-30 20:39:21 | regime               | INFO    | Regime on 2018-11-30: NEUTRAL (close=10877, SMA50=10611, SMA200=10744, ADX=15.1) → capital=70%
2026-05-30 20:39:31 | regime               | INFO    | Regime on 2018-12-07: BEAR (close=10694, SMA50=10567, SMA200=10751, ADX=14.9) → capital=30%
2026-05-30 20:39:41 | regime               | INFO    | Regime on 2018-12-14: NEUTRAL (close=10805, SMA50=10534, SMA200=10757, ADX=14.1) → capital=70%
2026-05-30 20:39:51 | regime               | INFO    | Regime on 2018-12-21: BEAR (close=10754, SMA50=10575, SMA200=10767, ADX=11.9) → capital=30%
2026-05-30 20:40:01 | regime               | INFO    | Regime on 2018-12-28: NEUTRAL (close=10860, SMA50=10602, SMA200=10776, ADX=13.1) → capital=70%
2026-05-30 20:40:11 | regime               | INFO    | Regime on 2019-01-04: BEAR (close=10727, SMA50=10631, SMA200=10785, ADX=14.3) → capital=30%
2026-05-30 20:40:21 | regime               | INFO    | Regime on 2019-01-11: BEAR (close=10795, SMA50=10697, SMA200=10799, ADX=13.6) → capital=30%
2026-05-30 20:40:31 | regime               | INFO    | Regime on 2019-01-18: NEUTRAL (close=10907, SMA50=10742, SMA200=10818, ADX=12.2) → capital=70%
2026-05-30 20:40:41 | regime               | INFO    | Regime on 2019-01-25: BEAR (close=10781, SMA50=10774, SMA200=10834, ADX=9.9) → capital=30%
2026-05-30 20:40:51 | regime               | INFO    | Regime on 2019-02-01: NEUTRAL (close=10894, SMA50=10782, SMA200=10843, ADX=11.2) → capital=70%
2026-05-30 20:41:01 | regime               | INFO    | Regime on 2019-02-08: NEUTRAL (close=10944, SMA50=10817, SMA200=10854, ADX=14.8) → capital=70%
2026-05-30 20:41:11 | regime               | INFO    | Regime on 2019-02-22: BEAR (close=10792, SMA50=10820, SMA200=10859, ADX=13.9) → capital=30%
2026-05-30 20:41:21 | regime               | INFO    | Regime on 2019-03-01: NEUTRAL (close=10864, SMA50=10820, SMA200=10862, ADX=10.4) → capital=70%
2026-05-30 20:41:31 | regime               | INFO    | Regime on 2019-03-08: NEUTRAL (close=11035, SMA50=10836, SMA200=10867, ADX=13.9) → capital=70%
2026-05-30 20:41:42 | regime               | INFO    | Regime on 2019-03-15: BULL (close=11427, SMA50=10888, SMA200=10886, ADX=24.6) → capital=100%
2026-05-30 20:41:52 | regime               | INFO    | Regime on 2019-03-22: BULL (close=11457, SMA50=10948, SMA200=10904, ADX=32.7) → capital=100%
2026-05-30 20:42:02 | regime               | INFO    | Regime on 2019-03-28: BULL (close=11570, SMA50=11000, SMA200=10920, ADX=33.1) → capital=100%
2026-05-30 20:42:12 | regime               | INFO    | Regime on 2019-04-05: BULL (close=11666, SMA50=11075, SMA200=10943, ADX=37.0) → capital=100%
2026-05-30 20:42:23 | regime               | INFO    | Regime on 2019-04-12: BULL (close=11643, SMA50=11156, SMA200=10963, ADX=34.9) → capital=100%
2026-05-30 20:42:33 | regime               | INFO    | Regime on 2019-04-18: BULL (close=11753, SMA50=11218, SMA200=10978, ADX=36.8) → capital=100%
2026-05-30 20:42:44 | regime               | INFO    | Regime on 2019-04-26: BULL (close=11755, SMA50=11287, SMA200=11002, ADX=33.9) → capital=100%
2026-05-30 20:42:54 | regime               | INFO    | Regime on 2019-05-03: BULL (close=11712, SMA50=11337, SMA200=11017, ADX=33.9) → capital=100%
2026-05-30 20:43:04 | regime               | INFO    | Regime on 2019-05-10: BULL (close=11279, SMA50=11409, SMA200=11032, ADX=28.7) → capital=100%
2026-05-30 20:43:15 | regime               | INFO    | Regime on 2019-05-17: BULL (close=11407, SMA50=11450, SMA200=11038, ADX=29.8) → capital=100%
2026-05-30 20:43:26 | regime               | INFO    | Regime on 2019-05-24: BULL (close=11844, SMA50=11531, SMA200=11056, ADX=31.5) → capital=100%
2026-05-30 20:43:36 | regime               | INFO    | Regime on 2019-05-31: BULL (close=11923, SMA50=11599, SMA200=11073, ADX=36.6) → capital=100%
2026-05-30 20:43:47 | regime               | INFO    | Regime on 2019-06-07: BULL (close=11871, SMA50=11636, SMA200=11085, ADX=36.8) → capital=100%
2026-05-30 20:43:58 | regime               | INFO    | Regime on 2019-06-14: BULL (close=11823, SMA50=11681, SMA200=11097, ADX=31.8) → capital=100%
2026-05-30 20:44:08 | regime               | INFO    | Regime on 2019-06-21: BULL (close=11724, SMA50=11687, SMA200=11103, ADX=23.7) → capital=100%
2026-05-30 20:44:19 | regime               | INFO    | Regime on 2019-06-28: BULL (close=11789, SMA50=11705, SMA200=11107, ADX=20.7) → capital=100%
2026-05-30 20:44:29 | regime               | INFO    | Regime on 2019-07-05: NEUTRAL (close=11811, SMA50=11726, SMA200=11115, ADX=19.6) → capital=70%
2026-05-30 20:44:41 | regime               | INFO    | Regime on 2019-07-12: BULL (close=11552, SMA50=11709, SMA200=11117, ADX=21.8) → capital=100%
2026-05-30 20:44:52 | regime               | INFO    | Regime on 2019-07-19: BULL (close=11419, SMA50=11719, SMA200=11124, ADX=21.0) → capital=100%
2026-05-30 20:45:02 | regime               | INFO    | Regime on 2019-07-26: BULL (close=11284, SMA50=11727, SMA200=11132, ADX=28.2) → capital=100%
2026-05-30 20:45:14 | regime               | INFO    | Regime on 2019-08-02: BEAR (close=10997, SMA50=11668, SMA200=11143, ADX=38.2) → capital=30%
2026-05-30 20:45:24 | regime               | INFO    | Regime on 2019-08-09: BEAR (close=11110, SMA50=11574, SMA200=11157, ADX=38.9) → capital=30%
2026-05-30 20:45:35 | regime               | INFO    | Regime on 2019-08-16: BEAR (close=11048, SMA50=11513, SMA200=11165, ADX=36.9) → capital=30%
2026-05-30 20:45:46 | regime               | INFO    | Regime on 2019-08-23: BEAR (close=10829, SMA50=11414, SMA200=11184, ADX=35.8) → capital=30%
2026-05-30 20:45:57 | regime               | INFO    | Regime on 2019-08-30: BEAR (close=11023, SMA50=11342, SMA200=11201, ADX=31.1) → capital=30%
2026-05-30 20:46:08 | regime               | INFO    | Regime on 2019-09-06: BEAR (close=10946, SMA50=11270, SMA200=11207, ADX=30.5) → capital=30%
2026-05-30 20:46:19 | regime               | INFO    | Regime on 2019-09-13: BEAR (close=11076, SMA50=11205, SMA200=11216, ADX=26.3) → capital=30%
2026-05-30 20:46:30 | regime               | INFO    | Regime on 2019-09-20: NEUTRAL (close=11274, SMA50=11115, SMA200=11224, ADX=26.5) → capital=70%
2026-05-30 20:46:41 | regime               | INFO    | Regime on 2019-09-27: NEUTRAL (close=11512, SMA50=11113, SMA200=11243, ADX=25.5) → capital=70%
2026-05-30 20:46:52 | regime               | INFO    | Regime on 2019-10-04: BEAR (close=11175, SMA50=11092, SMA200=11254, ADX=20.2) → capital=30%
2026-05-30 20:47:04 | regime               | INFO    | Regime on 2019-10-11: NEUTRAL (close=11305, SMA50=11088, SMA200=11267, ADX=16.2) → capital=70%
2026-05-30 20:47:16 | regime               | INFO    | Regime on 2019-10-18: NEUTRAL (close=11662, SMA50=11124, SMA200=11282, ADX=16.7) → capital=70%
2026-05-30 20:47:27 | regime               | INFO    | Regime on 2019-10-27: NEUTRAL (close=11584, SMA50=11178, SMA200=11299, ADX=19.6) → capital=70%
2026-05-30 20:47:38 | regime               | INFO    | Regime on 2019-11-01: NEUTRAL (close=11891, SMA50=11244, SMA200=11319, ADX=25.2) → capital=70%
2026-05-30 20:47:49 | regime               | INFO    | Regime on 2019-11-08: NEUTRAL (close=11908, SMA50=11344, SMA200=11349, ADX=29.9) → capital=70%
2026-05-30 20:48:01 | regime               | INFO    | Regime on 2019-11-15: BULL (close=11895, SMA50=11413, SMA200=11370, ADX=28.4) → capital=100%
2026-05-30 20:48:12 | regime               | INFO    | Regime on 2019-11-22: BULL (close=11914, SMA50=11518, SMA200=11396, ADX=28.1) → capital=100%
2026-05-30 20:48:23 | regime               | INFO    | Regime on 2019-11-29: BULL (close=12056, SMA50=11626, SMA200=11429, ADX=29.6) → capital=100%
2026-05-30 20:48:34 | regime               | INFO    | Regime on 2019-12-06: BULL (close=11922, SMA50=11733, SMA200=11458, ADX=24.1) → capital=100%
2026-05-30 20:48:46 | regime               | INFO    | Regime on 2019-12-13: NEUTRAL (close=12087, SMA50=11774, SMA200=11483, ADX=19.4) → capital=70%
2026-05-30 20:48:57 | regime               | INFO    | Regime on 2019-12-20: BULL (close=12272, SMA50=11865, SMA200=11520, ADX=22.4) → capital=100%
2026-05-30 20:49:08 | regime               | INFO    | Regime on 2019-12-27: BULL (close=12246, SMA50=11938, SMA200=11548, ADX=21.4) → capital=100%
2026-05-30 20:49:20 | regime               | INFO    | Regime on 2020-01-03: NEUTRAL (close=12227, SMA50=12006, SMA200=11581, ADX=18.8) → capital=70%
2026-05-30 20:49:31 | regime               | INFO    | Regime on 2020-01-10: NEUTRAL (close=12257, SMA50=12049, SMA200=11604, ADX=17.3) → capital=70%
2026-05-30 20:49:43 | regime               | INFO    | Regime on 2020-01-17: NEUTRAL (close=12352, SMA50=12092, SMA200=11627, ADX=16.7) → capital=70%
2026-05-30 20:49:54 | regime               | INFO    | Regime on 2020-01-24: NEUTRAL (close=12248, SMA50=12119, SMA200=11645, ADX=14.1) → capital=70%
2026-05-30 20:50:06 | regime               | INFO    | Regime on 2020-01-31: NEUTRAL (close=11962, SMA50=12132, SMA200=11655, ADX=16.4) → capital=70%
2026-05-30 20:50:17 | regime               | INFO    | Regime on 2020-02-07: NEUTRAL (close=12098, SMA50=12126, SMA200=11664, ADX=17.4) → capital=70%
2026-05-30 20:50:29 | regime               | INFO    | Regime on 2020-02-14: NEUTRAL (close=12113, SMA50=12136, SMA200=11676, ADX=14.0) → capital=70%
2026-05-30 20:50:41 | regime               | INFO    | Regime on 2020-02-20: NEUTRAL (close=12081, SMA50=12148, SMA200=11682, ADX=13.9) → capital=70%
2026-05-30 20:50:52 | regime               | INFO    | Regime on 2020-02-28: BEAR (close=11202, SMA50=12101, SMA200=11684, ADX=22.3) → capital=30%
2026-05-30 20:51:04 | regime               | INFO    | Regime on 2020-03-06: BEAR (close=10989, SMA50=11997, SMA200=11683, ADX=35.0) → capital=30%
2026-05-30 20:51:16 | regime               | INFO    | Regime on 2020-03-13: BEAR (close=9955, SMA50=11829, SMA200=11654, ADX=47.2) → capital=30%
2026-05-30 20:51:27 | regime               | INFO    | Regime on 2020-03-20: BEAR (close=8745, SMA50=11490, SMA200=11577, ADX=59.7) → capital=30%
2026-05-30 20:51:37 | regime               | INFO    | Regime on 2020-03-27: BEAR (close=8660, SMA50=11081, SMA200=11483, ADX=60.3) → capital=30%
2026-05-30 20:51:47 | regime               | INFO    | Regime on 2020-04-03: BEAR (close=8084, SMA50=10763, SMA200=11411, ADX=55.7) → capital=30%
2026-05-30 20:51:56 | regime               | INFO    | Regime on 2020-04-09: BEAR (close=9112, SMA50=10565, SMA200=11366, ADX=48.6) → capital=30%
2026-05-30 20:52:06 | regime               | INFO    | Regime on 2020-04-17: BEAR (close=9267, SMA50=10322, SMA200=11312, ADX=38.9) → capital=30%
2026-05-30 20:52:17 | regime               | INFO    | Regime on 2020-04-24: BEAR (close=9154, SMA50=10043, SMA200=11247, ADX=28.0) → capital=30%
2026-05-30 20:52:29 | regime               | INFO    | Regime on 2020-04-30: BEAR (close=9860, SMA50=9835, SMA200=11200, ADX=23.2) → capital=30%
2026-05-30 20:52:41 | regime               | INFO    | Regime on 2020-05-08: BEAR (close=9252, SMA50=9551, SMA200=11140, ADX=16.8) → capital=30%
2026-05-30 20:52:52 | regime               | INFO    | Regime on 2020-05-15: BEAR (close=9137, SMA50=9292, SMA200=11080, ADX=12.9) → capital=30%
2026-05-30 20:53:04 | regime               | INFO    | Regime on 2020-05-22: BEAR (close=9039, SMA50=9067, SMA200=11019, ADX=12.0) → capital=30%
2026-05-30 20:53:16 | regime               | INFO    | Regime on 2020-05-29: BEAR (close=9580, SMA50=8986, SMA200=10982, ADX=11.1) → capital=30%
2026-05-30 20:53:29 | regime               | INFO    | Regime on 2020-06-05: BEAR (close=10142, SMA50=9090, SMA200=10958, ADX=17.1) → capital=30%
2026-05-30 20:53:41 | regime               | INFO    | Regime on 2020-06-12: BEAR (close=9973, SMA50=9272, SMA200=10934, ADX=18.6) → capital=30%
2026-05-30 20:53:53 | regime               | INFO    | Regime on 2020-06-19: BEAR (close=10244, SMA50=9433, SMA200=10910, ADX=15.5) → capital=30%
2026-05-30 20:54:05 | regime               | INFO    | Regime on 2020-06-26: BEAR (close=10383, SMA50=9577, SMA200=10894, ADX=19.1) → capital=30%
2026-05-30 20:54:17 | regime               | INFO    | Regime on 2020-07-03: BEAR (close=10607, SMA50=9707, SMA200=10883, ADX=21.7) → capital=30%
2026-05-30 20:54:29 | regime               | INFO    | Regime on 2020-07-10: BEAR (close=10768, SMA50=9850, SMA200=10877, ADX=28.1) → capital=30%
2026-05-30 20:54:42 | regime               | INFO    | Regime on 2020-07-17: NEUTRAL (close=10902, SMA50=9987, SMA200=10869, ADX=29.2) → capital=70%
2026-05-30 20:54:54 | regime               | INFO    | Regime on 2020-07-24: NEUTRAL (close=11194, SMA50=10177, SMA200=10859, ADX=35.3) → capital=70%
2026-05-30 20:55:07 | regime               | INFO    | Regime on 2020-07-31: NEUTRAL (close=11073, SMA50=10393, SMA200=10857, ADX=39.0) → capital=70%
2026-05-30 20:55:19 | regime               | INFO    | Regime on 2020-08-07: NEUTRAL (close=11214, SMA50=10574, SMA200=10851, ADX=35.4) → capital=70%
2026-05-30 20:55:31 | regime               | INFO    | Regime on 2020-08-14: NEUTRAL (close=11178, SMA50=10701, SMA200=10842, ADX=34.4) → capital=70%
2026-05-30 20:55:44 | regime               | INFO    | Regime on 2020-08-21: BULL (close=11372, SMA50=10831, SMA200=10831, ADX=30.6) → capital=100%
2026-05-30 20:55:57 | regime               | INFO    | Regime on 2020-08-28: BULL (close=11648, SMA50=10986, SMA200=10821, ADX=31.7) → capital=100%
2026-05-30 20:56:09 | regime               | INFO    | Regime on 2020-09-11: NEUTRAL (close=11464, SMA50=11190, SMA200=10795, ADX=19.6) → capital=70%
2026-05-30 20:56:21 | regime               | INFO    | Regime on 2020-09-18: NEUTRAL (close=11505, SMA50=11264, SMA200=10781, ADX=17.1) → capital=70%
2026-05-30 20:56:34 | regime               | INFO    | Regime on 2020-10-01: NEUTRAL (close=11417, SMA50=11310, SMA200=10745, ADX=18.0) → capital=70%
2026-05-30 20:56:46 | regime               | INFO    | Regime on 2020-10-09: NEUTRAL (close=11914, SMA50=11365, SMA200=10733, ADX=19.9) → capital=70%
2026-05-30 20:56:59 | regime               | INFO    | Regime on 2020-10-16: BULL (close=11762, SMA50=11443, SMA200=10724, ADX=21.5) → capital=100%
2026-05-30 20:57:11 | regime               | INFO    | Regime on 2020-10-23: BULL (close=11930, SMA50=11506, SMA200=10717, ADX=23.3) → capital=100%
2026-05-30 20:57:24 | regime               | INFO    | Regime on 2020-10-30: NEUTRAL (close=11642, SMA50=11549, SMA200=10707, ADX=18.3) → capital=70%
2026-05-30 20:57:37 | regime               | INFO    | Regime on 2020-11-06: NEUTRAL (close=12264, SMA50=11596, SMA200=10697, ADX=18.3) → capital=70%
2026-05-30 20:57:49 | regime               | INFO    | Regime on 2020-11-14: BULL (close=12720, SMA50=11710, SMA200=10709, ADX=29.0) → capital=100%
2026-05-30 20:58:02 | regime               | INFO    | Regime on 2020-11-20: BULL (close=12859, SMA50=11833, SMA200=10726, ADX=35.8) → capital=100%
2026-05-30 20:58:15 | regime               | INFO    | Regime on 2020-11-27: BULL (close=12969, SMA50=11979, SMA200=10750, ADX=38.0) → capital=100%
2026-05-30 20:58:27 | regime               | INFO    | Regime on 2020-12-04: BULL (close=13259, SMA50=12123, SMA200=10770, ADX=39.6) → capital=100%
2026-05-30 20:58:40 | regime               | INFO    | Regime on 2020-12-11: BULL (close=13514, SMA50=12360, SMA200=10805, ADX=44.5) → capital=100%
2026-05-30 20:58:53 | regime               | INFO    | Regime on 2020-12-18: BULL (close=13761, SMA50=12574, SMA200=10855, ADX=48.6) → capital=100%
2026-05-30 20:59:06 | regime               | INFO    | Regime on 2021-01-01: BULL (close=14018, SMA50=12917, SMA200=10993, ADX=35.9) → capital=100%
2026-05-30 20:59:19 | regime               | INFO    | Regime on 2021-01-08: BULL (close=14347, SMA50=13148, SMA200=11130, ADX=38.7) → capital=100%
2026-05-30 20:59:32 | regime               | INFO    | Regime on 2021-01-15: BULL (close=14434, SMA50=13430, SMA200=11288, ADX=44.3) → capital=100%
2026-05-30 20:59:45 | regime               | INFO    | Regime on 2021-01-22: BULL (close=14372, SMA50=13651, SMA200=11440, ADX=41.3) → capital=100%
2026-05-30 20:59:58 | regime               | INFO    | Regime on 2021-01-29: BULL (close=13635, SMA50=13743, SMA200=11539, ADX=35.2) → capital=100%
2026-05-30 21:00:11 | regime               | INFO    | Regime on 2021-02-05: BULL (close=14924, SMA50=13923, SMA200=11678, ADX=30.4) → capital=100%
2026-05-30 21:00:24 | regime               | INFO    | Regime on 2021-02-12: BULL (close=15163, SMA50=14136, SMA200=11823, ADX=31.2) → capital=100%
2026-05-30 21:00:37 | regime               | INFO    | Regime on 2021-02-19: BULL (close=14982, SMA50=14321, SMA200=11969, ADX=30.7) → capital=100%
2026-05-30 21:00:50 | regime               | INFO    | Regime on 2021-02-26: BULL (close=14529, SMA50=14445, SMA200=12108, ADX=24.1) → capital=100%
2026-05-30 21:01:03 | regime               | INFO    | Regime on 2021-03-05: NEUTRAL (close=14938, SMA50=14586, SMA200=12257, ADX=18.9) → capital=70%
2026-05-30 21:01:17 | regime               | INFO    | Regime on 2021-03-12: NEUTRAL (close=15031, SMA50=14680, SMA200=12374, ADX=14.9) → capital=70%
2026-05-30 21:01:30 | regime               | INFO    | Regime on 2021-03-19: NEUTRAL (close=14744, SMA50=14748, SMA200=12496, ADX=17.5) → capital=70%
2026-05-30 21:01:43 | regime               | INFO    | Regime on 2021-03-26: BULL (close=14507, SMA50=14765, SMA200=12609, ADX=23.4) → capital=100%
2026-05-30 21:01:57 | regime               | INFO    | Regime on 2021-04-01: BULL (close=14867, SMA50=14787, SMA200=12683, ADX=22.5) → capital=100%
2026-05-30 21:02:10 | regime               | INFO    | Regime on 2021-04-09: BULL (close=14835, SMA50=14816, SMA200=12797, ADX=21.4) → capital=100%
2026-05-30 21:02:23 | regime               | INFO    | Regime on 2021-04-23: BULL (close=14341, SMA50=14825, SMA200=12958, ADX=25.7) → capital=100%
2026-05-30 21:02:37 | regime               | INFO    | Regime on 2021-04-30: BULL (close=14631, SMA50=14783, SMA200=13056, ADX=20.4) → capital=100%
2026-05-30 21:02:50 | regime               | INFO    | Regime on 2021-05-07: NEUTRAL (close=14823, SMA50=14730, SMA200=13155, ADX=16.3) → capital=70%
2026-05-30 21:03:04 | regime               | INFO    | Regime on 2021-05-14: NEUTRAL (close=14678, SMA50=14724, SMA200=13228, ADX=13.8) → capital=70%
2026-05-30 21:03:17 | regime               | INFO    | Regime on 2021-05-21: NEUTRAL (close=15175, SMA50=14736, SMA200=13324, ADX=12.2) → capital=70%
2026-05-30 21:03:30 | regime               | INFO    | Regime on 2021-05-28: NEUTRAL (close=15436, SMA50=14762, SMA200=13429, ADX=14.4) → capital=70%
2026-05-30 21:03:44 | regime               | INFO    | Regime on 2021-06-04: BULL (close=15670, SMA50=14846, SMA200=13538, ADX=20.3) → capital=100%
2026-05-30 21:03:57 | regime               | INFO    | Regime on 2021-06-11: BULL (close=15799, SMA50=14961, SMA200=13648, ADX=23.6) → capital=100%
2026-05-30 21:04:10 | regime               | INFO    | Regime on 2021-06-18: NEUTRAL (close=15683, SMA50=15063, SMA200=13756, ADX=19.9) → capital=70%
2026-05-30 21:04:24 | regime               | INFO    | Regime on 2021-06-25: NEUTRAL (close=15860, SMA50=15173, SMA200=13862, ADX=15.6) → capital=70%
2026-05-30 21:04:38 | regime               | INFO    | Regime on 2021-07-02: NEUTRAL (close=15722, SMA50=15302, SMA200=13972, ADX=13.1) → capital=70%
2026-05-30 21:04:52 | regime               | INFO    | Regime on 2021-07-09: NEUTRAL (close=15690, SMA50=15416, SMA200=14079, ADX=11.0) → capital=70%
2026-05-30 21:05:05 | regime               | INFO    | Regime on 2021-07-16: NEUTRAL (close=15923, SMA50=15538, SMA200=14196, ADX=10.1) → capital=70%
2026-05-30 21:05:19 | regime               | INFO    | Regime on 2021-07-23: NEUTRAL (close=15856, SMA50=15613, SMA200=14287, ADX=9.4) → capital=70%
2026-05-30 21:05:33 | regime               | INFO    | Regime on 2021-07-30: NEUTRAL (close=15763, SMA50=15697, SMA200=14390, ADX=10.8) → capital=70%
2026-05-30 21:05:46 | regime               | INFO    | Regime on 2021-08-06: NEUTRAL (close=16238, SMA50=15788, SMA200=14497, ADX=13.9) → capital=70%
2026-05-30 21:06:00 | regime               | INFO    | Regime on 2021-08-13: NEUTRAL (close=16529, SMA50=15865, SMA200=14609, ADX=17.4) → capital=70%
2026-05-30 21:06:14 | regime               | INFO    | Regime on 2021-08-20: BULL (close=16450, SMA50=15933, SMA200=14703, ADX=22.1) → capital=100%
2026-05-30 21:06:28 | regime               | INFO    | Regime on 2021-08-27: BULL (close=16705, SMA50=16016, SMA200=14825, ADX=26.0) → capital=100%
2026-05-30 21:06:41 | regime               | INFO    | Regime on 2021-09-03: BULL (close=17324, SMA50=16158, SMA200=14943, ADX=36.3) → capital=100%
2026-05-30 21:06:55 | regime               | INFO    | Regime on 2021-09-09: BULL (close=17369, SMA50=16283, SMA200=15034, ADX=41.9) → capital=100%
2026-05-30 21:07:09 | regime               | INFO    | Regime on 2021-09-17: BULL (close=17585, SMA50=16457, SMA200=15149, ADX=46.7) → capital=100%
2026-05-30 21:07:23 | regime               | INFO    | Regime on 2021-09-24: BULL (close=17853, SMA50=16644, SMA200=15263, ADX=46.3) → capital=100%
2026-05-30 21:07:37 | regime               | INFO    | Regime on 2021-10-01: BULL (close=17532, SMA50=16832, SMA200=15371, ADX=40.4) → capital=100%
2026-05-30 21:07:50 | regime               | INFO    | Regime on 2021-10-08: BULL (close=17895, SMA50=17030, SMA200=15474, ADX=37.4) → capital=100%
2026-05-30 21:08:04 | regime               | INFO    | Regime on 2021-10-14: BULL (close=18339, SMA50=17207, SMA200=15566, ADX=40.2) → capital=100%
2026-05-30 21:08:18 | regime               | INFO    | Regime on 2021-10-22: BULL (close=18115, SMA50=17410, SMA200=15676, ADX=39.3) → capital=100%
2026-05-30 21:08:32 | regime               | INFO    | Regime on 2021-10-29: BULL (close=17672, SMA50=17565, SMA200=15773, ADX=32.1) → capital=100%
2026-05-30 21:08:46 | regime               | INFO    | Regime on 2021-11-04: BULL (close=17917, SMA50=17674, SMA200=15841, ADX=27.7) → capital=100%
2026-05-30 21:09:00 | regime               | INFO    | Regime on 2021-11-12: BULL (close=18103, SMA50=17795, SMA200=15929, ADX=21.3) → capital=100%
2026-05-30 21:09:14 | regime               | INFO    | Regime on 2021-11-18: NEUTRAL (close=17765, SMA50=17850, SMA200=16002, ADX=18.6) → capital=70%
2026-05-30 21:09:28 | regime               | INFO    | Regime on 2021-11-26: BULL (close=17026, SMA50=17852, SMA200=16081, ADX=26.0) → capital=100%
2026-05-30 21:09:43 | regime               | INFO    | Regime on 2021-12-03: BULL (close=17197, SMA50=17814, SMA200=16134, ADX=29.4) → capital=100%
2026-05-30 21:09:57 | regime               | INFO    | Regime on 2021-12-17: BULL (close=16985, SMA50=17725, SMA200=16245, ADX=22.4) → capital=100%
2026-05-30 21:10:11 | regime               | INFO    | Regime on 2021-12-24: BULL (close=17004, SMA50=17628, SMA200=16294, ADX=25.7) → capital=100%
2026-05-30 21:10:26 | regime               | INFO    | Regime on 2021-12-31: BULL (close=17354, SMA50=17516, SMA200=16348, ADX=23.9) → capital=100%
2026-05-30 21:10:40 | regime               | INFO    | Regime on 2022-01-07: BULL (close=17813, SMA50=17477, SMA200=16422, ADX=20.9) → capital=100%
2026-05-30 21:10:54 | regime               | INFO    | Regime on 2022-01-14: BULL (close=18256, SMA50=17509, SMA200=16510, ADX=23.7) → capital=100%
2026-05-30 21:11:08 | regime               | INFO    | Regime on 2022-01-21: BULL (close=17617, SMA50=17505, SMA200=16591, ADX=21.4) → capital=100%
2026-05-30 21:11:23 | regime               | INFO    | Regime on 2022-02-04: BULL (close=17516, SMA50=17438, SMA200=16715, ADX=21.2) → capital=100%
2026-05-30 21:11:37 | regime               | INFO    | Regime on 2022-02-11: BULL (close=17375, SMA50=17464, SMA200=16789, ADX=20.6) → capital=100%
2026-05-30 21:11:52 | regime               | INFO    | Regime on 2022-02-18: NEUTRAL (close=17276, SMA50=17461, SMA200=16852, ADX=19.6) → capital=70%
2026-05-30 21:12:06 | regime               | INFO    | Regime on 2022-02-25: BEAR (close=16658, SMA50=17413, SMA200=16903, ADX=23.8) → capital=30%
2026-05-30 21:12:21 | regime               | INFO    | Regime on 2022-03-04: BEAR (close=16245, SMA50=17389, SMA200=16937, ADX=29.3) → capital=30%
2026-05-30 21:12:35 | regime               | INFO    | Regime on 2022-03-11: BEAR (close=16630, SMA50=17306, SMA200=16967, ADX=30.0) → capital=30%
2026-05-30 21:12:49 | regime               | INFO    | Regime on 2022-03-17: BULL (close=17287, SMA50=17262, SMA200=16997, ADX=24.3) → capital=100%
2026-05-30 21:13:04 | regime               | INFO    | Regime on 2022-03-25: NEUTRAL (close=17153, SMA50=17192, SMA200=17036, ADX=17.4) → capital=70%
2026-05-30 21:13:18 | regime               | INFO    | Regime on 2022-04-01: NEUTRAL (close=17670, SMA50=17113, SMA200=17079, ADX=15.1) → capital=70%
2026-05-30 21:13:33 | regime               | INFO    | Regime on 2022-04-08: NEUTRAL (close=17784, SMA50=17143, SMA200=17131, ADX=17.8) → capital=70%
2026-05-30 21:13:47 | regime               | INFO    | Regime on 2022-04-13: NEUTRAL (close=17476, SMA50=17165, SMA200=17158, ADX=16.2) → capital=70%
2026-05-30 21:14:02 | regime               | INFO    | Regime on 2022-04-22: BEAR (close=17172, SMA50=17129, SMA200=17193, ADX=15.8) → capital=30%
2026-05-30 21:14:16 | regime               | INFO    | Regime on 2022-04-29: BEAR (close=17103, SMA50=17109, SMA200=17226, ADX=14.4) → capital=30%
2026-05-30 21:14:31 | regime               | INFO    | Regime on 2022-05-06: BEAR (close=16411, SMA50=17061, SMA200=17245, ADX=16.3) → capital=30%
2026-05-30 21:14:47 | regime               | INFO    | Regime on 2022-05-13: BEAR (close=15782, SMA50=16981, SMA200=17251, ADX=24.9) → capital=30%
2026-05-30 21:15:01 | regime               | INFO    | Regime on 2022-05-20: BEAR (close=16266, SMA50=16949, SMA200=17259, ADX=26.0) → capital=30%
2026-05-30 21:15:16 | regime               | INFO    | Regime on 2022-05-27: BEAR (close=16352, SMA50=16918, SMA200=17261, ADX=23.1) → capital=30%
2026-05-30 21:15:31 | regime               | INFO    | Regime on 2022-06-03: BEAR (close=16584, SMA50=16871, SMA200=17269, ADX=16.8) → capital=30%
2026-05-30 21:15:45 | regime               | INFO    | Regime on 2022-06-10: BEAR (close=16202, SMA50=16788, SMA200=17266, ADX=14.3) → capital=30%
2026-05-30 21:16:00 | regime               | INFO    | Regime on 2022-06-17: BEAR (close=15294, SMA50=16572, SMA200=17239, ADX=22.7) → capital=30%
2026-05-30 21:16:15 | regime               | INFO    | Regime on 2022-06-24: BEAR (close=15699, SMA50=16356, SMA200=17199, ADX=24.4) → capital=30%
2026-05-30 21:16:30 | regime               | INFO    | Regime on 2022-07-01: BEAR (close=15752, SMA50=16214, SMA200=17160, ADX=20.6) → capital=30%
2026-05-30 21:16:45 | regime               | INFO    | Regime on 2022-07-08: BEAR (close=16221, SMA50=16101, SMA200=17123, ADX=16.7) → capital=30%
2026-05-30 21:16:59 | regime               | INFO    | Regime on 2022-07-15: BEAR (close=16049, SMA50=16027, SMA200=17081, ADX=13.6) → capital=30%
2026-05-30 21:17:14 | regime               | INFO    | Regime on 2022-07-22: BEAR (close=16719, SMA50=16070, SMA200=17051, ADX=15.8) → capital=30%
2026-05-30 21:17:29 | regime               | INFO    | Regime on 2022-07-29: NEUTRAL (close=17158, SMA50=16139, SMA200=17025, ADX=19.5) → capital=70%
2026-05-30 21:17:44 | regime               | INFO    | Regime on 2022-08-05: NEUTRAL (close=17398, SMA50=16258, SMA200=17002, ADX=28.9) → capital=70%
2026-05-30 21:17:59 | regime               | INFO    | Regime on 2022-08-12: NEUTRAL (close=17698, SMA50=16339, SMA200=16991, ADX=35.9) → capital=70%
2026-05-30 21:18:14 | regime               | INFO    | Regime on 2022-08-19: NEUTRAL (close=17758, SMA50=16450, SMA200=16988, ADX=41.4) → capital=70%
2026-05-30 21:18:29 | regime               | INFO    | Regime on 2022-08-26: NEUTRAL (close=17559, SMA50=16607, SMA200=16979, ADX=33.7) → capital=70%
2026-05-30 21:18:44 | regime               | INFO    | Regime on 2022-09-02: NEUTRAL (close=17539, SMA50=16777, SMA200=16970, ADX=28.5) → capital=70%
2026-05-30 21:18:59 | regime               | INFO    | Regime on 2022-09-09: BULL (close=17833, SMA50=16982, SMA200=16967, ADX=26.1) → capital=100%
2026-05-30 21:19:14 | regime               | INFO    | Regime on 2022-09-16: BULL (close=17531, SMA50=17191, SMA200=16981, ADX=24.2) → capital=100%
2026-05-30 21:19:29 | regime               | INFO    | Regime on 2022-09-23: NEUTRAL (close=17327, SMA50=17341, SMA200=16993, ADX=19.6) → capital=70%
2026-05-30 21:19:44 | regime               | INFO    | Regime on 2022-10-07: BULL (close=17315, SMA50=17472, SMA200=16982, ADX=21.3) → capital=100%
2026-05-30 21:19:59 | regime               | INFO    | Regime on 2022-10-14: BULL (close=17186, SMA50=17492, SMA200=16988, ADX=20.5) → capital=100%
2026-05-30 21:20:14 | regime               | INFO    | Regime on 2022-10-21: NEUTRAL (close=17576, SMA50=17500, SMA200=16995, ADX=16.2) → capital=70%
2026-05-30 21:20:29 | regime               | INFO    | Regime on 2022-10-28: NEUTRAL (close=17787, SMA50=17504, SMA200=16994, ADX=15.2) → capital=70%
2026-05-30 21:20:45 | regime               | INFO    | Regime on 2022-11-04: NEUTRAL (close=18117, SMA50=17537, SMA200=16994, ADX=18.8) → capital=70%
2026-05-30 21:21:00 | regime               | INFO    | Regime on 2022-11-11: BULL (close=18350, SMA50=17592, SMA200=16995, ADX=21.4) → capital=100%
2026-05-30 21:21:15 | regime               | INFO    | Regime on 2022-11-18: BULL (close=18308, SMA50=17665, SMA200=17019, ADX=23.6) → capital=100%
2026-05-30 21:21:31 | regime               | INFO    | Regime on 2022-11-25: BULL (close=18513, SMA50=17713, SMA200=17041, ADX=22.6) → capital=100%
2026-05-30 21:21:46 | regime               | INFO    | Regime on 2022-12-02: BULL (close=18696, SMA50=17805, SMA200=17073, ADX=24.4) → capital=100%
2026-05-30 21:22:01 | regime               | INFO    | Regime on 2022-12-09: BULL (close=18497, SMA50=17931, SMA200=17107, ADX=20.3) → capital=100%
2026-05-30 21:22:17 | regime               | INFO    | Regime on 2022-12-16: NEUTRAL (close=18269, SMA50=18081, SMA200=17144, ADX=17.4) → capital=70%
2026-05-30 21:22:33 | regime               | INFO    | Regime on 2022-12-23: BULL (close=17807, SMA50=18180, SMA200=17185, ADX=20.2) → capital=100%
2026-05-30 21:22:48 | regime               | INFO    | Regime on 2022-12-30: BULL (close=18105, SMA50=18261, SMA200=17231, ADX=23.4) → capital=100%
2026-05-30 21:23:04 | regime               | INFO    | Regime on 2023-01-06: BULL (close=17859, SMA50=18303, SMA200=17258, ADX=26.8) → capital=100%
2026-05-30 21:23:20 | regime               | INFO    | Regime on 2023-01-13: BULL (close=17957, SMA50=18296, SMA200=17276, ADX=30.3) → capital=100%
2026-05-30 21:23:35 | regime               | INFO    | Regime on 2023-01-20: BULL (close=18028, SMA50=18283, SMA200=17287, ADX=26.8) → capital=100%
2026-05-30 21:23:51 | regime               | INFO    | Regime on 2023-01-27: BULL (close=17604, SMA50=18248, SMA200=17289, ADX=26.9) → capital=100%
2026-05-30 21:24:06 | regime               | INFO    | Regime on 2023-02-03: BULL (close=17854, SMA50=18187, SMA200=17297, ADX=27.5) → capital=100%
2026-05-30 21:24:21 | regime               | INFO    | Regime on 2023-02-10: NEUTRAL (close=17856, SMA50=18104, SMA200=17314, ADX=19.9) → capital=70%
2026-05-30 21:24:37 | regime               | INFO    | Regime on 2023-02-17: NEUTRAL (close=17944, SMA50=18034, SMA200=17336, ADX=16.0) → capital=70%
2026-05-30 21:24:52 | regime               | INFO    | Regime on 2023-02-24: NEUTRAL (close=17466, SMA50=17944, SMA200=17368, ADX=16.8) → capital=70%
2026-05-30 21:25:08 | regime               | INFO    | Regime on 2023-03-03: BULL (close=17594, SMA50=17857, SMA200=17404, ADX=21.7) → capital=100%
2026-05-30 21:25:23 | regime               | INFO    | Regime on 2023-03-10: BEAR (close=17413, SMA50=17825, SMA200=17434, ADX=19.2) → capital=30%
2026-05-30 21:25:39 | regime               | INFO    | Regime on 2023-03-17: BEAR (close=17100, SMA50=17715, SMA200=17452, ADX=26.2) → capital=30%
2026-05-30 21:25:55 | regime               | INFO    | Regime on 2023-03-24: BEAR (close=16945, SMA50=17625, SMA200=17464, ADX=29.4) → capital=30%
2026-05-30 21:26:11 | regime               | INFO    | Regime on 2023-03-31: BEAR (close=17360, SMA50=17557, SMA200=17482, ADX=29.2) → capital=30%
2026-05-30 21:26:26 | regime               | INFO    | Regime on 2023-04-06: BULL (close=17599, SMA50=17522, SMA200=17511, ADX=25.0) → capital=100%
2026-05-30 21:26:42 | regime               | INFO    | Regime on 2023-04-13: NEUTRAL (close=17828, SMA50=17508, SMA200=17558, ADX=24.3) → capital=70%
2026-05-30 21:26:58 | regime               | INFO    | Regime on 2023-04-21: NEUTRAL (close=17624, SMA50=17504, SMA200=17605, ADX=19.4) → capital=70%
2026-05-30 21:27:14 | regime               | INFO    | Regime on 2023-04-28: NEUTRAL (close=18065, SMA50=17508, SMA200=17656, ADX=21.2) → capital=70%
2026-05-30 21:27:30 | regime               | INFO    | Regime on 2023-05-05: NEUTRAL (close=18069, SMA50=17525, SMA200=17695, ADX=26.6) → capital=70%
2026-05-30 21:27:46 | regime               | INFO    | Regime on 2023-05-12: NEUTRAL (close=18315, SMA50=17580, SMA200=17750, ADX=32.8) → capital=70%
2026-05-30 21:28:02 | regime               | INFO    | Regime on 2023-05-19: NEUTRAL (close=18203, SMA50=17665, SMA200=17791, ADX=31.4) → capital=70%
2026-05-30 21:28:18 | regime               | INFO    | Regime on 2023-05-26: NEUTRAL (close=18499, SMA50=17739, SMA200=17823, ADX=29.4) → capital=70%
2026-05-30 21:28:34 | regime               | INFO    | Regime on 2023-06-02: BULL (close=18534, SMA50=17890, SMA200=17851, ADX=29.5) → capital=100%
2026-05-30 21:28:51 | regime               | INFO    | Regime on 2023-06-09: BULL (close=18563, SMA50=18047, SMA200=17871, ADX=29.4) → capital=100%
2026-05-30 21:29:07 | regime               | INFO    | Regime on 2023-06-16: BULL (close=18826, SMA50=18203, SMA200=17899, ADX=31.5) → capital=100%
2026-05-30 21:29:23 | regime               | INFO    | Regime on 2023-06-23: BULL (close=18666, SMA50=18314, SMA200=17930, ADX=31.4) → capital=100%
2026-05-30 21:29:39 | regime               | INFO    | Regime on 2023-06-30: BULL (close=19189, SMA50=18411, SMA200=17954, ADX=31.8) → capital=100%
2026-05-30 21:29:56 | regime               | INFO    | Regime on 2023-07-07: BULL (close=19332, SMA50=18579, SMA200=17990, ADX=39.9) → capital=100%
2026-05-30 21:30:12 | regime               | INFO    | Regime on 2023-07-14: BULL (close=19564, SMA50=18712, SMA200=18035, ADX=43.9) → capital=100%
2026-05-30 21:30:29 | regime               | INFO    | Regime on 2023-07-21: BULL (close=19745, SMA50=18869, SMA200=18105, ADX=50.0) → capital=100%
2026-05-30 21:30:45 | regime               | INFO    | Regime on 2023-07-28: BULL (close=19646, SMA50=19011, SMA200=18167, ADX=47.6) → capital=100%
2026-05-30 21:31:01 | regime               | INFO    | Regime on 2023-08-04: BULL (close=19517, SMA50=19140, SMA200=18229, ADX=38.0) → capital=100%
2026-05-30 21:31:18 | regime               | INFO    | Regime on 2023-08-11: BULL (close=19428, SMA50=19240, SMA200=18281, ADX=27.8) → capital=100%
2026-05-30 21:31:34 | regime               | INFO    | Regime on 2023-08-18: BULL (close=19310, SMA50=19303, SMA200=18314, ADX=27.1) → capital=100%
2026-05-30 21:31:51 | regime               | INFO    | Regime on 2023-08-25: BULL (close=19266, SMA50=19375, SMA200=18346, ADX=23.0) → capital=100%
2026-05-30 21:32:07 | regime               | INFO    | Regime on 2023-09-01: NEUTRAL (close=19435, SMA50=19430, SMA200=18374, ADX=18.3) → capital=70%
2026-05-30 21:32:23 | regime               | INFO    | Regime on 2023-09-08: NEUTRAL (close=19820, SMA50=19517, SMA200=18408, ADX=18.2) → capital=70%
2026-05-30 21:32:40 | regime               | INFO    | Regime on 2023-09-15: BULL (close=20192, SMA50=19588, SMA200=18449, ADX=27.6) → capital=100%
2026-05-30 21:32:56 | regime               | INFO    | Regime on 2023-09-22: BULL (close=19674, SMA50=19627, SMA200=18472, ADX=25.0) → capital=100%
2026-05-30 21:33:13 | regime               | INFO    | Regime on 2023-09-29: BULL (close=19638, SMA50=19626, SMA200=18498, ADX=21.5) → capital=100%
2026-05-30 21:33:29 | regime               | INFO    | Regime on 2023-10-06: BULL (close=19654, SMA50=19607, SMA200=18518, ADX=21.7) → capital=100%
2026-05-30 21:33:46 | regime               | INFO    | Regime on 2023-10-13: NEUTRAL (close=19751, SMA50=19607, SMA200=18554, ADX=17.4) → capital=70%
2026-05-30 21:34:02 | regime               | INFO    | Regime on 2023-10-20: NEUTRAL (close=19543, SMA50=19623, SMA200=18594, ADX=16.0) → capital=70%
2026-05-30 21:34:19 | regime               | INFO    | Regime on 2023-10-27: BULL (close=19047, SMA50=19588, SMA200=18613, ADX=24.0) → capital=100%
2026-05-30 21:35:18 | regime               | WARNING | Insufficient data for regime detection on 2012-01-06
2026-05-30 22:14:16 | regime               | WARNING | Insufficient data for regime detection on 2012-01-03
2026-05-30 23:20:31 | regime               | WARNING | Insufficient data for regime detection on 2012-01-03
2026-05-30 23:53:33 | regime               | WARNING | Insufficient data for regime detection on 2012-01-03
2026-05-31 00:27:38 | regime               | WARNING | Insufficient data for regime detection on 2012-01-03
2026-05-31 17:06:49 | regime               | WARNING | Insufficient data for regime detection on 2012-01-03
